<html>
<body>
<pre>
<h1>µVision Build Log</h1>
<h2>Tool Versions:</h2>
IDE-Version: µVision V5.31.0.0
Copyright (C) 2020 ARM Ltd and ARM Germany GmbH. All rights reserved.
License Information: Michael Gostev, ITMO University, LIC=----
 
Tool Versions:
Toolchain:       MDK-Lite  Version: 5.31.0.0
Toolchain Path:  C:\Keil_v5\ARM\ARMCC\Bin
C Compiler:      Armcc.exe V5.06 update 6 (build 750)
Assembler:       Armasm.exe V5.06 update 6 (build 750)
Linker/Locator:  ArmLink.exe V5.06 update 6 (build 750)
Library Manager: ArmAr.exe V5.06 update 6 (build 750)
Hex Converter:   FromElf.exe V5.06 update 6 (build 750)
CPU DLL:         SARMCM3.DLL V5.31.0.0
Dialog DLL:      DCM.DLL V1.17.3.0
Target DLL:      STLink\ST-LINKIII-KEIL_SWO.dll V3.0.7.0
Dialog DLL:      TCM.DLL V1.46.0.0
 
<h2>Project:</h2>
E:\Äîêóìåíòû\GitHub\SMKB_UKOS\STM32CubeExpansion_SPN7_V1.1.0 - Ðàáî÷àÿ ïëàòà\STM32CubeExpansion_SPN7_V1.1.0\Projects\Multi\Examples\MotorControl\MDK-ARM\STM32F302R8-Nucleo\STM32F302R8-Nucleo.uvprojx
Project File Date:  11/22/2020

<h2>Output:</h2>
*** Using Compiler 'V5.06 update 6 (build 750)', folder: 'C:\Keil_v5\ARM\ARMCC\Bin'
Build target 'STM32F302R8-Nucleo'
assembling startup_stm32f302x8.s...
compiling l6230.c...
compiling X-NUCLEO-IHM07M1.c...
compiling stm32f3xx_it.c...
compiling UART_UI.c...
compiling main_F302.c...
compiling stm32F302_nucleo_ihm07m1.c...
compiling stm32f3xx_nucleo.c...
compiling system_stm32f3xx.c...
compiling stm32f3xx_hal_msp.c...
compiling stm32f3xx_hal.c...
compiling stm32f3xx_hal_adc.c...
compiling 6Step_Lib.c...
compiling stm32f3xx_hal_cortex.c...
compiling stm32f3xx_hal_uart_ex.c...
compiling stm32f3xx_hal_dac.c...
compiling stm32f3xx_hal_dac_ex.c...
compiling stm32f3xx_hal_gpio.c...
compiling stm32f3xx_hal_rcc_ex.c...
compiling stm32f3xx_hal_rcc.c...
compiling stm32f3xx_hal_tim_ex.c...
compiling stm32f3xx_hal_uart.c...
compiling stm32f3xx_hal_adc_ex.c...
compiling stm32f3xx_hal_tim.c...
compiling stm32f3xx_hal_usart.c...
compiling stm32f3xx_hal_dma.c...
linking...
Program Size: Code=17742 RO-data=482 RW-data=160 ZI-data=2416  
"STM32F302R8-Nucleo Configuration\STM32F302R8-Nucleo Configuration.axf" - 0 Error(s), 0 Warning(s).

<h2>Software Packages used:</h2>

Package Vendor: Keil
                http://www.keil.com/pack/Keil.STM32F3xx_DFP.2.1.0.pack
                Keil.STM32F3xx_DFP.2.1.0
                STMicroelectronics STM32F3 Series Device Support and Examples

<h2>Collection of Component include folders:</h2>
  C:\Users\prizr\AppData\Local\Arm\Packs\Keil\STM32F3xx_DFP\2.1.0\Drivers\CMSIS\Device\ST\STM32F3xx\Include

<h2>Collection of Component Files used:</h2>
Build Time Elapsed:  00:00:08
</pre>
</body>
</html>
