Component: ARM Compiler 5.06 update 6 (build 750) Tool: armlink [4d35ed]

==============================================================================

Section Cross References

    startup_stm32f302x8.o(RESET) refers to startup_stm32f302x8.o(STACK) for __initial_sp
    startup_stm32f302x8.o(RESET) refers to startup_stm32f302x8.o(.text) for Reset_Handler
    startup_stm32f302x8.o(RESET) refers to stm32f3xx_it.o(i.NMI_Handler) for NMI_Handler
    startup_stm32f302x8.o(RESET) refers to stm32f3xx_it.o(i.HardFault_Handler) for HardFault_Handler
    startup_stm32f302x8.o(RESET) refers to stm32f3xx_it.o(i.MemManage_Handler) for MemManage_Handler
    startup_stm32f302x8.o(RESET) refers to stm32f3xx_it.o(i.BusFault_Handler) for BusFault_Handler
    startup_stm32f302x8.o(RESET) refers to stm32f3xx_it.o(i.UsageFault_Handler) for UsageFault_Handler
    startup_stm32f302x8.o(RESET) refers to stm32f3xx_it.o(i.SVC_Handler) for SVC_Handler
    startup_stm32f302x8.o(RESET) refers to stm32f3xx_it.o(i.DebugMon_Handler) for DebugMon_Handler
    startup_stm32f302x8.o(RESET) refers to stm32f3xx_it.o(i.PendSV_Handler) for PendSV_Handler
    startup_stm32f302x8.o(RESET) refers to stm32f3xx_it.o(i.SysTick_Handler) for SysTick_Handler
    startup_stm32f302x8.o(.text) refers to system_stm32f3xx.o(i.SystemInit) for SystemInit
    startup_stm32f302x8.o(.text) refers to entry.o(.ARM.Collect$$$$00000000) for __main
    main.o(i.MX_GPIO_Init) refers to memseta.o(.text) for __aeabi_memclr4
    main.o(i.MX_GPIO_Init) refers to stm32f3xx_hal_gpio.o(i.HAL_GPIO_WritePin) for HAL_GPIO_WritePin
    main.o(i.MX_GPIO_Init) refers to stm32f3xx_hal_gpio.o(i.HAL_GPIO_Init) for HAL_GPIO_Init
    main.o(i.MX_USART2_UART_Init) refers to stm32f3xx_hal_uart.o(i.HAL_UART_Init) for HAL_UART_Init
    main.o(i.MX_USART2_UART_Init) refers to main.o(.bss) for .bss
    main.o(i.SystemClock_Config) refers to memseta.o(.text) for __aeabi_memclr4
    main.o(i.SystemClock_Config) refers to stm32f3xx_hal_rcc.o(i.HAL_RCC_OscConfig) for HAL_RCC_OscConfig
    main.o(i.SystemClock_Config) refers to stm32f3xx_hal_rcc.o(i.HAL_RCC_ClockConfig) for HAL_RCC_ClockConfig
    main.o(i.main) refers to stm32f3xx_hal.o(i.HAL_Init) for HAL_Init
    main.o(i.main) refers to main.o(i.DWT_Delay_Init) for DWT_Delay_Init
    main.o(i.main) refers to main.o(i.SystemClock_Config) for SystemClock_Config
    main.o(i.main) refers to main.o(i.MX_GPIO_Init) for MX_GPIO_Init
    main.o(i.main) refers to main.o(i.MX_USART2_UART_Init) for MX_USART2_UART_Init
    main.o(i.main) refers to stm32f3xx_hal_gpio.o(i.HAL_GPIO_WritePin) for HAL_GPIO_WritePin
    main.o(i.main) refers to stm32f3xx_hal.o(i.HAL_Delay) for HAL_Delay
    main.o(i.main) refers to stm32f3xx_hal_rcc.o(i.HAL_RCC_GetHCLKFreq) for HAL_RCC_GetHCLKFreq
    stm32f3xx_it.o(i.SysTick_Handler) refers to stm32f3xx_hal.o(i.HAL_IncTick) for HAL_IncTick
    stm32f3xx_hal_msp.o(i.HAL_MspInit) refers to stm32f3xx_hal_cortex.o(i.HAL_NVIC_SetPriorityGrouping) for HAL_NVIC_SetPriorityGrouping
    stm32f3xx_hal_msp.o(i.HAL_UART_MspDeInit) refers to stm32f3xx_hal_gpio.o(i.HAL_GPIO_DeInit) for HAL_GPIO_DeInit
    stm32f3xx_hal_msp.o(i.HAL_UART_MspInit) refers to memseta.o(.text) for __aeabi_memclr4
    stm32f3xx_hal_msp.o(i.HAL_UART_MspInit) refers to stm32f3xx_hal_gpio.o(i.HAL_GPIO_Init) for HAL_GPIO_Init
    stm32f3xx_hal_uart.o(i.HAL_HalfDuplex_Init) refers to stm32f3xx_hal_msp.o(i.HAL_UART_MspInit) for HAL_UART_MspInit
    stm32f3xx_hal_uart.o(i.HAL_HalfDuplex_Init) refers to stm32f3xx_hal_uart.o(i.UART_SetConfig) for UART_SetConfig
    stm32f3xx_hal_uart.o(i.HAL_HalfDuplex_Init) refers to stm32f3xx_hal_uart.o(i.UART_AdvFeatureConfig) for UART_AdvFeatureConfig
    stm32f3xx_hal_uart.o(i.HAL_HalfDuplex_Init) refers to stm32f3xx_hal_uart.o(i.UART_CheckIdleState) for UART_CheckIdleState
    stm32f3xx_hal_uart.o(i.HAL_LIN_Init) refers to stm32f3xx_hal_msp.o(i.HAL_UART_MspInit) for HAL_UART_MspInit
    stm32f3xx_hal_uart.o(i.HAL_LIN_Init) refers to stm32f3xx_hal_uart.o(i.UART_SetConfig) for UART_SetConfig
    stm32f3xx_hal_uart.o(i.HAL_LIN_Init) refers to stm32f3xx_hal_uart.o(i.UART_AdvFeatureConfig) for UART_AdvFeatureConfig
    stm32f3xx_hal_uart.o(i.HAL_LIN_Init) refers to stm32f3xx_hal_uart.o(i.UART_CheckIdleState) for UART_CheckIdleState
    stm32f3xx_hal_uart.o(i.HAL_MultiProcessor_DisableMuteMode) refers to stm32f3xx_hal_uart.o(i.UART_CheckIdleState) for UART_CheckIdleState
    stm32f3xx_hal_uart.o(i.HAL_MultiProcessor_EnableMuteMode) refers to stm32f3xx_hal_uart.o(i.UART_CheckIdleState) for UART_CheckIdleState
    stm32f3xx_hal_uart.o(i.HAL_MultiProcessor_Init) refers to stm32f3xx_hal_msp.o(i.HAL_UART_MspInit) for HAL_UART_MspInit
    stm32f3xx_hal_uart.o(i.HAL_MultiProcessor_Init) refers to stm32f3xx_hal_uart.o(i.UART_SetConfig) for UART_SetConfig
    stm32f3xx_hal_uart.o(i.HAL_MultiProcessor_Init) refers to stm32f3xx_hal_uart.o(i.UART_AdvFeatureConfig) for UART_AdvFeatureConfig
[...]
    stm32f3xx_hal_i2c.o(i.HAL_I2C_Master_Receive) refers to stm32f3xx_hal.o(i.HAL_GetTick) for HAL_GetTick
    stm32f3xx_hal_i2c.o(i.HAL_I2C_Master_Receive) refers to stm32f3xx_hal_i2c.o(i.I2C_WaitOnFlagUntilTimeout) for I2C_WaitOnFlagUntilTimeout
    stm32f3xx_hal_i2c.o(i.HAL_I2C_Master_Receive) refers to stm32f3xx_hal_i2c.o(i.I2C_TransferConfig) for I2C_TransferConfig
    stm32f3xx_hal_i2c.o(i.HAL_I2C_Master_Receive) refers to stm32f3xx_hal_i2c.o(i.I2C_WaitOnRXNEFlagUntilTimeout) for I2C_WaitOnRXNEFlagUntilTimeout
    stm32f3xx_hal_i2c.o(i.HAL_I2C_Master_Receive) refers to stm32f3xx_hal_i2c.o(i.I2C_WaitOnSTOPFlagUntilTimeout) for I2C_WaitOnSTOPFlagUntilTimeout
    stm32f3xx_hal_i2c.o(i.HAL_I2C_Master_Receive_DMA) refers to stm32f3xx_hal_dma.o(i.HAL_DMA_Start_IT) for HAL_DMA_Start_IT
    stm32f3xx_hal_i2c.o(i.HAL_I2C_Master_Receive_DMA) refers to stm32f3xx_hal_i2c.o(i.I2C_TransferConfig) for I2C_TransferConfig
    stm32f3xx_hal_i2c.o(i.HAL_I2C_Master_Receive_DMA) refers to stm32f3xx_hal_i2c.o(i.I2C_Enable_IRQ) for I2C_Enable_IRQ
    stm32f3xx_hal_i2c.o(i.HAL_I2C_Master_Receive_DMA) refers to stm32f3xx_hal_i2c.o(i.I2C_Master_ISR_DMA) for I2C_Master_ISR_DMA
    stm32f3xx_hal_i2c.o(i.HAL_I2C_Master_Receive_DMA) refers to stm32f3xx_hal_i2c.o(i.I2C_DMAMasterReceiveCplt) for I2C_DMAMasterReceiveCplt
    stm32f3xx_hal_i2c.o(i.HAL_I2C_Master_Receive_DMA) refers to stm32f3xx_hal_i2c.o(i.I2C_DMAError) for I2C_DMAError
    stm32f3xx_hal_i2c.o(i.HAL_I2C_Master_Receive_DMA) refers to stm32f3xx_hal_i2c.o(i.I2C_Master_ISR_IT) for I2C_Master_ISR_IT
    stm32f3xx_hal_i2c.o(i.HAL_I2C_Master_Receive_IT) refers to stm32f3xx_hal_i2c.o(i.I2C_TransferConfig) for I2C_TransferConfig
    stm32f3xx_hal_i2c.o(i.HAL_I2C_Master_Receive_IT) refers to stm32f3xx_hal_i2c.o(i.I2C_Enable_IRQ) for I2C_Enable_IRQ
    stm32f3xx_hal_i2c.o(i.HAL_I2C_Master_Receive_IT) refers to stm32f3xx_hal_i2c.o(i.I2C_Master_ISR_IT) for I2C_Master_ISR_IT
    stm32f3xx_hal_i2c.o(i.HAL_I2C_Master_Seq_Receive_DMA) refers to stm32f3xx_hal_i2c.o(i.I2C_ConvertOtherXferOptions) for I2C_ConvertOtherXferOptions
    stm32f3xx_hal_i2c.o(i.HAL_I2C_Master_Seq_Receive_DMA) refers to stm32f3xx_hal_dma.o(i.HAL_DMA_Start_IT) for HAL_DMA_Start_IT
    stm32f3xx_hal_i2c.o(i.HAL_I2C_Master_Seq_Receive_DMA) refers to stm32f3xx_hal_i2c.o(i.I2C_TransferConfig) for I2C_TransferConfig
    stm32f3xx_hal_i2c.o(i.HAL_I2C_Master_Seq_Receive_DMA) refers to stm32f3xx_hal_i2c.o(i.I2C_Enable_IRQ) for I2C_Enable_IRQ
    stm32f3xx_hal_i2c.o(i.HAL_I2C_Master_Seq_Receive_DMA) refers to stm32f3xx_hal_i2c.o(i.I2C_Master_ISR_DMA) for I2C_Master_ISR_DMA
    stm32f3xx_hal_i2c.o(i.HAL_I2C_Master_Seq_Receive_DMA) refers to stm32f3xx_hal_i2c.o(i.I2C_DMAMasterReceiveCplt) for I2C_DMAMasterReceiveCplt
    stm32f3xx_hal_i2c.o(i.HAL_I2C_Master_Seq_Receive_DMA) refers to stm32f3xx_hal_i2c.o(i.I2C_DMAError) for I2C_DMAError
    stm32f3xx_hal_i2c.o(i.HAL_I2C_Master_Seq_Receive_DMA) refers to stm32f3xx_hal_i2c.o(i.I2C_Master_ISR_IT) for I2C_Master_ISR_IT
    stm32f3xx_hal_i2c.o(i.HAL_I2C_Master_Seq_Receive_IT) refers to stm32f3xx_hal_i2c.o(i.I2C_ConvertOtherXferOptions) for I2C_ConvertOtherXferOptions
    stm32f3xx_hal_i2c.o(i.HAL_I2C_Master_Seq_Receive_IT) refers to stm32f3xx_hal_i2c.o(i.I2C_TransferConfig) for I2C_TransferConfig
    stm32f3xx_hal_i2c.o(i.HAL_I2C_Master_Seq_Receive_IT) refers to stm32f3xx_hal_i2c.o(i.I2C_Enable_IRQ) for I2C_Enable_IRQ
    stm32f3xx_hal_i2c.o(i.HAL_I2C_Master_Seq_Receive_IT) refers to stm32f3xx_hal_i2c.o(i.I2C_Master_ISR_IT) for I2C_Master_ISR_IT
    stm32f3xx_hal_i2c.o(i.HAL_I2C_Master_Seq_Transmit_DMA) refers to stm32f3xx_hal_i2c.o(i.I2C_ConvertOtherXferOptions) for I2C_ConvertOtherXferOptions
    stm32f3xx_hal_i2c.o(i.HAL_I2C_Master_Seq_Transmit_DMA) refers to stm32f3xx_hal_dma.o(i.HAL_DMA_Start_IT) for HAL_DMA_Start_IT
    stm32f3xx_hal_i2c.o(i.HAL_I2C_Master_Seq_Transmit_DMA) refers to stm32f3xx_hal_i2c.o(i.I2C_TransferConfig) for I2C_TransferConfig
    stm32f3xx_hal_i2c.o(i.HAL_I2C_Master_Seq_Transmit_DMA) refers to stm32f3xx_hal_i2c.o(i.I2C_Enable_IRQ) for I2C_Enable_IRQ
    stm32f3xx_hal_i2c.o(i.HAL_I2C_Master_Seq_Transmit_DMA) refers to stm32f3xx_hal_i2c.o(i.I2C_Master_ISR_DMA) for I2C_Master_ISR_DMA
    stm32f3xx_hal_i2c.o(i.HAL_I2C_Master_Seq_Transmit_DMA) refers to stm32f3xx_hal_i2c.o(i.I2C_DMAMasterTransmitCplt) for I2C_DMAMasterTransmitCplt
    stm32f3xx_hal_i2c.o(i.HAL_I2C_Master_Seq_Transmit_DMA) refers to stm32f3xx_hal_i2c.o(i.I2C_DMAError) for I2C_DMAError
    stm32f3xx_hal_i2c.o(i.HAL_I2C_Master_Seq_Transmit_DMA) refers to stm32f3xx_hal_i2c.o(i.I2C_Master_ISR_IT) for I2C_Master_ISR_IT
    stm32f3xx_hal_i2c.o(i.HAL_I2C_Master_Seq_Transmit_IT) refers to stm32f3xx_hal_i2c.o(i.I2C_ConvertOtherXferOptions) for I2C_ConvertOtherXferOptions
    stm32f3xx_hal_i2c.o(i.HAL_I2C_Master_Seq_Transmit_IT) refers to stm32f3xx_hal_i2c.o(i.I2C_TransferConfig) for I2C_TransferConfig
    stm32f3xx_hal_i2c.o(i.HAL_I2C_Master_Seq_Transmit_IT) refers to stm32f3xx_hal_i2c.o(i.I2C_Enable_IRQ) for I2C_Enable_IRQ
    stm32f3xx_hal_i2c.o(i.HAL_I2C_Master_Seq_Transmit_IT) refers to stm32f3xx_hal_i2c.o(i.I2C_Master_ISR_IT) for I2C_Master_ISR_IT
    stm32f3xx_hal_i2c.o(i.HAL_I2C_Master_Transmit) refers to stm32f3xx_hal.o(i.HAL_GetTick) for HAL_GetTick
    stm32f3xx_hal_i2c.o(i.HAL_I2C_Master_Transmit) refers to stm32f3xx_hal_i2c.o(i.I2C_WaitOnFlagUntilTimeout) for I2C_WaitOnFlagUntilTimeout
    stm32f3xx_hal_i2c.o(i.HAL_I2C_Master_Transmit) refers to stm32f3xx_hal_i2c.o(i.I2C_TransferConfig) for I2C_TransferConfig
    stm32f3xx_hal_i2c.o(i.HAL_I2C_Master_Transmit) refers to stm32f3xx_hal_i2c.o(i.I2C_WaitOnTXISFlagUntilTimeout) for I2C_WaitOnTXISFlagUntilTimeout
    stm32f3xx_hal_i2c.o(i.HAL_I2C_Master_Transmit) refers to stm32f3xx_hal_i2c.o(i.I2C_WaitOnSTOPFlagUntilTimeout) for I2C_WaitOnSTOPFlagUntilTimeout
    stm32f3xx_hal_i2c.o(i.HAL_I2C_Master_Transmit_DMA) refers to stm32f3xx_hal_dma.o(i.HAL_DMA_Start_IT) for HAL_DMA_Start_IT
    stm32f3xx_hal_i2c.o(i.HAL_I2C_Master_Transmit_DMA) refers to stm32f3xx_hal_i2c.o(i.I2C_TransferConfig) for I2C_TransferConfig
    stm32f3xx_hal_i2c.o(i.HAL_I2C_Master_Transmit_DMA) refers to stm32f3xx_hal_i2c.o(i.I2C_Enable_IRQ) for I2C_Enable_IRQ
    stm32f3xx_hal_i2c.o(i.HAL_I2C_Master_Transmit_DMA) refers to stm32f3xx_hal_i2c.o(i.I2C_Master_ISR_DMA) for I2C_Master_ISR_DMA
    stm32f3xx_hal_i2c.o(i.HAL_I2C_Master_Transmit_DMA) refers to stm32f3xx_hal_i2c.o(i.I2C_DMAMasterTransmitCplt) for I2C_DMAMasterTransmitCplt
    stm32f3xx_hal_i2c.o(i.HAL_I2C_Master_Transmit_DMA) refers to stm32f3xx_hal_i2c.o(i.I2C_DMAError) for I2C_DMAError
    stm32f3xx_hal_i2c.o(i.HAL_I2C_Master_Transmit_DMA) refers to stm32f3xx_hal_i2c.o(i.I2C_Master_ISR_IT) for I2C_Master_ISR_IT
    stm32f3xx_hal_i2c.o(i.HAL_I2C_Master_Transmit_IT) refers to stm32f3xx_hal_i2c.o(i.I2C_TransferConfig) for I2C_TransferConfig
    stm32f3xx_hal_i2c.o(i.HAL_I2C_Master_Transmit_IT) refers to stm32f3xx_hal_i2c.o(i.I2C_Enable_IRQ) for I2C_Enable_IRQ
    stm32f3xx_hal_i2c.o(i.HAL_I2C_Master_Transmit_IT) refers to stm32f3xx_hal_i2c.o(i.I2C_Master_ISR_IT) for I2C_Master_ISR_IT
    stm32f3xx_hal_i2c.o(i.HAL_I2C_Mem_Read) refers to stm32f3xx_hal.o(i.HAL_GetTick) for HAL_GetTick
    stm32f3xx_hal_i2c.o(i.HAL_I2C_Mem_Read) refers to stm32f3xx_hal_i2c.o(i.I2C_WaitOnFlagUntilTimeout) for I2C_WaitOnFlagUntilTimeout
    stm32f3xx_hal_i2c.o(i.HAL_I2C_Mem_Read) refers to stm32f3xx_hal_i2c.o(i.I2C_RequestMemoryRead) for I2C_RequestMemoryRead
    stm32f3xx_hal_i2c.o(i.HAL_I2C_Mem_Read) refers to stm32f3xx_hal_i2c.o(i.I2C_TransferConfig) for I2C_TransferConfig
    stm32f3xx_hal_i2c.o(i.HAL_I2C_Mem_Read) refers to stm32f3xx_hal_i2c.o(i.I2C_WaitOnSTOPFlagUntilTimeout) for I2C_WaitOnSTOPFlagUntilTimeout
    stm32f3xx_hal_i2c.o(i.HAL_I2C_Mem_Read_DMA) refers to stm32f3xx_hal.o(i.HAL_GetTick) for HAL_GetTick
    stm32f3xx_hal_i2c.o(i.HAL_I2C_Mem_Read_DMA) refers to stm32f3xx_hal_i2c.o(i.I2C_RequestMemoryRead) for I2C_RequestMemoryRead
    stm32f3xx_hal_i2c.o(i.HAL_I2C_Mem_Read_DMA) refers to stm32f3xx_hal_dma.o(i.HAL_DMA_Start_IT) for HAL_DMA_Start_IT
    stm32f3xx_hal_i2c.o(i.HAL_I2C_Mem_Read_DMA) refers to stm32f3xx_hal_i2c.o(i.I2C_TransferConfig) for I2C_TransferConfig
    stm32f3xx_hal_i2c.o(i.HAL_I2C_Mem_Read_DMA) refers to stm32f3xx_hal_i2c.o(i.I2C_Enable_IRQ) for I2C_Enable_IRQ
    stm32f3xx_hal_i2c.o(i.HAL_I2C_Mem_Read_DMA) refers to stm32f3xx_hal_i2c.o(i.I2C_Master_ISR_DMA) for I2C_Master_ISR_DMA
    stm32f3xx_hal_i2c.o(i.HAL_I2C_Mem_Read_DMA) refers to stm32f3xx_hal_i2c.o(i.I2C_DMAMasterReceiveCplt) for I2C_DMAMasterReceiveCplt
    stm32f3xx_hal_i2c.o(i.HAL_I2C_Mem_Read_DMA) refers to stm32f3xx_hal_i2c.o(i.I2C_DMAError) for I2C_DMAError
    stm32f3xx_hal_i2c.o(i.HAL_I2C_Mem_Read_IT) refers to stm32f3xx_hal.o(i.HAL_GetTick) for HAL_GetTick
    stm32f3xx_hal_i2c.o(i.HAL_I2C_Mem_Read_IT) refers to stm32f3xx_hal_i2c.o(i.I2C_RequestMemoryRead) for I2C_RequestMemoryRead
    stm32f3xx_hal_i2c.o(i.HAL_I2C_Mem_Read_IT) refers to stm32f3xx_hal_i2c.o(i.I2C_TransferConfig) for I2C_TransferConfig
    stm32f3xx_hal_i2c.o(i.HAL_I2C_Mem_Read_IT) refers to stm32f3xx_hal_i2c.o(i.I2C_Enable_IRQ) for I2C_Enable_IRQ
    stm32f3xx_hal_i2c.o(i.HAL_I2C_Mem_Read_IT) refers to stm32f3xx_hal_i2c.o(i.I2C_Master_ISR_IT) for I2C_Master_ISR_IT
    stm32f3xx_hal_i2c.o(i.HAL_I2C_Mem_Write) refers to stm32f3xx_hal.o(i.HAL_GetTick) for HAL_GetTick
    stm32f3xx_hal_i2c.o(i.HAL_I2C_Mem_Write) refers to stm32f3xx_hal_i2c.o(i.I2C_WaitOnFlagUntilTimeout) for I2C_WaitOnFlagUntilTimeout
    stm32f3xx_hal_i2c.o(i.HAL_I2C_Mem_Write) refers to stm32f3xx_hal_i2c.o(i.I2C_RequestMemoryWrite) for I2C_RequestMemoryWrite
    stm32f3xx_hal_i2c.o(i.HAL_I2C_Mem_Write) refers to stm32f3xx_hal_i2c.o(i.I2C_TransferConfig) for I2C_TransferConfig
    stm32f3xx_hal_i2c.o(i.HAL_I2C_Mem_Write) refers to stm32f3xx_hal_i2c.o(i.I2C_WaitOnTXISFlagUntilTimeout) for I2C_WaitOnTXISFlagUntilTimeout
    stm32f3xx_hal_i2c.o(i.HAL_I2C_Mem_Write) refers to stm32f3xx_hal_i2c.o(i.I2C_WaitOnSTOPFlagUntilTimeout) for I2C_WaitOnSTOPFlagUntilTimeout
    stm32f3xx_hal_i2c.o(i.HAL_I2C_Mem_Write_DMA) refers to stm32f3xx_hal.o(i.HAL_GetTick) for HAL_GetTick
    stm32f3xx_hal_i2c.o(i.HAL_I2C_Mem_Write_DMA) refers to stm32f3xx_hal_i2c.o(i.I2C_RequestMemoryWrite) for I2C_RequestMemoryWrite
    stm32f3xx_hal_i2c.o(i.HAL_I2C_Mem_Write_DMA) refers to stm32f3xx_hal_dma.o(i.HAL_DMA_Start_IT) for HAL_DMA_Start_IT
    stm32f3xx_hal_i2c.o(i.HAL_I2C_Mem_Write_DMA) refers to stm32f3xx_hal_i2c.o(i.I2C_TransferConfig) for I2C_TransferConfig
    stm32f3xx_hal_i2c.o(i.HAL_I2C_Mem_Write_DMA) refers to stm32f3xx_hal_i2c.o(i.I2C_Enable_IRQ) for I2C_Enable_IRQ
    stm32f3xx_hal_i2c.o(i.HAL_I2C_Mem_Write_DMA) refers to stm32f3xx_hal_i2c.o(i.I2C_Master_ISR_DMA) for I2C_Master_ISR_DMA
    stm32f3xx_hal_i2c.o(i.HAL_I2C_Mem_Write_DMA) refers to stm32f3xx_hal_i2c.o(i.I2C_DMAMasterTransmitCplt) for I2C_DMAMasterTransmitCplt
    stm32f3xx_hal_i2c.o(i.HAL_I2C_Mem_Write_DMA) refers to stm32f3xx_hal_i2c.o(i.I2C_DMAError) for I2C_DMAError
    stm32f3xx_hal_i2c.o(i.HAL_I2C_Mem_Write_IT) refers to stm32f3xx_hal.o(i.HAL_GetTick) for HAL_GetTick
    stm32f3xx_hal_i2c.o(i.HAL_I2C_Mem_Write_IT) refers to stm32f3xx_hal_i2c.o(i.I2C_RequestMemoryWrite) for I2C_RequestMemoryWrite
    stm32f3xx_hal_i2c.o(i.HAL_I2C_Mem_Write_IT) refers to stm32f3xx_hal_i2c.o(i.I2C_TransferConfig) for I2C_TransferConfig
    stm32f3xx_hal_i2c.o(i.HAL_I2C_Mem_Write_IT) refers to stm32f3xx_hal_i2c.o(i.I2C_Enable_IRQ) for I2C_Enable_IRQ
    stm32f3xx_hal_i2c.o(i.HAL_I2C_Mem_Write_IT) refers to stm32f3xx_hal_i2c.o(i.I2C_Master_ISR_IT) for I2C_Master_ISR_IT
    stm32f3xx_hal_i2c.o(i.HAL_I2C_Slave_Receive) refers to stm32f3xx_hal.o(i.HAL_GetTick) for HAL_GetTick
    stm32f3xx_hal_i2c.o(i.HAL_I2C_Slave_Receive) refers to stm32f3xx_hal_i2c.o(i.I2C_WaitOnFlagUntilTimeout) for I2C_WaitOnFlagUntilTimeout
    stm32f3xx_hal_i2c.o(i.HAL_I2C_Slave_Receive) refers to stm32f3xx_hal_i2c.o(i.I2C_WaitOnRXNEFlagUntilTimeout) for I2C_WaitOnRXNEFlagUntilTimeout
    stm32f3xx_hal_i2c.o(i.HAL_I2C_Slave_Receive) refers to stm32f3xx_hal_i2c.o(i.I2C_WaitOnSTOPFlagUntilTimeout) for I2C_WaitOnSTOPFlagUntilTimeout
    stm32f3xx_hal_i2c.o(i.HAL_I2C_Slave_Receive_DMA) refers to stm32f3xx_hal_dma.o(i.HAL_DMA_Start_IT) for HAL_DMA_Start_IT
    stm32f3xx_hal_i2c.o(i.HAL_I2C_Slave_Receive_DMA) refers to stm32f3xx_hal_i2c.o(i.I2C_Enable_IRQ) for I2C_Enable_IRQ
    stm32f3xx_hal_i2c.o(i.HAL_I2C_Slave_Receive_DMA) refers to stm32f3xx_hal_i2c.o(i.I2C_Slave_ISR_DMA) for I2C_Slave_ISR_DMA
    stm32f3xx_hal_i2c.o(i.HAL_I2C_Slave_Receive_DMA) refers to stm32f3xx_hal_i2c.o(i.I2C_DMASlaveReceiveCplt) for I2C_DMASlaveReceiveCplt
    stm32f3xx_hal_i2c.o(i.HAL_I2C_Slave_Receive_DMA) refers to stm32f3xx_hal_i2c.o(i.I2C_DMAError) for I2C_DMAError
    stm32f3xx_hal_i2c.o(i.HAL_I2C_Slave_Receive_IT) refers to stm32f3xx_hal_i2c.o(i.I2C_Enable_IRQ) for I2C_Enable_IRQ
    stm32f3xx_hal_i2c.o(i.HAL_I2C_Slave_Receive_IT) refers to stm32f3xx_hal_i2c.o(i.I2C_Slave_ISR_IT) for I2C_Slave_ISR_IT
    stm32f3xx_hal_i2c.o(i.HAL_I2C_Slave_Seq_Receive_DMA) refers to stm32f3xx_hal_i2c.o(i.I2C_Disable_IRQ) for I2C_Disable_IRQ
    stm32f3xx_hal_i2c.o(i.HAL_I2C_Slave_Seq_Receive_DMA) refers to stm32f3xx_hal_dma.o(i.HAL_DMA_Abort_IT) for HAL_DMA_Abort_IT
    stm32f3xx_hal_i2c.o(i.HAL_I2C_Slave_Seq_Receive_DMA) refers to stm32f3xx_hal_dma.o(i.HAL_DMA_Start_IT) for HAL_DMA_Start_IT
    stm32f3xx_hal_i2c.o(i.HAL_I2C_Slave_Seq_Receive_DMA) refers to stm32f3xx_hal_i2c.o(i.I2C_Enable_IRQ) for I2C_Enable_IRQ
    stm32f3xx_hal_i2c.o(i.HAL_I2C_Slave_Seq_Receive_DMA) refers to stm32f3xx_hal_i2c.o(i.I2C_DMAAbort) for I2C_DMAAbort
    stm32f3xx_hal_i2c.o(i.HAL_I2C_Slave_Seq_Receive_DMA) refers to stm32f3xx_hal_i2c.o(i.I2C_Slave_ISR_DMA) for I2C_Slave_ISR_DMA
    stm32f3xx_hal_i2c.o(i.HAL_I2C_Slave_Seq_Receive_DMA) refers to stm32f3xx_hal_i2c.o(i.I2C_DMASlaveReceiveCplt) for I2C_DMASlaveReceiveCplt
    stm32f3xx_hal_i2c.o(i.HAL_I2C_Slave_Seq_Receive_DMA) refers to stm32f3xx_hal_i2c.o(i.I2C_DMAError) for I2C_DMAError
    stm32f3xx_hal_i2c.o(i.HAL_I2C_Slave_Seq_Receive_IT) refers to stm32f3xx_hal_i2c.o(i.I2C_Disable_IRQ) for I2C_Disable_IRQ
    stm32f3xx_hal_i2c.o(i.HAL_I2C_Slave_Seq_Receive_IT) refers to stm32f3xx_hal_dma.o(i.HAL_DMA_Abort_IT) for HAL_DMA_Abort_IT
    stm32f3xx_hal_i2c.o(i.HAL_I2C_Slave_Seq_Receive_IT) refers to stm32f3xx_hal_i2c.o(i.I2C_Enable_IRQ) for I2C_Enable_IRQ
    stm32f3xx_hal_i2c.o(i.HAL_I2C_Slave_Seq_Receive_IT) refers to stm32f3xx_hal_i2c.o(i.I2C_DMAAbort) for I2C_DMAAbort
    stm32f3xx_hal_i2c.o(i.HAL_I2C_Slave_Seq_Receive_IT) refers to stm32f3xx_hal_i2c.o(i.I2C_Slave_ISR_IT) for I2C_Slave_ISR_IT
    stm32f3xx_hal_i2c.o(i.HAL_I2C_Slave_Seq_Transmit_DMA) refers to stm32f3xx_hal_i2c.o(i.I2C_Disable_IRQ) for I2C_Disable_IRQ
    stm32f3xx_hal_i2c.o(i.HAL_I2C_Slave_Seq_Transmit_DMA) refers to stm32f3xx_hal_dma.o(i.HAL_DMA_Abort_IT) for HAL_DMA_Abort_IT
    stm32f3xx_hal_i2c.o(i.HAL_I2C_Slave_Seq_Transmit_DMA) refers to stm32f3xx_hal_dma.o(i.HAL_DMA_Start_IT) for HAL_DMA_Start_IT
    stm32f3xx_hal_i2c.o(i.HAL_I2C_Slave_Seq_Transmit_DMA) refers to stm32f3xx_hal_i2c.o(i.I2C_Enable_IRQ) for I2C_Enable_IRQ
    stm32f3xx_hal_i2c.o(i.HAL_I2C_Slave_Seq_Transmit_DMA) refers to stm32f3xx_hal_i2c.o(i.I2C_DMAAbort) for I2C_DMAAbort
    stm32f3xx_hal_i2c.o(i.HAL_I2C_Slave_Seq_Transmit_DMA) refers to stm32f3xx_hal_i2c.o(i.I2C_Slave_ISR_DMA) for I2C_Slave_ISR_DMA
    stm32f3xx_hal_i2c.o(i.HAL_I2C_Slave_Seq_Transmit_DMA) refers to stm32f3xx_hal_i2c.o(i.I2C_DMASlaveTransmitCplt) for I2C_DMASlaveTransmitCplt
    stm32f3xx_hal_i2c.o(i.HAL_I2C_Slave_Seq_Transmit_DMA) refers to stm32f3xx_hal_i2c.o(i.I2C_DMAError) for I2C_DMAError
    stm32f3xx_hal_i2c.o(i.HAL_I2C_Slave_Seq_Transmit_IT) refers to stm32f3xx_hal_i2c.o(i.I2C_Disable_IRQ) for I2C_Disable_IRQ
    stm32f3xx_hal_i2c.o(i.HAL_I2C_Slave_Seq_Transmit_IT) refers to stm32f3xx_hal_dma.o(i.HAL_DMA_Abort_IT) for HAL_DMA_Abort_IT
    stm32f3xx_hal_i2c.o(i.HAL_I2C_Slave_Seq_Transmit_IT) refers to stm32f3xx_hal_i2c.o(i.I2C_Enable_IRQ) for I2C_Enable_IRQ
    stm32f3xx_hal_i2c.o(i.HAL_I2C_Slave_Seq_Transmit_IT) refers to stm32f3xx_hal_i2c.o(i.I2C_DMAAbort) for I2C_DMAAbort
    stm32f3xx_hal_i2c.o(i.HAL_I2C_Slave_Seq_Transmit_IT) refers to stm32f3xx_hal_i2c.o(i.I2C_Slave_ISR_IT) for I2C_Slave_ISR_IT
    stm32f3xx_hal_i2c.o(i.HAL_I2C_Slave_Transmit) refers to stm32f3xx_hal.o(i.HAL_GetTick) for HAL_GetTick
    stm32f3xx_hal_i2c.o(i.HAL_I2C_Slave_Transmit) refers to stm32f3xx_hal_i2c.o(i.I2C_WaitOnFlagUntilTimeout) for I2C_WaitOnFlagUntilTimeout
    stm32f3xx_hal_i2c.o(i.HAL_I2C_Slave_Transmit) refers to stm32f3xx_hal_i2c.o(i.I2C_WaitOnTXISFlagUntilTimeout) for I2C_WaitOnTXISFlagUntilTimeout
    stm32f3xx_hal_i2c.o(i.HAL_I2C_Slave_Transmit) refers to stm32f3xx_hal_i2c.o(i.I2C_WaitOnSTOPFlagUntilTimeout) for I2C_WaitOnSTOPFlagUntilTimeout
    stm32f3xx_hal_i2c.o(i.HAL_I2C_Slave_Transmit_DMA) refers to stm32f3xx_hal_dma.o(i.HAL_DMA_Start_IT) for HAL_DMA_Start_IT
    stm32f3xx_hal_i2c.o(i.HAL_I2C_Slave_Transmit_DMA) refers to stm32f3xx_hal_i2c.o(i.I2C_Enable_IRQ) for I2C_Enable_IRQ
    stm32f3xx_hal_i2c.o(i.HAL_I2C_Slave_Transmit_DMA) refers to stm32f3xx_hal_i2c.o(i.I2C_Slave_ISR_DMA) for I2C_Slave_ISR_DMA
    stm32f3xx_hal_i2c.o(i.HAL_I2C_Slave_Transmit_DMA) refers to stm32f3xx_hal_i2c.o(i.I2C_DMASlaveTransmitCplt) for I2C_DMASlaveTransmitCplt
    stm32f3xx_hal_i2c.o(i.HAL_I2C_Slave_Transmit_DMA) refers to stm32f3xx_hal_i2c.o(i.I2C_DMAError) for I2C_DMAError
    stm32f3xx_hal_i2c.o(i.HAL_I2C_Slave_Transmit_IT) refers to stm32f3xx_hal_i2c.o(i.I2C_Enable_IRQ) for I2C_Enable_IRQ
    stm32f3xx_hal_i2c.o(i.HAL_I2C_Slave_Transmit_IT) refers to stm32f3xx_hal_i2c.o(i.I2C_Slave_ISR_IT) for I2C_Slave_ISR_IT
    stm32f3xx_hal_i2c.o(i.I2C_DMAAbort) refers to stm32f3xx_hal_i2c.o(i.I2C_TreatErrorCallback) for I2C_TreatErrorCallback
    stm32f3xx_hal_i2c.o(i.I2C_DMAError) refers to stm32f3xx_hal_i2c.o(i.I2C_ITError) for I2C_ITError
    stm32f3xx_hal_i2c.o(i.I2C_DMAMasterReceiveCplt) refers to stm32f3xx_hal_dma.o(i.HAL_DMA_Start_IT) for HAL_DMA_Start_IT
    stm32f3xx_hal_i2c.o(i.I2C_DMAMasterReceiveCplt) refers to stm32f3xx_hal_i2c.o(i.I2C_ITError) for I2C_ITError
    stm32f3xx_hal_i2c.o(i.I2C_DMAMasterReceiveCplt) refers to stm32f3xx_hal_i2c.o(i.I2C_Enable_IRQ) for I2C_Enable_IRQ
    stm32f3xx_hal_i2c.o(i.I2C_DMAMasterTransmitCplt) refers to stm32f3xx_hal_dma.o(i.HAL_DMA_Start_IT) for HAL_DMA_Start_IT
    stm32f3xx_hal_i2c.o(i.I2C_DMAMasterTransmitCplt) refers to stm32f3xx_hal_i2c.o(i.I2C_ITError) for I2C_ITError
    stm32f3xx_hal_i2c.o(i.I2C_DMAMasterTransmitCplt) refers to stm32f3xx_hal_i2c.o(i.I2C_Enable_IRQ) for I2C_Enable_IRQ
    stm32f3xx_hal_i2c.o(i.I2C_DMASlaveReceiveCplt) refers to stm32f3xx_hal_i2c.o(i.I2C_ITSlaveSeqCplt) for I2C_ITSlaveSeqCplt
    stm32f3xx_hal_i2c.o(i.I2C_DMASlaveTransmitCplt) refers to stm32f3xx_hal_i2c.o(i.I2C_ITSlaveSeqCplt) for I2C_ITSlaveSeqCplt
    stm32f3xx_hal_i2c.o(i.I2C_Enable_IRQ) refers to stm32f3xx_hal_i2c.o(i.I2C_Master_ISR_DMA) for I2C_Master_ISR_DMA
    stm32f3xx_hal_i2c.o(i.I2C_Enable_IRQ) refers to stm32f3xx_hal_i2c.o(i.I2C_Slave_ISR_DMA) for I2C_Slave_ISR_DMA
    stm32f3xx_hal_i2c.o(i.I2C_ITAddrCplt) refers to stm32f3xx_hal_i2c.o(i.HAL_I2C_AddrCallback) for HAL_I2C_AddrCallback
    stm32f3xx_hal_i2c.o(i.I2C_ITAddrCplt) refers to stm32f3xx_hal_i2c.o(i.I2C_Disable_IRQ) for I2C_Disable_IRQ
    stm32f3xx_hal_i2c.o(i.I2C_ITError) refers to stm32f3xx_hal_i2c.o(i.I2C_Disable_IRQ) for I2C_Disable_IRQ
    stm32f3xx_hal_i2c.o(i.I2C_ITError) refers to stm32f3xx_hal_dma.o(i.HAL_DMA_GetState) for HAL_DMA_GetState
    stm32f3xx_hal_i2c.o(i.I2C_ITError) refers to stm32f3xx_hal_dma.o(i.HAL_DMA_Abort_IT) for HAL_DMA_Abort_IT
    stm32f3xx_hal_i2c.o(i.I2C_ITError) refers to stm32f3xx_hal_i2c.o(i.I2C_TreatErrorCallback) for I2C_TreatErrorCallback
    stm32f3xx_hal_i2c.o(i.I2C_ITError) refers to stm32f3xx_hal_i2c.o(i.I2C_DMAAbort) for I2C_DMAAbort
    stm32f3xx_hal_i2c.o(i.I2C_ITError) refers to stm32f3xx_hal_i2c.o(i.I2C_Slave_ISR_IT) for I2C_Slave_ISR_IT
    stm32f3xx_hal_i2c.o(i.I2C_ITListenCplt) refers to stm32f3xx_hal_i2c.o(i.I2C_Disable_IRQ) for I2C_Disable_IRQ
    stm32f3xx_hal_i2c.o(i.I2C_ITListenCplt) refers to stm32f3xx_hal_i2c.o(i.HAL_I2C_ListenCpltCallback) for HAL_I2C_ListenCpltCallback
    stm32f3xx_hal_i2c.o(i.I2C_ITMasterCplt) refers to stm32f3xx_hal_i2c.o(i.I2C_Disable_IRQ) for I2C_Disable_IRQ
    stm32f3xx_hal_i2c.o(i.I2C_ITMasterCplt) refers to stm32f3xx_hal_i2c.o(i.I2C_Flush_TXDR) for I2C_Flush_TXDR
    stm32f3xx_hal_i2c.o(i.I2C_ITMasterCplt) refers to stm32f3xx_hal_i2c.o(i.I2C_ITError) for I2C_ITError
    stm32f3xx_hal_i2c.o(i.I2C_ITMasterCplt) refers to stm32f3xx_hal_i2c.o(i.HAL_I2C_MasterRxCpltCallback) for HAL_I2C_MasterRxCpltCallback
    stm32f3xx_hal_i2c.o(i.I2C_ITMasterCplt) refers to stm32f3xx_hal_i2c.o(i.HAL_I2C_MasterTxCpltCallback) for HAL_I2C_MasterTxCpltCallback
    stm32f3xx_hal_i2c.o(i.I2C_ITMasterCplt) refers to stm32f3xx_hal_i2c.o(i.HAL_I2C_MemTxCpltCallback) for HAL_I2C_MemTxCpltCallback
    stm32f3xx_hal_i2c.o(i.I2C_ITMasterCplt) refers to stm32f3xx_hal_i2c.o(i.HAL_I2C_MemRxCpltCallback) for HAL_I2C_MemRxCpltCallback
    stm32f3xx_hal_i2c.o(i.I2C_ITMasterSeqCplt) refers to stm32f3xx_hal_i2c.o(i.I2C_Disable_IRQ) for I2C_Disable_IRQ
    stm32f3xx_hal_i2c.o(i.I2C_ITMasterSeqCplt) refers to stm32f3xx_hal_i2c.o(i.HAL_I2C_MasterRxCpltCallback) for HAL_I2C_MasterRxCpltCallback
    stm32f3xx_hal_i2c.o(i.I2C_ITMasterSeqCplt) refers to stm32f3xx_hal_i2c.o(i.HAL_I2C_MasterTxCpltCallback) for HAL_I2C_MasterTxCpltCallback
    stm32f3xx_hal_i2c.o(i.I2C_ITSlaveCplt) refers to stm32f3xx_hal_i2c.o(i.I2C_Disable_IRQ) for I2C_Disable_IRQ
    stm32f3xx_hal_i2c.o(i.I2C_ITSlaveCplt) refers to stm32f3xx_hal_i2c.o(i.I2C_Flush_TXDR) for I2C_Flush_TXDR
    stm32f3xx_hal_i2c.o(i.I2C_ITSlaveCplt) refers to stm32f3xx_hal_i2c.o(i.I2C_ITError) for I2C_ITError
    stm32f3xx_hal_i2c.o(i.I2C_ITSlaveCplt) refers to stm32f3xx_hal_i2c.o(i.I2C_ITListenCplt) for I2C_ITListenCplt
    stm32f3xx_hal_i2c.o(i.I2C_ITSlaveCplt) refers to stm32f3xx_hal_i2c.o(i.I2C_ITSlaveSeqCplt) for I2C_ITSlaveSeqCplt
    stm32f3xx_hal_i2c.o(i.I2C_ITSlaveCplt) refers to stm32f3xx_hal_i2c.o(i.HAL_I2C_ListenCpltCallback) for HAL_I2C_ListenCpltCallback
    stm32f3xx_hal_i2c.o(i.I2C_ITSlaveCplt) refers to stm32f3xx_hal_i2c.o(i.HAL_I2C_SlaveTxCpltCallback) for HAL_I2C_SlaveTxCpltCallback
    stm32f3xx_hal_i2c.o(i.I2C_ITSlaveCplt) refers to stm32f3xx_hal_i2c.o(i.HAL_I2C_SlaveRxCpltCallback) for HAL_I2C_SlaveRxCpltCallback
    stm32f3xx_hal_i2c.o(i.I2C_ITSlaveSeqCplt) refers to stm32f3xx_hal_i2c.o(i.I2C_Disable_IRQ) for I2C_Disable_IRQ
    stm32f3xx_hal_i2c.o(i.I2C_ITSlaveSeqCplt) refers to stm32f3xx_hal_i2c.o(i.HAL_I2C_SlaveRxCpltCallback) for HAL_I2C_SlaveRxCpltCallback
    stm32f3xx_hal_i2c.o(i.I2C_ITSlaveSeqCplt) refers to stm32f3xx_hal_i2c.o(i.HAL_I2C_SlaveTxCpltCallback) for HAL_I2C_SlaveTxCpltCallback
    stm32f3xx_hal_i2c.o(i.I2C_IsAcknowledgeFailed) refers to stm32f3xx_hal.o(i.HAL_GetTick) for HAL_GetTick
    stm32f3xx_hal_i2c.o(i.I2C_IsAcknowledgeFailed) refers to stm32f3xx_hal_i2c.o(i.I2C_Flush_TXDR) for I2C_Flush_TXDR
    stm32f3xx_hal_i2c.o(i.I2C_Master_ISR_DMA) refers to stm32f3xx_hal_i2c.o(i.I2C_Enable_IRQ) for I2C_Enable_IRQ
    stm32f3xx_hal_i2c.o(i.I2C_Master_ISR_DMA) refers to stm32f3xx_hal_i2c.o(i.I2C_Flush_TXDR) for I2C_Flush_TXDR
    stm32f3xx_hal_i2c.o(i.I2C_Master_ISR_DMA) refers to stm32f3xx_hal_i2c.o(i.I2C_TransferConfig) for I2C_TransferConfig
    stm32f3xx_hal_i2c.o(i.I2C_Master_ISR_DMA) refers to stm32f3xx_hal_i2c.o(i.I2C_ITError) for I2C_ITError
    stm32f3xx_hal_i2c.o(i.I2C_Master_ISR_DMA) refers to stm32f3xx_hal_i2c.o(i.I2C_ITMasterSeqCplt) for I2C_ITMasterSeqCplt
    stm32f3xx_hal_i2c.o(i.I2C_Master_ISR_DMA) refers to stm32f3xx_hal_i2c.o(i.I2C_ITMasterCplt) for I2C_ITMasterCplt
    stm32f3xx_hal_i2c.o(i.I2C_Master_ISR_IT) refers to stm32f3xx_hal_i2c.o(i.I2C_Flush_TXDR) for I2C_Flush_TXDR
    stm32f3xx_hal_i2c.o(i.I2C_Master_ISR_IT) refers to stm32f3xx_hal_i2c.o(i.I2C_TransferConfig) for I2C_TransferConfig
    stm32f3xx_hal_i2c.o(i.I2C_Master_ISR_IT) refers to stm32f3xx_hal_i2c.o(i.I2C_ITError) for I2C_ITError
    stm32f3xx_hal_i2c.o(i.I2C_Master_ISR_IT) refers to stm32f3xx_hal_i2c.o(i.I2C_ITMasterCplt) for I2C_ITMasterCplt
    stm32f3xx_hal_i2c.o(i.I2C_Master_ISR_IT) refers to stm32f3xx_hal_i2c.o(i.I2C_ITMasterSeqCplt) for I2C_ITMasterSeqCplt
    stm32f3xx_hal_i2c.o(i.I2C_RequestMemoryRead) refers to stm32f3xx_hal_i2c.o(i.I2C_TransferConfig) for I2C_TransferConfig
    stm32f3xx_hal_i2c.o(i.I2C_RequestMemoryRead) refers to stm32f3xx_hal_i2c.o(i.I2C_WaitOnTXISFlagUntilTimeout) for I2C_WaitOnTXISFlagUntilTimeout
    stm32f3xx_hal_i2c.o(i.I2C_RequestMemoryRead) refers to stm32f3xx_hal_i2c.o(i.I2C_WaitOnFlagUntilTimeout) for I2C_WaitOnFlagUntilTimeout
    stm32f3xx_hal_i2c.o(i.I2C_RequestMemoryWrite) refers to stm32f3xx_hal_i2c.o(i.I2C_TransferConfig) for I2C_TransferConfig
    stm32f3xx_hal_i2c.o(i.I2C_RequestMemoryWrite) refers to stm32f3xx_hal_i2c.o(i.I2C_WaitOnTXISFlagUntilTimeout) for I2C_WaitOnTXISFlagUntilTimeout
    stm32f3xx_hal_i2c.o(i.I2C_RequestMemoryWrite) refers to stm32f3xx_hal_i2c.o(i.I2C_WaitOnFlagUntilTimeout) for I2C_WaitOnFlagUntilTimeout
    stm32f3xx_hal_i2c.o(i.I2C_Slave_ISR_DMA) refers to stm32f3xx_hal_i2c.o(i.I2C_ITSlaveCplt) for I2C_ITSlaveCplt
    stm32f3xx_hal_i2c.o(i.I2C_Slave_ISR_DMA) refers to stm32f3xx_hal_i2c.o(i.I2C_ITListenCplt) for I2C_ITListenCplt
    stm32f3xx_hal_i2c.o(i.I2C_Slave_ISR_DMA) refers to stm32f3xx_hal_i2c.o(i.I2C_Flush_TXDR) for I2C_Flush_TXDR
    stm32f3xx_hal_i2c.o(i.I2C_Slave_ISR_DMA) refers to stm32f3xx_hal_i2c.o(i.I2C_ITSlaveSeqCplt) for I2C_ITSlaveSeqCplt
    stm32f3xx_hal_i2c.o(i.I2C_Slave_ISR_DMA) refers to stm32f3xx_hal_i2c.o(i.I2C_ITError) for I2C_ITError
    stm32f3xx_hal_i2c.o(i.I2C_Slave_ISR_DMA) refers to stm32f3xx_hal_i2c.o(i.I2C_ITAddrCplt) for I2C_ITAddrCplt
    stm32f3xx_hal_i2c.o(i.I2C_Slave_ISR_IT) refers to stm32f3xx_hal_i2c.o(i.I2C_ITSlaveCplt) for I2C_ITSlaveCplt
    stm32f3xx_hal_i2c.o(i.I2C_Slave_ISR_IT) refers to stm32f3xx_hal_i2c.o(i.I2C_ITError) for I2C_ITError
    stm32f3xx_hal_i2c.o(i.I2C_Slave_ISR_IT) refers to stm32f3xx_hal_i2c.o(i.I2C_ITListenCplt) for I2C_ITListenCplt
    stm32f3xx_hal_i2c.o(i.I2C_Slave_ISR_IT) refers to stm32f3xx_hal_i2c.o(i.I2C_Flush_TXDR) for I2C_Flush_TXDR
    stm32f3xx_hal_i2c.o(i.I2C_Slave_ISR_IT) refers to stm32f3xx_hal_i2c.o(i.I2C_ITAddrCplt) for I2C_ITAddrCplt
    stm32f3xx_hal_i2c.o(i.I2C_Slave_ISR_IT) refers to stm32f3xx_hal_i2c.o(i.I2C_ITSlaveSeqCplt) for I2C_ITSlaveSeqCplt
    stm32f3xx_hal_i2c.o(i.I2C_TreatErrorCallback) refers to stm32f3xx_hal_i2c.o(i.HAL_I2C_ErrorCallback) for HAL_I2C_ErrorCallback
    stm32f3xx_hal_i2c.o(i.I2C_TreatErrorCallback) refers to stm32f3xx_hal_i2c.o(i.HAL_I2C_AbortCpltCallback) for HAL_I2C_AbortCpltCallback
    stm32f3xx_hal_i2c.o(i.I2C_WaitOnFlagUntilTimeout) refers to stm32f3xx_hal.o(i.HAL_GetTick) for HAL_GetTick
    stm32f3xx_hal_i2c.o(i.I2C_WaitOnRXNEFlagUntilTimeout) refers to stm32f3xx_hal_i2c.o(i.I2C_IsAcknowledgeFailed) for I2C_IsAcknowledgeFailed
    stm32f3xx_hal_i2c.o(i.I2C_WaitOnRXNEFlagUntilTimeout) refers to stm32f3xx_hal.o(i.HAL_GetTick) for HAL_GetTick
    stm32f3xx_hal_i2c.o(i.I2C_WaitOnSTOPFlagUntilTimeout) refers to stm32f3xx_hal_i2c.o(i.I2C_IsAcknowledgeFailed) for I2C_IsAcknowledgeFailed
    stm32f3xx_hal_i2c.o(i.I2C_WaitOnSTOPFlagUntilTimeout) refers to stm32f3xx_hal.o(i.HAL_GetTick) for HAL_GetTick
    stm32f3xx_hal_i2c.o(i.I2C_WaitOnTXISFlagUntilTimeout) refers to stm32f3xx_hal_i2c.o(i.I2C_IsAcknowledgeFailed) for I2C_IsAcknowledgeFailed
    stm32f3xx_hal_i2c.o(i.I2C_WaitOnTXISFlagUntilTimeout) refers to stm32f3xx_hal.o(i.HAL_GetTick) for HAL_GetTick
    system_stm32f3xx.o(i.SystemCoreClockUpdate) refers to system_stm32f3xx.o(.data) for .data
    system_stm32f3xx.o(i.SystemCoreClockUpdate) refers to system_stm32f3xx.o(.constdata) for .constdata
    entry.o(.ARM.Collect$$$$00000000) refers (Special) to entry10a.o(.ARM.Collect$$$$0000000D) for __rt_final_cpp
    entry.o(.ARM.Collect$$$$00000000) refers (Special) to entry11a.o(.ARM.Collect$$$$0000000F) for __rt_final_exit
    entry.o(.ARM.Collect$$$$00000000) refers (Special) to entry7b.o(.ARM.Collect$$$$00000008) for _main_clock
    entry.o(.ARM.Collect$$$$00000000) refers (Special) to entry8b.o(.ARM.Collect$$$$0000000A) for _main_cpp_init
    entry.o(.ARM.Collect$$$$00000000) refers (Special) to entry9a.o(.ARM.Collect$$$$0000000B) for _main_init
    entry.o(.ARM.Collect$$$$00000000) refers (Special) to entry5.o(.ARM.Collect$$$$00000004) for _main_scatterload
    entry.o(.ARM.Collect$$$$00000000) refers (Special) to entry2.o(.ARM.Collect$$$$00000001) for _main_stk
    uldiv.o(.text) refers to llushr.o(.text) for __aeabi_llsr
    uldiv.o(.text) refers to llshl.o(.text) for __aeabi_llsl
    entry2.o(.ARM.Collect$$$$00000001) refers to entry2.o(.ARM.Collect$$$$00002712) for __lit__00000000
    entry2.o(.ARM.Collect$$$$00002712) refers to startup_stm32f302x8.o(STACK) for __initial_sp
    entry2.o(__vectab_stack_and_reset_area) refers to startup_stm32f302x8.o(STACK) for __initial_sp
    entry2.o(__vectab_stack_and_reset_area) refers to entry.o(.ARM.Collect$$$$00000000) for __main
    entry5.o(.ARM.Collect$$$$00000004) refers to init.o(.text) for __scatterload
    entry9a.o(.ARM.Collect$$$$0000000B) refers to main.o(i.main) for main
    entry9b.o(.ARM.Collect$$$$0000000C) refers to main.o(i.main) for main
    init.o(.text) refers to entry5.o(.ARM.Collect$$$$00000004) for __main_after_scatterload


==============================================================================

Removing Unused input sections from the image.

    Removing startup_stm32f302x8.o(HEAP), (512 bytes).
    Removing main.o(.rev16_text), (4 bytes).
    Removing main.o(.revsh_text), (4 bytes).
    Removing main.o(.rrx_text), (6 bytes).
    Removing main.o(i.Error_Handler), (2 bytes).
    Removing stm32f3xx_it.o(.rev16_text), (4 bytes).
    Removing stm32f3xx_it.o(.revsh_text), (4 bytes).
    Removing stm32f3xx_it.o(.rrx_text), (6 bytes).
    Removing stm32f3xx_hal_msp.o(.rev16_text), (4 bytes).
    Removing stm32f3xx_hal_msp.o(.revsh_text), (4 bytes).
    Removing stm32f3xx_hal_msp.o(.rrx_text), (6 bytes).
    Removing stm32f3xx_hal_msp.o(i.HAL_UART_MspDeInit), (40 bytes).
    Removing stm32f3xx_hal_tim.o(.rev16_text), (4 bytes).
    Removing stm32f3xx_hal_tim.o(.revsh_text), (4 bytes).
    Removing stm32f3xx_hal_tim.o(.rrx_text), (6 bytes).
    Removing stm32f3xx_hal_tim_ex.o(.rev16_text), (4 bytes).
    Removing stm32f3xx_hal_tim_ex.o(.revsh_text), (4 bytes).
    Removing stm32f3xx_hal_tim_ex.o(.rrx_text), (6 bytes).
    Removing stm32f3xx_hal_uart.o(.rev16_text), (4 bytes).
    Removing stm32f3xx_hal_uart.o(.revsh_text), (4 bytes).
    Removing stm32f3xx_hal_uart.o(.rrx_text), (6 bytes).
    Removing stm32f3xx_hal_uart.o(i.HAL_HalfDuplex_EnableReceiver), (56 bytes).
    Removing stm32f3xx_hal_uart.o(i.HAL_HalfDuplex_EnableTransmitter), (56 bytes).
    Removing stm32f3xx_hal_uart.o(i.HAL_HalfDuplex_Init), (112 bytes).
    Removing stm32f3xx_hal_uart.o(i.HAL_LIN_Init), (136 bytes).
    Removing stm32f3xx_hal_uart.o(i.HAL_LIN_SendBreak), (46 bytes).
    Removing stm32f3xx_hal_uart.o(i.HAL_MultiProcessor_DisableMuteMode), (40 bytes).
    Removing stm32f3xx_hal_uart.o(i.HAL_MultiProcessor_EnableMuteMode), (40 bytes).
    Removing stm32f3xx_hal_uart.o(i.HAL_MultiProcessor_EnterMuteMode), (12 bytes).
    Removing stm32f3xx_hal_uart.o(i.HAL_MultiProcessor_Init), (134 bytes).
    Removing stm32f3xx_hal_uart.o(i.HAL_UARTEx_RxEventCallback), (2 bytes).
    Removing stm32f3xx_hal_uart.o(i.HAL_UART_Abort), (176 bytes).
    Removing stm32f3xx_hal_uart.o(i.HAL_UART_AbortCpltCallback), (2 bytes).
    Removing stm32f3xx_hal_uart.o(i.HAL_UART_AbortReceive), (124 bytes).
    Removing stm32f3xx_hal_uart.o(i.HAL_UART_AbortReceiveCpltCallback), (2 bytes).
    Removing stm32f3xx_hal_uart.o(i.HAL_UART_AbortReceive_IT), (140 bytes).
    Removing stm32f3xx_hal_uart.o(i.HAL_UART_AbortTransmit), (80 bytes).
    Removing stm32f3xx_hal_uart.o(i.HAL_UART_AbortTransmitCpltCallback), (2 bytes).
    Removing stm32f3xx_hal_uart.o(i.HAL_UART_AbortTransmit_IT), (84 bytes).
    Removing stm32f3xx_hal_uart.o(i.HAL_UART_Abort_IT), (212 bytes).
    Removing stm32f3xx_hal_uart.o(i.HAL_UART_DMAPause), (96 bytes).
    Removing stm32f3xx_hal_uart.o(i.HAL_UART_DMAResume), (88 bytes).
    Removing stm32f3xx_hal_uart.o(i.HAL_UART_DMAStop), (116 bytes).
    Removing stm32f3xx_hal_uart.o(i.HAL_UART_DeInit), (62 bytes).
    Removing stm32f3xx_hal_uart.o(i.HAL_UART_DisableReceiverTimeout), (52 bytes).
    Removing stm32f3xx_hal_uart.o(i.HAL_UART_EnableReceiverTimeout), (52 bytes).
    Removing stm32f3xx_hal_uart.o(i.HAL_UART_ErrorCallback), (2 bytes).
    Removing stm32f3xx_hal_uart.o(i.HAL_UART_GetError), (6 bytes).
    Removing stm32f3xx_hal_uart.o(i.HAL_UART_GetState), (10 bytes).
    Removing stm32f3xx_hal_uart.o(i.HAL_UART_IRQHandler), (568 bytes).
    Removing stm32f3xx_hal_uart.o(i.HAL_UART_MspDeInit), (2 bytes).
    Removing stm32f3xx_hal_uart.o(i.HAL_UART_MspInit), (2 bytes).
    Removing stm32f3xx_hal_uart.o(i.HAL_UART_Receive), (248 bytes).
    Removing stm32f3xx_hal_uart.o(i.HAL_UART_Receive_DMA), (62 bytes).
    Removing stm32f3xx_hal_uart.o(i.HAL_UART_Receive_IT), (62 bytes).
    Removing stm32f3xx_hal_uart.o(i.HAL_UART_ReceiverTimeout_Config), (14 bytes).
    Removing stm32f3xx_hal_uart.o(i.HAL_UART_RxCpltCallback), (2 bytes).
    Removing stm32f3xx_hal_uart.o(i.HAL_UART_RxHalfCpltCallback), (2 bytes).
    Removing stm32f3xx_hal_uart.o(i.HAL_UART_Transmit), (182 bytes).
    Removing stm32f3xx_hal_uart.o(i.HAL_UART_Transmit_DMA), (148 bytes).
    Removing stm32f3xx_hal_uart.o(i.HAL_UART_Transmit_IT), (104 bytes).
    Removing stm32f3xx_hal_uart.o(i.HAL_UART_TxCpltCallback), (2 bytes).
    Removing stm32f3xx_hal_uart.o(i.HAL_UART_TxHalfCpltCallback), (2 bytes).
    Removing stm32f3xx_hal_uart.o(i.UART_DMAAbortOnError), (20 bytes).
    Removing stm32f3xx_hal_uart.o(i.UART_DMAError), (76 bytes).
    Removing stm32f3xx_hal_uart.o(i.UART_DMAReceiveCplt), (90 bytes).
    Removing stm32f3xx_hal_uart.o(i.UART_DMARxAbortCallback), (62 bytes).
    Removing stm32f3xx_hal_uart.o(i.UART_DMARxHalfCplt), (28 bytes).
    Removing stm32f3xx_hal_uart.o(i.UART_DMARxOnlyAbortCallback), (38 bytes).
    Removing stm32f3xx_hal_uart.o(i.UART_DMATransmitCplt), (46 bytes).
    Removing stm32f3xx_hal_uart.o(i.UART_DMATxAbortCallback), (52 bytes).
    Removing stm32f3xx_hal_uart.o(i.UART_DMATxHalfCplt), (10 bytes).
    Removing stm32f3xx_hal_uart.o(i.UART_DMATxOnlyAbortCallback), (20 bytes).
    Removing stm32f3xx_hal_uart.o(i.UART_EndRxTransfer), (48 bytes).
    Removing stm32f3xx_hal_uart.o(i.UART_EndTxTransfer), (16 bytes).
    Removing stm32f3xx_hal_uart.o(i.UART_RxISR_16BIT), (124 bytes).
    Removing stm32f3xx_hal_uart.o(i.UART_RxISR_8BIT), (124 bytes).
    Removing stm32f3xx_hal_uart.o(i.UART_Start_Receive_DMA), (132 bytes).
    Removing stm32f3xx_hal_uart.o(i.UART_Start_Receive_IT), (144 bytes).
    Removing stm32f3xx_hal_uart.o(i.UART_TxISR_16BIT), (64 bytes).
    Removing stm32f3xx_hal_uart.o(i.UART_TxISR_8BIT), (60 bytes).
    Removing stm32f3xx_hal_uart_ex.o(.rev16_text), (4 bytes).
    Removing stm32f3xx_hal_uart_ex.o(.revsh_text), (4 bytes).
    Removing stm32f3xx_hal_uart_ex.o(.rrx_text), (6 bytes).
    Removing stm32f3xx_hal_uart_ex.o(i.HAL_MultiProcessorEx_AddressLength_Set), (46 bytes).
    Removing stm32f3xx_hal_uart_ex.o(i.HAL_RS485Ex_Init), (136 bytes).
    Removing stm32f3xx_hal_uart_ex.o(i.HAL_UARTEx_DisableStopMode), (38 bytes).
    Removing stm32f3xx_hal_uart_ex.o(i.HAL_UARTEx_EnableStopMode), (38 bytes).
    Removing stm32f3xx_hal_uart_ex.o(i.HAL_UARTEx_ReceiveToIdle), (304 bytes).
    Removing stm32f3xx_hal_uart_ex.o(i.HAL_UARTEx_ReceiveToIdle_DMA), (72 bytes).
    Removing stm32f3xx_hal_uart_ex.o(i.HAL_UARTEx_ReceiveToIdle_IT), (72 bytes).
    Removing stm32f3xx_hal_uart_ex.o(i.HAL_UARTEx_StopModeWakeUpSourceConfig), (134 bytes).
    Removing stm32f3xx_hal_uart_ex.o(i.HAL_UARTEx_WakeupCallback), (2 bytes).
    Removing stm32f3xx_hal.o(.rev16_text), (4 bytes).
    Removing stm32f3xx_hal.o(.revsh_text), (4 bytes).
    Removing stm32f3xx_hal.o(.rrx_text), (6 bytes).
    Removing stm32f3xx_hal.o(i.HAL_DBGMCU_DisableDBGSleepMode), (16 bytes).
    Removing stm32f3xx_hal.o(i.HAL_DBGMCU_DisableDBGStandbyMode), (16 bytes).
    Removing stm32f3xx_hal.o(i.HAL_DBGMCU_DisableDBGStopMode), (16 bytes).
    Removing stm32f3xx_hal.o(i.HAL_DBGMCU_EnableDBGSleepMode), (16 bytes).
    Removing stm32f3xx_hal.o(i.HAL_DBGMCU_EnableDBGStandbyMode), (16 bytes).
    Removing stm32f3xx_hal.o(i.HAL_DBGMCU_EnableDBGStopMode), (16 bytes).
    Removing stm32f3xx_hal.o(i.HAL_DeInit), (36 bytes).
    Removing stm32f3xx_hal.o(i.HAL_GetDEVID), (16 bytes).
    Removing stm32f3xx_hal.o(i.HAL_GetHalVersion), (8 bytes).
    Removing stm32f3xx_hal.o(i.HAL_GetREVID), (12 bytes).
    Removing stm32f3xx_hal.o(i.HAL_GetTickFreq), (12 bytes).
    Removing stm32f3xx_hal.o(i.HAL_GetTickPrio), (12 bytes).
    Removing stm32f3xx_hal.o(i.HAL_GetUIDw0), (12 bytes).
    Removing stm32f3xx_hal.o(i.HAL_GetUIDw1), (12 bytes).
    Removing stm32f3xx_hal.o(i.HAL_GetUIDw2), (12 bytes).
    Removing stm32f3xx_hal.o(i.HAL_MspDeInit), (2 bytes).
    Removing stm32f3xx_hal.o(i.HAL_MspInit), (2 bytes).
    Removing stm32f3xx_hal.o(i.HAL_ResumeTick), (14 bytes).
    Removing stm32f3xx_hal.o(i.HAL_SetTickFreq), (36 bytes).
    Removing stm32f3xx_hal.o(i.HAL_SuspendTick), (14 bytes).
    Removing stm32f3xx_hal_rcc.o(.rev16_text), (4 bytes).
    Removing stm32f3xx_hal_rcc.o(.revsh_text), (4 bytes).
    Removing stm32f3xx_hal_rcc.o(.rrx_text), (6 bytes).
    Removing stm32f3xx_hal_rcc.o(i.HAL_RCC_CSSCallback), (2 bytes).
    Removing stm32f3xx_hal_rcc.o(i.HAL_RCC_DeInit), (224 bytes).
    Removing stm32f3xx_hal_rcc.o(i.HAL_RCC_DisableCSS), (28 bytes).
    Removing stm32f3xx_hal_rcc.o(i.HAL_RCC_EnableCSS), (24 bytes).
    Removing stm32f3xx_hal_rcc.o(i.HAL_RCC_GetClockConfig), (64 bytes).
    Removing stm32f3xx_hal_rcc.o(i.HAL_RCC_GetOscConfig), (156 bytes).
    Removing stm32f3xx_hal_rcc.o(i.HAL_RCC_MCOConfig), (76 bytes).
    Removing stm32f3xx_hal_rcc.o(i.HAL_RCC_NMI_IRQHandler), (24 bytes).
    Removing stm32f3xx_hal_rcc_ex.o(.rev16_text), (4 bytes).
    Removing stm32f3xx_hal_rcc_ex.o(.revsh_text), (4 bytes).
    Removing stm32f3xx_hal_rcc_ex.o(.rrx_text), (6 bytes).
    Removing stm32f3xx_hal_rcc_ex.o(i.HAL_RCCEx_GetPeriphCLKConfig), (164 bytes).
    Removing stm32f3xx_hal_rcc_ex.o(i.HAL_RCCEx_GetPeriphCLKFreq), (452 bytes).
    Removing stm32f3xx_hal_rcc_ex.o(i.HAL_RCCEx_PeriphCLKConfig), (500 bytes).
    Removing stm32f3xx_hal_rcc_ex.o(i.RCC_GetPLLCLKFreq), (60 bytes).
    Removing stm32f3xx_hal_rcc_ex.o(.constdata), (32 bytes).
    Removing stm32f3xx_hal_gpio.o(.rev16_text), (4 bytes).
    Removing stm32f3xx_hal_gpio.o(.revsh_text), (4 bytes).
    Removing stm32f3xx_hal_gpio.o(.rrx_text), (6 bytes).
    Removing stm32f3xx_hal_gpio.o(i.HAL_GPIO_DeInit), (292 bytes).
    Removing stm32f3xx_hal_gpio.o(i.HAL_GPIO_EXTI_Callback), (2 bytes).
    Removing stm32f3xx_hal_gpio.o(i.HAL_GPIO_EXTI_IRQHandler), (24 bytes).
    Removing stm32f3xx_hal_gpio.o(i.HAL_GPIO_LockPin), (34 bytes).
    Removing stm32f3xx_hal_gpio.o(i.HAL_GPIO_ReadPin), (10 bytes).
    Removing stm32f3xx_hal_gpio.o(i.HAL_GPIO_TogglePin), (16 bytes).
    Removing stm32f3xx_hal_dma.o(.rev16_text), (4 bytes).
    Removing stm32f3xx_hal_dma.o(.revsh_text), (4 bytes).
    Removing stm32f3xx_hal_dma.o(.rrx_text), (6 bytes).
    Removing stm32f3xx_hal_dma.o(i.DMA_CalcBaseAndBitshift), (32 bytes).
    Removing stm32f3xx_hal_dma.o(i.DMA_SetConfig), (42 bytes).
    Removing stm32f3xx_hal_dma.o(i.HAL_DMA_Abort), (70 bytes).
    Removing stm32f3xx_hal_dma.o(i.HAL_DMA_Abort_IT), (74 bytes).
    Removing stm32f3xx_hal_dma.o(i.HAL_DMA_DeInit), (78 bytes).
    Removing stm32f3xx_hal_dma.o(i.HAL_DMA_GetError), (4 bytes).
    Removing stm32f3xx_hal_dma.o(i.HAL_DMA_GetState), (6 bytes).
    Removing stm32f3xx_hal_dma.o(i.HAL_DMA_IRQHandler), (168 bytes).
    Removing stm32f3xx_hal_dma.o(i.HAL_DMA_Init), (78 bytes).
    Removing stm32f3xx_hal_dma.o(i.HAL_DMA_PollForTransfer), (206 bytes).
    Removing stm32f3xx_hal_dma.o(i.HAL_DMA_RegisterCallback), (74 bytes).
    Removing stm32f3xx_hal_dma.o(i.HAL_DMA_Start), (80 bytes).
    Removing stm32f3xx_hal_dma.o(i.HAL_DMA_Start_IT), (112 bytes).
    Removing stm32f3xx_hal_dma.o(i.HAL_DMA_UnRegisterCallback), (82 bytes).
    Removing stm32f3xx_hal_cortex.o(.rev16_text), (4 bytes).
    Removing stm32f3xx_hal_cortex.o(.revsh_text), (4 bytes).
    Removing stm32f3xx_hal_cortex.o(.rrx_text), (6 bytes).
    Removing stm32f3xx_hal_cortex.o(i.HAL_NVIC_ClearPendingIRQ), (26 bytes).
    Removing stm32f3xx_hal_cortex.o(i.HAL_NVIC_DisableIRQ), (34 bytes).
    Removing stm32f3xx_hal_cortex.o(i.HAL_NVIC_EnableIRQ), (26 bytes).
    Removing stm32f3xx_hal_cortex.o(i.HAL_NVIC_GetActive), (36 bytes).
    Removing stm32f3xx_hal_cortex.o(i.HAL_NVIC_GetPendingIRQ), (36 bytes).
    Removing stm32f3xx_hal_cortex.o(i.HAL_NVIC_GetPriority), (82 bytes).
    Removing stm32f3xx_hal_cortex.o(i.HAL_NVIC_GetPriorityGrouping), (16 bytes).
    Removing stm32f3xx_hal_cortex.o(i.HAL_NVIC_SetPendingIRQ), (26 bytes).
    Removing stm32f3xx_hal_cortex.o(i.HAL_NVIC_SystemReset), (36 bytes).
    Removing stm32f3xx_hal_cortex.o(i.HAL_SYSTICK_CLKSourceConfig), (24 bytes).
    Removing stm32f3xx_hal_cortex.o(i.HAL_SYSTICK_Callback), (2 bytes).
    Removing stm32f3xx_hal_cortex.o(i.HAL_SYSTICK_IRQHandler), (8 bytes).
    Removing stm32f3xx_hal_pwr.o(.rev16_text), (4 bytes).
    Removing stm32f3xx_hal_pwr.o(.revsh_text), (4 bytes).
    Removing stm32f3xx_hal_pwr.o(.rrx_text), (6 bytes).
    Removing stm32f3xx_hal_pwr.o(i.HAL_PWR_DeInit), (24 bytes).
    Removing stm32f3xx_hal_pwr.o(i.HAL_PWR_DisableBkUpAccess), (16 bytes).
    Removing stm32f3xx_hal_pwr.o(i.HAL_PWR_DisableSEVOnPend), (16 bytes).
    Removing stm32f3xx_hal_pwr.o(i.HAL_PWR_DisableSleepOnExit), (16 bytes).
    Removing stm32f3xx_hal_pwr.o(i.HAL_PWR_DisableWakeUpPin), (16 bytes).
    Removing stm32f3xx_hal_pwr.o(i.HAL_PWR_EnableBkUpAccess), (16 bytes).
    Removing stm32f3xx_hal_pwr.o(i.HAL_PWR_EnableSEVOnPend), (16 bytes).
    Removing stm32f3xx_hal_pwr.o(i.HAL_PWR_EnableSleepOnExit), (16 bytes).
    Removing stm32f3xx_hal_pwr.o(i.HAL_PWR_EnableWakeUpPin), (16 bytes).
    Removing stm32f3xx_hal_pwr.o(i.HAL_PWR_EnterSLEEPMode), (32 bytes).
    Removing stm32f3xx_hal_pwr.o(i.HAL_PWR_EnterSTANDBYMode), (32 bytes).
    Removing stm32f3xx_hal_pwr.o(i.HAL_PWR_EnterSTOPMode), (56 bytes).
    Removing stm32f3xx_hal_pwr_ex.o(.rev16_text), (4 bytes).
    Removing stm32f3xx_hal_pwr_ex.o(.revsh_text), (4 bytes).
    Removing stm32f3xx_hal_pwr_ex.o(.rrx_text), (6 bytes).
    Removing stm32f3xx_hal_pwr_ex.o(i.HAL_PWR_ConfigPVD), (124 bytes).
    Removing stm32f3xx_hal_pwr_ex.o(i.HAL_PWR_DisablePVD), (16 bytes).
    Removing stm32f3xx_hal_pwr_ex.o(i.HAL_PWR_EnablePVD), (16 bytes).
    Removing stm32f3xx_hal_pwr_ex.o(i.HAL_PWR_PVDCallback), (2 bytes).
    Removing stm32f3xx_hal_pwr_ex.o(i.HAL_PWR_PVD_IRQHandler), (28 bytes).
    Removing stm32f3xx_hal_flash.o(.rev16_text), (4 bytes).
    Removing stm32f3xx_hal_flash.o(.revsh_text), (4 bytes).
    Removing stm32f3xx_hal_flash.o(.rrx_text), (6 bytes).
    Removing stm32f3xx_hal_flash.o(i.FLASH_Program_HalfWord), (28 bytes).
    Removing stm32f3xx_hal_flash.o(i.FLASH_SetErrorCode), (52 bytes).
    Removing stm32f3xx_hal_flash.o(i.FLASH_WaitForLastOperation), (80 bytes).
    Removing stm32f3xx_hal_flash.o(i.HAL_FLASH_EndOfOperationCallback), (2 bytes).
    Removing stm32f3xx_hal_flash.o(i.HAL_FLASH_GetError), (12 bytes).
    Removing stm32f3xx_hal_flash.o(i.HAL_FLASH_IRQHandler), (264 bytes).
    Removing stm32f3xx_hal_flash.o(i.HAL_FLASH_Lock), (20 bytes).
    Removing stm32f3xx_hal_flash.o(i.HAL_FLASH_OB_Launch), (24 bytes).
    Removing stm32f3xx_hal_flash.o(i.HAL_FLASH_OB_Lock), (20 bytes).
    Removing stm32f3xx_hal_flash.o(i.HAL_FLASH_OB_Unlock), (36 bytes).
    Removing stm32f3xx_hal_flash.o(i.HAL_FLASH_OperationErrorCallback), (2 bytes).
    Removing stm32f3xx_hal_flash.o(i.HAL_FLASH_Program), (128 bytes).
    Removing stm32f3xx_hal_flash.o(i.HAL_FLASH_Program_IT), (100 bytes).
    Removing stm32f3xx_hal_flash.o(i.HAL_FLASH_Unlock), (40 bytes).
    Removing stm32f3xx_hal_flash.o(.bss), (32 bytes).
    Removing stm32f3xx_hal_flash_ex.o(.rev16_text), (4 bytes).
    Removing stm32f3xx_hal_flash_ex.o(.revsh_text), (4 bytes).
    Removing stm32f3xx_hal_flash_ex.o(.rrx_text), (6 bytes).
    Removing stm32f3xx_hal_flash_ex.o(i.FLASH_MassErase), (36 bytes).
    Removing stm32f3xx_hal_flash_ex.o(i.FLASH_OB_DisableWRP), (116 bytes).
    Removing stm32f3xx_hal_flash_ex.o(i.FLASH_OB_EnableWRP), (116 bytes).
    Removing stm32f3xx_hal_flash_ex.o(i.FLASH_OB_GetRDP), (32 bytes).
    Removing stm32f3xx_hal_flash_ex.o(i.FLASH_OB_RDP_LevelConfig), (100 bytes).
    Removing stm32f3xx_hal_flash_ex.o(i.FLASH_PageErase), (36 bytes).
    Removing stm32f3xx_hal_flash_ex.o(i.HAL_FLASHEx_Erase), (168 bytes).
    Removing stm32f3xx_hal_flash_ex.o(i.HAL_FLASHEx_Erase_IT), (84 bytes).
    Removing stm32f3xx_hal_flash_ex.o(i.HAL_FLASHEx_OBErase), (84 bytes).
    Removing stm32f3xx_hal_flash_ex.o(i.HAL_FLASHEx_OBGetConfig), (48 bytes).
    Removing stm32f3xx_hal_flash_ex.o(i.HAL_FLASHEx_OBGetUserData), (48 bytes).
    Removing stm32f3xx_hal_flash_ex.o(i.HAL_FLASHEx_OBProgram), (200 bytes).
    Removing stm32f3xx_hal_i2c.o(.rev16_text), (4 bytes).
    Removing stm32f3xx_hal_i2c.o(.revsh_text), (4 bytes).
    Removing stm32f3xx_hal_i2c.o(.rrx_text), (6 bytes).
    Removing stm32f3xx_hal_i2c.o(i.HAL_I2C_AbortCpltCallback), (2 bytes).
    Removing stm32f3xx_hal_i2c.o(i.HAL_I2C_AddrCallback), (2 bytes).
    Removing stm32f3xx_hal_i2c.o(i.HAL_I2C_DeInit), (50 bytes).
    Removing stm32f3xx_hal_i2c.o(i.HAL_I2C_DisableListen_IT), (56 bytes).
    Removing stm32f3xx_hal_i2c.o(i.HAL_I2C_ER_IRQHandler), (104 bytes).
    Removing stm32f3xx_hal_i2c.o(i.HAL_I2C_EV_IRQHandler), (16 bytes).
    Removing stm32f3xx_hal_i2c.o(i.HAL_I2C_EnableListen_IT), (40 bytes).
    Removing stm32f3xx_hal_i2c.o(i.HAL_I2C_ErrorCallback), (2 bytes).
    Removing stm32f3xx_hal_i2c.o(i.HAL_I2C_GetError), (4 bytes).
    Removing stm32f3xx_hal_i2c.o(i.HAL_I2C_GetMode), (6 bytes).
    Removing stm32f3xx_hal_i2c.o(i.HAL_I2C_GetState), (6 bytes).
    Removing stm32f3xx_hal_i2c.o(i.HAL_I2C_Init), (184 bytes).
    Removing stm32f3xx_hal_i2c.o(i.HAL_I2C_IsDeviceReady), (292 bytes).
    Removing stm32f3xx_hal_i2c.o(i.HAL_I2C_ListenCpltCallback), (2 bytes).
    Removing stm32f3xx_hal_i2c.o(i.HAL_I2C_MasterRxCpltCallback), (2 bytes).
    Removing stm32f3xx_hal_i2c.o(i.HAL_I2C_MasterTxCpltCallback), (2 bytes).
    Removing stm32f3xx_hal_i2c.o(i.HAL_I2C_Master_Abort_IT), (124 bytes).
    Removing stm32f3xx_hal_i2c.o(i.HAL_I2C_Master_Receive), (292 bytes).
    Removing stm32f3xx_hal_i2c.o(i.HAL_I2C_Master_Receive_DMA), (304 bytes).
    Removing stm32f3xx_hal_i2c.o(i.HAL_I2C_Master_Receive_IT), (136 bytes).
    Removing stm32f3xx_hal_i2c.o(i.HAL_I2C_Master_Seq_Receive_DMA), (336 bytes).
    Removing stm32f3xx_hal_i2c.o(i.HAL_I2C_Master_Seq_Receive_IT), (164 bytes).
    Removing stm32f3xx_hal_i2c.o(i.HAL_I2C_Master_Seq_Transmit_DMA), (336 bytes).
    Removing stm32f3xx_hal_i2c.o(i.HAL_I2C_Master_Seq_Transmit_IT), (160 bytes).
    Removing stm32f3xx_hal_i2c.o(i.HAL_I2C_Master_Transmit), (292 bytes).
    Removing stm32f3xx_hal_i2c.o(i.HAL_I2C_Master_Transmit_DMA), (304 bytes).
    Removing stm32f3xx_hal_i2c.o(i.HAL_I2C_Master_Transmit_IT), (136 bytes).
    Removing stm32f3xx_hal_i2c.o(i.HAL_I2C_MemRxCpltCallback), (2 bytes).
    Removing stm32f3xx_hal_i2c.o(i.HAL_I2C_MemTxCpltCallback), (2 bytes).
    Removing stm32f3xx_hal_i2c.o(i.HAL_I2C_Mem_Read), (356 bytes).
    Removing stm32f3xx_hal_i2c.o(i.HAL_I2C_Mem_Read_DMA), (320 bytes).
    Removing stm32f3xx_hal_i2c.o(i.HAL_I2C_Mem_Read_IT), (204 bytes).
    Removing stm32f3xx_hal_i2c.o(i.HAL_I2C_Mem_Write), (344 bytes).
    Removing stm32f3xx_hal_i2c.o(i.HAL_I2C_Mem_Write_DMA), (312 bytes).
    Removing stm32f3xx_hal_i2c.o(i.HAL_I2C_Mem_Write_IT), (196 bytes).
    Removing stm32f3xx_hal_i2c.o(i.HAL_I2C_MspDeInit), (2 bytes).
    Removing stm32f3xx_hal_i2c.o(i.HAL_I2C_MspInit), (2 bytes).
    Removing stm32f3xx_hal_i2c.o(i.HAL_I2C_SlaveRxCpltCallback), (2 bytes).
    Removing stm32f3xx_hal_i2c.o(i.HAL_I2C_SlaveTxCpltCallback), (2 bytes).
    Removing stm32f3xx_hal_i2c.o(i.HAL_I2C_Slave_Receive), (298 bytes).
    Removing stm32f3xx_hal_i2c.o(i.HAL_I2C_Slave_Receive_DMA), (224 bytes).
    Removing stm32f3xx_hal_i2c.o(i.HAL_I2C_Slave_Receive_IT), (96 bytes).
    Removing stm32f3xx_hal_i2c.o(i.HAL_I2C_Slave_Seq_Receive_DMA), (364 bytes).
    Removing stm32f3xx_hal_i2c.o(i.HAL_I2C_Slave_Seq_Receive_IT), (200 bytes).
    Removing stm32f3xx_hal_i2c.o(i.HAL_I2C_Slave_Seq_Transmit_DMA), (364 bytes).
    Removing stm32f3xx_hal_i2c.o(i.HAL_I2C_Slave_Seq_Transmit_IT), (200 bytes).
    Removing stm32f3xx_hal_i2c.o(i.HAL_I2C_Slave_Transmit), (302 bytes).
    Removing stm32f3xx_hal_i2c.o(i.HAL_I2C_Slave_Transmit_DMA), (212 bytes).
    Removing stm32f3xx_hal_i2c.o(i.HAL_I2C_Slave_Transmit_IT), (96 bytes).
    Removing stm32f3xx_hal_i2c.o(i.I2C_ConvertOtherXferOptions), (26 bytes).
    Removing stm32f3xx_hal_i2c.o(i.I2C_DMAAbort), (20 bytes).
    Removing stm32f3xx_hal_i2c.o(i.I2C_DMAError), (18 bytes).
    Removing stm32f3xx_hal_i2c.o(i.I2C_DMAMasterReceiveCplt), (82 bytes).
    Removing stm32f3xx_hal_i2c.o(i.I2C_DMAMasterTransmitCplt), (82 bytes).
    Removing stm32f3xx_hal_i2c.o(i.I2C_DMASlaveReceiveCplt), (36 bytes).
    Removing stm32f3xx_hal_i2c.o(i.I2C_DMASlaveTransmitCplt), (30 bytes).
    Removing stm32f3xx_hal_i2c.o(i.I2C_Disable_IRQ), (94 bytes).
    Removing stm32f3xx_hal_i2c.o(i.I2C_Enable_IRQ), (104 bytes).
    Removing stm32f3xx_hal_i2c.o(i.I2C_Flush_TXDR), (34 bytes).
    Removing stm32f3xx_hal_i2c.o(i.I2C_ITAddrCplt), (140 bytes).
    Removing stm32f3xx_hal_i2c.o(i.I2C_ITError), (244 bytes).
    Removing stm32f3xx_hal_i2c.o(i.I2C_ITListenCplt), (100 bytes).
    Removing stm32f3xx_hal_i2c.o(i.I2C_ITMasterCplt), (240 bytes).
    Removing stm32f3xx_hal_i2c.o(i.I2C_ITMasterSeqCplt), (76 bytes).
    Removing stm32f3xx_hal_i2c.o(i.I2C_ITSlaveCplt), (304 bytes).
    Removing stm32f3xx_hal_i2c.o(i.I2C_ITSlaveSeqCplt), (114 bytes).
    Removing stm32f3xx_hal_i2c.o(i.I2C_IsAcknowledgeFailed), (132 bytes).
    Removing stm32f3xx_hal_i2c.o(i.I2C_Master_ISR_DMA), (272 bytes).
    Removing stm32f3xx_hal_i2c.o(i.I2C_Master_ISR_IT), (296 bytes).
    Removing stm32f3xx_hal_i2c.o(i.I2C_RequestMemoryRead), (100 bytes).
    Removing stm32f3xx_hal_i2c.o(i.I2C_RequestMemoryWrite), (100 bytes).
    Removing stm32f3xx_hal_i2c.o(i.I2C_Slave_ISR_DMA), (266 bytes).
    Removing stm32f3xx_hal_i2c.o(i.I2C_Slave_ISR_IT), (288 bytes).
    Removing stm32f3xx_hal_i2c.o(i.I2C_TransferConfig), (44 bytes).
    Removing stm32f3xx_hal_i2c.o(i.I2C_TreatErrorCallback), (42 bytes).
    Removing stm32f3xx_hal_i2c.o(i.I2C_WaitOnFlagUntilTimeout), (88 bytes).
    Removing stm32f3xx_hal_i2c.o(i.I2C_WaitOnRXNEFlagUntilTimeout), (132 bytes).
    Removing stm32f3xx_hal_i2c.o(i.I2C_WaitOnSTOPFlagUntilTimeout), (76 bytes).
    Removing stm32f3xx_hal_i2c.o(i.I2C_WaitOnTXISFlagUntilTimeout), (80 bytes).
    Removing stm32f3xx_hal_i2c_ex.o(.rev16_text), (4 bytes).
    Removing stm32f3xx_hal_i2c_ex.o(.revsh_text), (4 bytes).
    Removing stm32f3xx_hal_i2c_ex.o(.rrx_text), (6 bytes).
    Removing stm32f3xx_hal_i2c_ex.o(i.HAL_I2CEx_ConfigAnalogFilter), (86 bytes).
    Removing stm32f3xx_hal_i2c_ex.o(i.HAL_I2CEx_ConfigDigitalFilter), (82 bytes).
    Removing stm32f3xx_hal_i2c_ex.o(i.HAL_I2CEx_DisableFastModePlus), (40 bytes).
    Removing stm32f3xx_hal_i2c_ex.o(i.HAL_I2CEx_DisableWakeUp), (78 bytes).
    Removing stm32f3xx_hal_i2c_ex.o(i.HAL_I2CEx_EnableFastModePlus), (40 bytes).
    Removing stm32f3xx_hal_i2c_ex.o(i.HAL_I2CEx_EnableWakeUp), (78 bytes).
    Removing stm32f3xx_hal_exti.o(.rev16_text), (4 bytes).
    Removing stm32f3xx_hal_exti.o(.revsh_text), (4 bytes).
    Removing stm32f3xx_hal_exti.o(.rrx_text), (6 bytes).
    Removing stm32f3xx_hal_exti.o(i.HAL_EXTI_ClearConfigLine), (128 bytes).
    Removing stm32f3xx_hal_exti.o(i.HAL_EXTI_ClearPending), (28 bytes).
    Removing stm32f3xx_hal_exti.o(i.HAL_EXTI_GenerateSWI), (28 bytes).
    Removing stm32f3xx_hal_exti.o(i.HAL_EXTI_GetConfigLine), (172 bytes).
    Removing stm32f3xx_hal_exti.o(i.HAL_EXTI_GetHandle), (12 bytes).
    Removing stm32f3xx_hal_exti.o(i.HAL_EXTI_GetPending), (32 bytes).
    Removing stm32f3xx_hal_exti.o(i.HAL_EXTI_IRQHandler), (44 bytes).
    Removing stm32f3xx_hal_exti.o(i.HAL_EXTI_RegisterCallback), (14 bytes).
    Removing stm32f3xx_hal_exti.o(i.HAL_EXTI_SetConfigLine), (176 bytes).
    Removing system_stm32f3xx.o(.rev16_text), (4 bytes).
    Removing system_stm32f3xx.o(.revsh_text), (4 bytes).
    Removing system_stm32f3xx.o(.rrx_text), (6 bytes).
    Removing system_stm32f3xx.o(i.SystemCoreClockUpdate), (112 bytes).

339 unused section(s) (total 24752 bytes) removed from the image.

==============================================================================

Image Symbol Table

    Local Symbols

    Symbol Name                              Value     Ov Type        Size  Object(Section)

    ../Core/Src/main.c                       0x00000000   Number         0  main.o ABSOLUTE
    ../Core/Src/stm32f3xx_hal_msp.c          0x00000000   Number         0  stm32f3xx_hal_msp.o ABSOLUTE
    ../Core/Src/stm32f3xx_it.c               0x00000000   Number         0  stm32f3xx_it.o ABSOLUTE
    ../Core/Src/system_stm32f3xx.c           0x00000000   Number         0  system_stm32f3xx.o ABSOLUTE
    ../Drivers/STM32F3xx_HAL_Driver/Src/stm32f3xx_hal.c 0x00000000   Number         0  stm32f3xx_hal.o ABSOLUTE
    ../Drivers/STM32F3xx_HAL_Driver/Src/stm32f3xx_hal_cortex.c 0x00000000   Number         0  stm32f3xx_hal_cortex.o ABSOLUTE
    ../Drivers/STM32F3xx_HAL_Driver/Src/stm32f3xx_hal_dma.c 0x00000000   Number         0  stm32f3xx_hal_dma.o ABSOLUTE
    ../Drivers/STM32F3xx_HAL_Driver/Src/stm32f3xx_hal_exti.c 0x00000000   Number         0  stm32f3xx_hal_exti.o ABSOLUTE
    ../Drivers/STM32F3xx_HAL_Driver/Src/stm32f3xx_hal_flash.c 0x00000000   Number         0  stm32f3xx_hal_flash.o ABSOLUTE
    ../Drivers/STM32F3xx_HAL_Driver/Src/stm32f3xx_hal_flash_ex.c 0x00000000   Number         0  stm32f3xx_hal_flash_ex.o ABSOLUTE
    ../Drivers/STM32F3xx_HAL_Driver/Src/stm32f3xx_hal_gpio.c 0x00000000   Number         0  stm32f3xx_hal_gpio.o ABSOLUTE
    ../Drivers/STM32F3xx_HAL_Driver/Src/stm32f3xx_hal_i2c.c 0x00000000   Number         0  stm32f3xx_hal_i2c.o ABSOLUTE
    ../Drivers/STM32F3xx_HAL_Driver/Src/stm32f3xx_hal_i2c_ex.c 0x00000000   Number         0  stm32f3xx_hal_i2c_ex.o ABSOLUTE
    ../Drivers/STM32F3xx_HAL_Driver/Src/stm32f3xx_hal_pwr.c 0x00000000   Number         0  stm32f3xx_hal_pwr.o ABSOLUTE
    ../Drivers/STM32F3xx_HAL_Driver/Src/stm32f3xx_hal_pwr_ex.c 0x00000000   Number         0  stm32f3xx_hal_pwr_ex.o ABSOLUTE
    ../Drivers/STM32F3xx_HAL_Driver/Src/stm32f3xx_hal_rcc.c 0x00000000   Number         0  stm32f3xx_hal_rcc.o ABSOLUTE
    ../Drivers/STM32F3xx_HAL_Driver/Src/stm32f3xx_hal_rcc_ex.c 0x00000000   Number         0  stm32f3xx_hal_rcc_ex.o ABSOLUTE
    ../Drivers/STM32F3xx_HAL_Driver/Src/stm32f3xx_hal_tim.c 0x00000000   Number         0  stm32f3xx_hal_tim.o ABSOLUTE
    ../Drivers/STM32F3xx_HAL_Driver/Src/stm32f3xx_hal_tim_ex.c 0x00000000   Number         0  stm32f3xx_hal_tim_ex.o ABSOLUTE
    ../Drivers/STM32F3xx_HAL_Driver/Src/stm32f3xx_hal_uart.c 0x00000000   Number         0  stm32f3xx_hal_uart.o ABSOLUTE
    ../Drivers/STM32F3xx_HAL_Driver/Src/stm32f3xx_hal_uart_ex.c 0x00000000   Number         0  stm32f3xx_hal_uart_ex.o ABSOLUTE
    ../clib/microlib/division.c              0x00000000   Number         0  uldiv.o ABSOLUTE
    ../clib/microlib/init/entry.s            0x00000000   Number         0  entry11b.o ABSOLUTE
    ../clib/microlib/init/entry.s            0x00000000   Number         0  entry11a.o ABSOLUTE
    ../clib/microlib/init/entry.s            0x00000000   Number         0  entry10b.o ABSOLUTE
    ../clib/microlib/init/entry.s            0x00000000   Number         0  entry10a.o ABSOLUTE
    ../clib/microlib/init/entry.s            0x00000000   Number         0  entry9b.o ABSOLUTE
    ../clib/microlib/init/entry.s            0x00000000   Number         0  entry8b.o ABSOLUTE
    ../clib/microlib/init/entry.s            0x00000000   Number         0  entry8a.o ABSOLUTE
    ../clib/microlib/init/entry.s            0x00000000   Number         0  entry7b.o ABSOLUTE
    ../clib/microlib/init/entry.s            0x00000000   Number         0  entry7a.o ABSOLUTE
    ../clib/microlib/init/entry.s            0x00000000   Number         0  entry5.o ABSOLUTE
    ../clib/microlib/init/entry.s            0x00000000   Number         0  entry2.o ABSOLUTE
    ../clib/microlib/init/entry.s            0x00000000   Number         0  entry9a.o ABSOLUTE
    ../clib/microlib/init/entry.s            0x00000000   Number         0  entry.o ABSOLUTE
    ../clib/microlib/longlong.c              0x00000000   Number         0  llshl.o ABSOLUTE
    ../clib/microlib/longlong.c              0x00000000   Number         0  llushr.o ABSOLUTE
    ../clib/microlib/string/memcpy.c         0x00000000   Number         0  memcpya.o ABSOLUTE
    ../clib/microlib/string/memcpy.c         0x00000000   Number         0  memcpyb.o ABSOLUTE
    ../clib/microlib/string/memset.c         0x00000000   Number         0  memseta.o ABSOLUTE
    ..\Core\Src\main.c                       0x00000000   Number         0  main.o ABSOLUTE
    ..\Core\Src\stm32f3xx_hal_msp.c          0x00000000   Number         0  stm32f3xx_hal_msp.o ABSOLUTE
    ..\Core\Src\stm32f3xx_it.c               0x00000000   Number         0  stm32f3xx_it.o ABSOLUTE
    ..\Core\Src\system_stm32f3xx.c           0x00000000   Number         0  system_stm32f3xx.o ABSOLUTE
    ..\Drivers\STM32F3xx_HAL_Driver\Src\stm32f3xx_hal.c 0x00000000   Number         0  stm32f3xx_hal.o ABSOLUTE
    ..\Drivers\STM32F3xx_HAL_Driver\Src\stm32f3xx_hal_cortex.c 0x00000000   Number         0  stm32f3xx_hal_cortex.o ABSOLUTE
    ..\Drivers\STM32F3xx_HAL_Driver\Src\stm32f3xx_hal_dma.c 0x00000000   Number         0  stm32f3xx_hal_dma.o ABSOLUTE
    ..\Drivers\STM32F3xx_HAL_Driver\Src\stm32f3xx_hal_exti.c 0x00000000   Number         0  stm32f3xx_hal_exti.o ABSOLUTE
    ..\Drivers\STM32F3xx_HAL_Driver\Src\stm32f3xx_hal_flash.c 0x00000000   Number         0  stm32f3xx_hal_flash.o ABSOLUTE
    ..\Drivers\STM32F3xx_HAL_Driver\Src\stm32f3xx_hal_flash_ex.c 0x00000000   Number         0  stm32f3xx_hal_flash_ex.o ABSOLUTE
    ..\Drivers\STM32F3xx_HAL_Driver\Src\stm32f3xx_hal_gpio.c 0x00000000   Number         0  stm32f3xx_hal_gpio.o ABSOLUTE
    ..\Drivers\STM32F3xx_HAL_Driver\Src\stm32f3xx_hal_i2c.c 0x00000000   Number         0  stm32f3xx_hal_i2c.o ABSOLUTE
    ..\Drivers\STM32F3xx_HAL_Driver\Src\stm32f3xx_hal_i2c_ex.c 0x00000000   Number         0  stm32f3xx_hal_i2c_ex.o ABSOLUTE
    ..\Drivers\STM32F3xx_HAL_Driver\Src\stm32f3xx_hal_pwr.c 0x00000000   Number         0  stm32f3xx_hal_pwr.o ABSOLUTE
    ..\Drivers\STM32F3xx_HAL_Driver\Src\stm32f3xx_hal_pwr_ex.c 0x00000000   Number         0  stm32f3xx_hal_pwr_ex.o ABSOLUTE
    ..\Drivers\STM32F3xx_HAL_Driver\Src\stm32f3xx_hal_rcc.c 0x00000000   Number         0  stm32f3xx_hal_rcc.o ABSOLUTE
    ..\Drivers\STM32F3xx_HAL_Driver\Src\stm32f3xx_hal_rcc_ex.c 0x00000000   Number         0  stm32f3xx_hal_rcc_ex.o ABSOLUTE
    ..\Drivers\STM32F3xx_HAL_Driver\Src\stm32f3xx_hal_tim.c 0x00000000   Number         0  stm32f3xx_hal_tim.o ABSOLUTE
    ..\Drivers\STM32F3xx_HAL_Driver\Src\stm32f3xx_hal_tim_ex.c 0x00000000   Number         0  stm32f3xx_hal_tim_ex.o ABSOLUTE
    ..\Drivers\STM32F3xx_HAL_Driver\Src\stm32f3xx_hal_uart.c 0x00000000   Number         0  stm32f3xx_hal_uart.o ABSOLUTE
    ..\Drivers\STM32F3xx_HAL_Driver\Src\stm32f3xx_hal_uart_ex.c 0x00000000   Number         0  stm32f3xx_hal_uart_ex.o ABSOLUTE
    dc.s                                     0x00000000   Number         0  dc.o ABSOLUTE
    handlers.s                               0x00000000   Number         0  handlers.o ABSOLUTE
    init.s                                   0x00000000   Number         0  init.o ABSOLUTE
    startup_stm32f302x8.s                    0x00000000   Number         0  startup_stm32f302x8.o ABSOLUTE
    RESET                                    0x08000000   Section      392  startup_stm32f302x8.o(RESET)
    .ARM.Collect$$$$00000000                 0x08000188   Section        0  entry.o(.ARM.Collect$$$$00000000)
    .ARM.Collect$$$$00000001                 0x08000188   Section        4  entry2.o(.ARM.Collect$$$$00000001)
    .ARM.Collect$$$$00000004                 0x0800018c   Section        4  entry5.o(.ARM.Collect$$$$00000004)
    .ARM.Collect$$$$00000008                 0x08000190   Section        0  entry7b.o(.ARM.Collect$$$$00000008)
    .ARM.Collect$$$$0000000A                 0x08000190   Section        0  entry8b.o(.ARM.Collect$$$$0000000A)
    .ARM.Collect$$$$0000000B                 0x08000190   Section        8  entry9a.o(.ARM.Collect$$$$0000000B)
    .ARM.Collect$$$$0000000D                 0x08000198   Section        0  entry10a.o(.ARM.Collect$$$$0000000D)
    .ARM.Collect$$$$0000000F                 0x08000198   Section        0  entry11a.o(.ARM.Collect$$$$0000000F)
    .ARM.Collect$$$$00002712                 0x08000198   Section        4  entry2.o(.ARM.Collect$$$$00002712)
    __lit__00000000                          0x08000198   Data           4  entry2.o(.ARM.Collect$$$$00002712)
    .text                                    0x0800019c   Section       36  startup_stm32f302x8.o(.text)
    $v0                                      0x0800019c   Number         0  startup_stm32f302x8.o(.text)
    .text                                    0x080001c0   Section        0  uldiv.o(.text)
    .text                                    0x08000222   Section        0  llushr.o(.text)
    .text                                    0x08000242   Section        0  memseta.o(.text)
    .text                                    0x08000266   Section        0  llshl.o(.text)
    .text                                    0x08000284   Section       36  init.o(.text)
    i.BusFault_Handler                       0x080002a8   Section        0  stm32f3xx_it.o(i.BusFault_Handler)
    i.DWT_Delay_Init                         0x080002ac   Section        0  main.o(i.DWT_Delay_Init)
    i.DebugMon_Handler                       0x080002f0   Section        0  stm32f3xx_it.o(i.DebugMon_Handler)
    i.HAL_Delay                              0x080002f4   Section        0  stm32f3xx_hal.o(i.HAL_Delay)
    i.HAL_GPIO_Init                          0x08000318   Section        0  stm32f3xx_hal_gpio.o(i.HAL_GPIO_Init)
    i.HAL_GPIO_WritePin                      0x080004bc   Section        0  stm32f3xx_hal_gpio.o(i.HAL_GPIO_WritePin)
    i.HAL_GetTick                            0x080004c8   Section        0  stm32f3xx_hal.o(i.HAL_GetTick)
    i.HAL_IncTick                            0x080004d4   Section        0  stm32f3xx_hal.o(i.HAL_IncTick)
    i.HAL_Init                               0x080004e4   Section        0  stm32f3xx_hal.o(i.HAL_Init)
    i.HAL_InitTick                           0x08000508   Section        0  stm32f3xx_hal.o(i.HAL_InitTick)
    i.HAL_MspInit                            0x08000548   Section        0  stm32f3xx_hal_msp.o(i.HAL_MspInit)
    i.HAL_NVIC_SetPriority                   0x08000578   Section        0  stm32f3xx_hal_cortex.o(i.HAL_NVIC_SetPriority)
    i.HAL_NVIC_SetPriorityGrouping           0x080005b8   Section        0  stm32f3xx_hal_cortex.o(i.HAL_NVIC_SetPriorityGrouping)
    i.HAL_RCC_ClockConfig                    0x080005dc   Section        0  stm32f3xx_hal_rcc.o(i.HAL_RCC_ClockConfig)
    i.HAL_RCC_GetHCLKFreq                    0x08000724   Section        0  stm32f3xx_hal_rcc.o(i.HAL_RCC_GetHCLKFreq)
    i.HAL_RCC_GetPCLK1Freq                   0x08000730   Section        0  stm32f3xx_hal_rcc.o(i.HAL_RCC_GetPCLK1Freq)
    i.HAL_RCC_GetPCLK2Freq                   0x08000760   Section        0  stm32f3xx_hal_rcc.o(i.HAL_RCC_GetPCLK2Freq)
    i.HAL_RCC_GetSysClockFreq                0x08000790   Section        0  stm32f3xx_hal_rcc.o(i.HAL_RCC_GetSysClockFreq)
    i.HAL_RCC_OscConfig                      0x080007fc   Section        0  stm32f3xx_hal_rcc.o(i.HAL_RCC_OscConfig)
    i.HAL_SYSTICK_Config                     0x08000dc4   Section        0  stm32f3xx_hal_cortex.o(i.HAL_SYSTICK_Config)
    i.HAL_UART_Init                          0x08000dec   Section        0  stm32f3xx_hal_uart.o(i.HAL_UART_Init)
    i.HAL_UART_MspInit                       0x08000e54   Section        0  stm32f3xx_hal_msp.o(i.HAL_UART_MspInit)
    i.HardFault_Handler                      0x08000eb4   Section        0  stm32f3xx_it.o(i.HardFault_Handler)
    i.MX_GPIO_Init                           0x08000eb8   Section        0  main.o(i.MX_GPIO_Init)
    MX_GPIO_Init                             0x08000eb9   Thumb Code   134  main.o(i.MX_GPIO_Init)
    i.MX_USART2_UART_Init                    0x08000f50   Section        0  main.o(i.MX_USART2_UART_Init)
    MX_USART2_UART_Init                      0x08000f51   Thumb Code    36  main.o(i.MX_USART2_UART_Init)
    i.MemManage_Handler                      0x08000f7c   Section        0  stm32f3xx_it.o(i.MemManage_Handler)
    i.NMI_Handler                            0x08000f7e   Section        0  stm32f3xx_it.o(i.NMI_Handler)
    i.PendSV_Handler                         0x08000f80   Section        0  stm32f3xx_it.o(i.PendSV_Handler)
    i.SVC_Handler                            0x08000f82   Section        0  stm32f3xx_it.o(i.SVC_Handler)
    i.SysTick_Handler                        0x08000f84   Section        0  stm32f3xx_it.o(i.SysTick_Handler)
    i.SystemClock_Config                     0x08000f88   Section        0  main.o(i.SystemClock_Config)
    i.SystemInit                             0x08000fd4   Section        0  system_stm32f3xx.o(i.SystemInit)
    i.UART_AdvFeatureConfig                  0x08000fe4   Section        0  stm32f3xx_hal_uart.o(i.UART_AdvFeatureConfig)
    i.UART_CheckIdleState                    0x080010ac   Section        0  stm32f3xx_hal_uart.o(i.UART_CheckIdleState)
    i.UART_SetConfig                         0x08001108   Section        0  stm32f3xx_hal_uart.o(i.UART_SetConfig)
    i.UART_WaitOnFlagUntilTimeout            0x0800124c   Section        0  stm32f3xx_hal_uart.o(i.UART_WaitOnFlagUntilTimeout)
    i.UsageFault_Handler                     0x080012f0   Section        0  stm32f3xx_it.o(i.UsageFault_Handler)
    i.__NVIC_SetPriority                     0x080012f2   Section        0  stm32f3xx_hal_cortex.o(i.__NVIC_SetPriority)
    __NVIC_SetPriority                       0x080012f3   Thumb Code    32  stm32f3xx_hal_cortex.o(i.__NVIC_SetPriority)
    i.__scatterload_copy                     0x08001312   Section       14  handlers.o(i.__scatterload_copy)
    i.__scatterload_null                     0x08001320   Section        2  handlers.o(i.__scatterload_null)
    i.__scatterload_zeroinit                 0x08001322   Section       14  handlers.o(i.__scatterload_zeroinit)
    i.main                                   0x08001330   Section        0  main.o(i.main)
    .constdata                               0x0800139c   Section       32  stm32f3xx_hal_rcc.o(.constdata)
    .constdata                               0x080013bc   Section       16  system_stm32f3xx.o(.constdata)
    .constdata                               0x080013cc   Section        8  system_stm32f3xx.o(.constdata)
    .data                                    0x20000000   Section       12  stm32f3xx_hal.o(.data)
    .data                                    0x2000000c   Section        4  system_stm32f3xx.o(.data)
    .bss                                     0x20000010   Section      132  main.o(.bss)
    STACK                                    0x20000098   Section     1024  startup_stm32f302x8.o(STACK)

    Global Symbols

    Symbol Name                              Value     Ov Type        Size  Object(Section)

    BuildAttributes$$THM_ISAv4$E$P$D$K$B$S$7EM$VFPi3$EXTD16$VFPS$VFMA$PE$A:L22UL41UL21$X:L11$S22US41US21$IEEE1$IW$USESV6$~STKCKD$USESV7$~SHL$OSPACE$EBA8$MICROLIB$REQ8$PRES8$EABIv2 0x00000000   Number         0  anon$$obj.o ABSOLUTE
    __ARM_use_no_argv                        0x00000000   Number         0  main.o ABSOLUTE
    __cpp_initialize__aeabi_                  - Undefined Weak Reference
    __cxa_finalize                            - Undefined Weak Reference
    __decompress                              - Undefined Weak Reference
    _clock_init                               - Undefined Weak Reference
    _microlib_exit                            - Undefined Weak Reference
    __Vectors_Size                           0x00000188   Number         0  startup_stm32f302x8.o ABSOLUTE
    __Vectors                                0x08000000   Data           4  startup_stm32f302x8.o(RESET)
    __Vectors_End                            0x08000188   Data           0  startup_stm32f302x8.o(RESET)
    __main                                   0x08000189   Thumb Code     0  entry.o(.ARM.Collect$$$$00000000)
    _main_stk                                0x08000189   Thumb Code     0  entry2.o(.ARM.Collect$$$$00000001)
    _main_scatterload                        0x0800018d   Thumb Code     0  entry5.o(.ARM.Collect$$$$00000004)
    __main_after_scatterload                 0x08000191   Thumb Code     0  entry5.o(.ARM.Collect$$$$00000004)
    _main_clock                              0x08000191   Thumb Code     0  entry7b.o(.ARM.Collect$$$$00000008)
    _main_cpp_init                           0x08000191   Thumb Code     0  entry8b.o(.ARM.Collect$$$$0000000A)
    _main_init                               0x08000191   Thumb Code     0  entry9a.o(.ARM.Collect$$$$0000000B)
    __rt_final_cpp                           0x08000199   Thumb Code     0  entry10a.o(.ARM.Collect$$$$0000000D)
    __rt_final_exit                          0x08000199   Thumb Code     0  entry11a.o(.ARM.Collect$$$$0000000F)
    Reset_Handler                            0x0800019d   Thumb Code     8  startup_stm32f302x8.o(.text)
    ADC1_IRQHandler                          0x080001b7   Thumb Code     0  startup_stm32f302x8.o(.text)
    CAN_RX1_IRQHandler                       0x080001b7   Thumb Code     0  startup_stm32f302x8.o(.text)
    CAN_SCE_IRQHandler                       0x080001b7   Thumb Code     0  startup_stm32f302x8.o(.text)
    COMP2_IRQHandler                         0x080001b7   Thumb Code     0  startup_stm32f302x8.o(.text)
    COMP4_6_IRQHandler                       0x080001b7   Thumb Code     0  startup_stm32f302x8.o(.text)
    DMA1_Channel1_IRQHandler                 0x080001b7   Thumb Code     0  startup_stm32f302x8.o(.text)
    DMA1_Channel2_IRQHandler                 0x080001b7   Thumb Code     0  startup_stm32f302x8.o(.text)
    DMA1_Channel3_IRQHandler                 0x080001b7   Thumb Code     0  startup_stm32f302x8.o(.text)
    DMA1_Channel4_IRQHandler                 0x080001b7   Thumb Code     0  startup_stm32f302x8.o(.text)
    DMA1_Channel5_IRQHandler                 0x080001b7   Thumb Code     0  startup_stm32f302x8.o(.text)
    DMA1_Channel6_IRQHandler                 0x080001b7   Thumb Code     0  startup_stm32f302x8.o(.text)
    DMA1_Channel7_IRQHandler                 0x080001b7   Thumb Code     0  startup_stm32f302x8.o(.text)
    EXTI0_IRQHandler                         0x080001b7   Thumb Code     0  startup_stm32f302x8.o(.text)
    EXTI15_10_IRQHandler                     0x080001b7   Thumb Code     0  startup_stm32f302x8.o(.text)
    EXTI1_IRQHandler                         0x080001b7   Thumb Code     0  startup_stm32f302x8.o(.text)
    EXTI2_TSC_IRQHandler                     0x080001b7   Thumb Code     0  startup_stm32f302x8.o(.text)
    EXTI3_IRQHandler                         0x080001b7   Thumb Code     0  startup_stm32f302x8.o(.text)
    EXTI4_IRQHandler                         0x080001b7   Thumb Code     0  startup_stm32f302x8.o(.text)
    EXTI9_5_IRQHandler                       0x080001b7   Thumb Code     0  startup_stm32f302x8.o(.text)
    FLASH_IRQHandler                         0x080001b7   Thumb Code     0  startup_stm32f302x8.o(.text)
    FPU_IRQHandler                           0x080001b7   Thumb Code     0  startup_stm32f302x8.o(.text)
    I2C1_ER_IRQHandler                       0x080001b7   Thumb Code     0  startup_stm32f302x8.o(.text)
    I2C1_EV_IRQHandler                       0x080001b7   Thumb Code     0  startup_stm32f302x8.o(.text)
    I2C2_ER_IRQHandler                       0x080001b7   Thumb Code     0  startup_stm32f302x8.o(.text)
    I2C2_EV_IRQHandler                       0x080001b7   Thumb Code     0  startup_stm32f302x8.o(.text)
    I2C3_ER_IRQHandler                       0x080001b7   Thumb Code     0  startup_stm32f302x8.o(.text)
    I2C3_EV_IRQHandler                       0x080001b7   Thumb Code     0  startup_stm32f302x8.o(.text)
    PVD_IRQHandler                           0x080001b7   Thumb Code     0  startup_stm32f302x8.o(.text)
    RCC_IRQHandler                           0x080001b7   Thumb Code     0  startup_stm32f302x8.o(.text)
    RTC_Alarm_IRQHandler                     0x080001b7   Thumb Code     0  startup_stm32f302x8.o(.text)
    RTC_WKUP_IRQHandler                      0x080001b7   Thumb Code     0  startup_stm32f302x8.o(.text)
    SPI2_IRQHandler                          0x080001b7   Thumb Code     0  startup_stm32f302x8.o(.text)
    SPI3_IRQHandler                          0x080001b7   Thumb Code     0  startup_stm32f302x8.o(.text)
    TAMP_STAMP_IRQHandler                    0x080001b7   Thumb Code     0  startup_stm32f302x8.o(.text)
    TIM1_BRK_TIM15_IRQHandler                0x080001b7   Thumb Code     0  startup_stm32f302x8.o(.text)
    TIM1_CC_IRQHandler                       0x080001b7   Thumb Code     0  startup_stm32f302x8.o(.text)
    TIM1_TRG_COM_TIM17_IRQHandler            0x080001b7   Thumb Code     0  startup_stm32f302x8.o(.text)
    TIM1_UP_TIM16_IRQHandler                 0x080001b7   Thumb Code     0  startup_stm32f302x8.o(.text)
    TIM2_IRQHandler                          0x080001b7   Thumb Code     0  startup_stm32f302x8.o(.text)
    TIM6_DAC_IRQHandler                      0x080001b7   Thumb Code     0  startup_stm32f302x8.o(.text)
    USART1_IRQHandler                        0x080001b7   Thumb Code     0  startup_stm32f302x8.o(.text)
    USART2_IRQHandler                        0x080001b7   Thumb Code     0  startup_stm32f302x8.o(.text)
    USART3_IRQHandler                        0x080001b7   Thumb Code     0  startup_stm32f302x8.o(.text)
    USBWakeUp_IRQHandler                     0x080001b7   Thumb Code     0  startup_stm32f302x8.o(.text)
    USBWakeUp_RMP_IRQHandler                 0x080001b7   Thumb Code     0  startup_stm32f302x8.o(.text)
    USB_HP_CAN_TX_IRQHandler                 0x080001b7   Thumb Code     0  startup_stm32f302x8.o(.text)
    USB_HP_IRQHandler                        0x080001b7   Thumb Code     0  startup_stm32f302x8.o(.text)
    USB_LP_CAN_RX0_IRQHandler                0x080001b7   Thumb Code     0  startup_stm32f302x8.o(.text)
    USB_LP_IRQHandler                        0x080001b7   Thumb Code     0  startup_stm32f302x8.o(.text)
    WWDG_IRQHandler                          0x080001b7   Thumb Code     0  startup_stm32f302x8.o(.text)
    __aeabi_uldivmod                         0x080001c1   Thumb Code    98  uldiv.o(.text)
    __aeabi_llsr                             0x08000223   Thumb Code    32  llushr.o(.text)
    _ll_ushift_r                             0x08000223   Thumb Code     0  llushr.o(.text)
    __aeabi_memset                           0x08000243   Thumb Code    14  memseta.o(.text)
    __aeabi_memset4                          0x08000243   Thumb Code     0  memseta.o(.text)
    __aeabi_memset8                          0x08000243   Thumb Code     0  memseta.o(.text)
    __aeabi_memclr                           0x08000251   Thumb Code     4  memseta.o(.text)
    __aeabi_memclr4                          0x08000251   Thumb Code     0  memseta.o(.text)
    __aeabi_memclr8                          0x08000251   Thumb Code     0  memseta.o(.text)
    _memset$wrapper                          0x08000255   Thumb Code    18  memseta.o(.text)
    __aeabi_llsl                             0x08000267   Thumb Code    30  llshl.o(.text)
    _ll_shift_l                              0x08000267   Thumb Code     0  llshl.o(.text)
    __scatterload                            0x08000285   Thumb Code    28  init.o(.text)
    __scatterload_rt2                        0x08000285   Thumb Code     0  init.o(.text)
    BusFault_Handler                         0x080002a9   Thumb Code     2  stm32f3xx_it.o(i.BusFault_Handler)
    DWT_Delay_Init                           0x080002ad   Thumb Code    58  main.o(i.DWT_Delay_Init)
    DebugMon_Handler                         0x080002f1   Thumb Code     2  stm32f3xx_it.o(i.DebugMon_Handler)
    HAL_Delay                                0x080002f5   Thumb Code    32  stm32f3xx_hal.o(i.HAL_Delay)
    HAL_GPIO_Init                            0x08000319   Thumb Code   396  stm32f3xx_hal_gpio.o(i.HAL_GPIO_Init)
    HAL_GPIO_WritePin                        0x080004bd   Thumb Code    10  stm32f3xx_hal_gpio.o(i.HAL_GPIO_WritePin)
    HAL_GetTick                              0x080004c9   Thumb Code     6  stm32f3xx_hal.o(i.HAL_GetTick)
    HAL_IncTick                              0x080004d5   Thumb Code    12  stm32f3xx_hal.o(i.HAL_IncTick)
    HAL_Init                                 0x080004e5   Thumb Code    32  stm32f3xx_hal.o(i.HAL_Init)
    HAL_InitTick                             0x08000509   Thumb Code    54  stm32f3xx_hal.o(i.HAL_InitTick)
    HAL_MspInit                              0x08000549   Thumb Code    44  stm32f3xx_hal_msp.o(i.HAL_MspInit)
    HAL_NVIC_SetPriority                     0x08000579   Thumb Code    60  stm32f3xx_hal_cortex.o(i.HAL_NVIC_SetPriority)
    HAL_NVIC_SetPriorityGrouping             0x080005b9   Thumb Code    26  stm32f3xx_hal_cortex.o(i.HAL_NVIC_SetPriorityGrouping)
    HAL_RCC_ClockConfig                      0x080005dd   Thumb Code   308  stm32f3xx_hal_rcc.o(i.HAL_RCC_ClockConfig)
    HAL_RCC_GetHCLKFreq                      0x08000725   Thumb Code     6  stm32f3xx_hal_rcc.o(i.HAL_RCC_GetHCLKFreq)
    HAL_RCC_GetPCLK1Freq                     0x08000731   Thumb Code    34  stm32f3xx_hal_rcc.o(i.HAL_RCC_GetPCLK1Freq)
    HAL_RCC_GetPCLK2Freq                     0x08000761   Thumb Code    34  stm32f3xx_hal_rcc.o(i.HAL_RCC_GetPCLK2Freq)
    HAL_RCC_GetSysClockFreq                  0x08000791   Thumb Code    92  stm32f3xx_hal_rcc.o(i.HAL_RCC_GetSysClockFreq)
    HAL_RCC_OscConfig                        0x080007fd   Thumb Code  1480  stm32f3xx_hal_rcc.o(i.HAL_RCC_OscConfig)
    HAL_SYSTICK_Config                       0x08000dc5   Thumb Code    40  stm32f3xx_hal_cortex.o(i.HAL_SYSTICK_Config)
    HAL_UART_Init                            0x08000ded   Thumb Code   102  stm32f3xx_hal_uart.o(i.HAL_UART_Init)
    HAL_UART_MspInit                         0x08000e55   Thumb Code    88  stm32f3xx_hal_msp.o(i.HAL_UART_MspInit)
    HardFault_Handler                        0x08000eb5   Thumb Code     2  stm32f3xx_it.o(i.HardFault_Handler)
    MemManage_Handler                        0x08000f7d   Thumb Code     2  stm32f3xx_it.o(i.MemManage_Handler)
    NMI_Handler                              0x08000f7f   Thumb Code     2  stm32f3xx_it.o(i.NMI_Handler)
    PendSV_Handler                           0x08000f81   Thumb Code     2  stm32f3xx_it.o(i.PendSV_Handler)
    SVC_Handler                              0x08000f83   Thumb Code     2  stm32f3xx_it.o(i.SVC_Handler)
    SysTick_Handler                          0x08000f85   Thumb Code     4  stm32f3xx_it.o(i.SysTick_Handler)
    SystemClock_Config                       0x08000f89   Thumb Code    76  main.o(i.SystemClock_Config)
    SystemInit                               0x08000fd5   Thumb Code    12  system_stm32f3xx.o(i.SystemInit)
    UART_AdvFeatureConfig                    0x08000fe5   Thumb Code   200  stm32f3xx_hal_uart.o(i.UART_AdvFeatureConfig)
    UART_CheckIdleState                      0x080010ad   Thumb Code    92  stm32f3xx_hal_uart.o(i.UART_CheckIdleState)
    UART_SetConfig                           0x08001109   Thumb Code   298  stm32f3xx_hal_uart.o(i.UART_SetConfig)
    UART_WaitOnFlagUntilTimeout              0x0800124d   Thumb Code   164  stm32f3xx_hal_uart.o(i.UART_WaitOnFlagUntilTimeout)
    UsageFault_Handler                       0x080012f1   Thumb Code     2  stm32f3xx_it.o(i.UsageFault_Handler)
    __scatterload_copy                       0x08001313   Thumb Code    14  handlers.o(i.__scatterload_copy)
    __scatterload_null                       0x08001321   Thumb Code     2  handlers.o(i.__scatterload_null)
    __scatterload_zeroinit                   0x08001323   Thumb Code    14  handlers.o(i.__scatterload_zeroinit)
    main                                     0x08001331   Thumb Code    96  main.o(i.main)
    aPLLMULFactorTable                       0x0800139c   Data          16  stm32f3xx_hal_rcc.o(.constdata)
    aPredivFactorTable                       0x080013ac   Data          16  stm32f3xx_hal_rcc.o(.constdata)
    AHBPrescTable                            0x080013bc   Data          16  system_stm32f3xx.o(.constdata)
    APBPrescTable                            0x080013cc   Data           8  system_stm32f3xx.o(.constdata)
    Region$$Table$$Base                      0x080013d4   Number         0  anon$$obj.o(Region$$Table)
    Region$$Table$$Limit                     0x080013f4   Number         0  anon$$obj.o(Region$$Table)
    uwTickFreq                               0x20000000   Data           1  stm32f3xx_hal.o(.data)
    uwTickPrio                               0x20000004   Data           4  stm32f3xx_hal.o(.data)
    uwTick                                   0x20000008   Data           4  stm32f3xx_hal.o(.data)
    SystemCoreClock                          0x2000000c   Data           4  system_stm32f3xx.o(.data)
    huart2                                   0x20000010   Data         132  main.o(.bss)
    __initial_sp                             0x20000498   Data           0  startup_stm32f302x8.o(STACK)



==============================================================================

Memory Map of the image

  Image Entry point : 0x08000189

  Load Region LR_IROM1 (Base: 0x08000000, Size: 0x00001404, Max: 0x00010000, ABSOLUTE)

    Execution Region ER_IROM1 (Exec base: 0x08000000, Load base: 0x08000000, Size: 0x000013f4, Max: 0x00010000, ABSOLUTE)

    Exec Addr    Load Addr    Size         Type   Attr      Idx    E Section Name        Object

    0x08000000   0x08000000   0x00000188   Data   RO            3    RESET               startup_stm32f302x8.o
    0x08000188   0x08000188   0x00000000   Code   RO         2326  * .ARM.Collect$$$$00000000  mc_w.l(entry.o)
    0x08000188   0x08000188   0x00000004   Code   RO         2339    .ARM.Collect$$$$00000001  mc_w.l(entry2.o)
    0x0800018c   0x0800018c   0x00000004   Code   RO         2342    .ARM.Collect$$$$00000004  mc_w.l(entry5.o)
    0x08000190   0x08000190   0x00000000   Code   RO         2344    .ARM.Collect$$$$00000008  mc_w.l(entry7b.o)
    0x08000190   0x08000190   0x00000000   Code   RO         2346    .ARM.Collect$$$$0000000A  mc_w.l(entry8b.o)
    0x08000190   0x08000190   0x00000008   Code   RO         2347    .ARM.Collect$$$$0000000B  mc_w.l(entry9a.o)
    0x08000198   0x08000198   0x00000000   Code   RO         2349    .ARM.Collect$$$$0000000D  mc_w.l(entry10a.o)
    0x08000198   0x08000198   0x00000000   Code   RO         2351    .ARM.Collect$$$$0000000F  mc_w.l(entry11a.o)
    0x08000198   0x08000198   0x00000004   Code   RO         2340    .ARM.Collect$$$$00002712  mc_w.l(entry2.o)
    0x0800019c   0x0800019c   0x00000024   Code   RO            4    .text               startup_stm32f302x8.o
    0x080001c0   0x080001c0   0x00000062   Code   RO         2329    .text               mc_w.l(uldiv.o)
    0x08000222   0x08000222   0x00000020   Code   RO         2331    .text               mc_w.l(llushr.o)
    0x08000242   0x08000242   0x00000024   Code   RO         2335    .text               mc_w.l(memseta.o)
    0x08000266   0x08000266   0x0000001e   Code   RO         2353    .text               mc_w.l(llshl.o)
    0x08000284   0x08000284   0x00000024   Code   RO         2355    .text               mc_w.l(init.o)
    0x080002a8   0x080002a8   0x00000002   Code   RO          162    i.BusFault_Handler  stm32f3xx_it.o
    0x080002aa   0x080002aa   0x00000002   PAD
    0x080002ac   0x080002ac   0x00000044   Code   RO           13    i.DWT_Delay_Init    main.o
    0x080002f0   0x080002f0   0x00000002   Code   RO          163    i.DebugMon_Handler  stm32f3xx_it.o
    0x080002f2   0x080002f2   0x00000002   PAD
    0x080002f4   0x080002f4   0x00000024   Code   RO          780    i.HAL_Delay         stm32f3xx_hal.o
    0x08000318   0x08000318   0x000001a4   Code   RO         1097    i.HAL_GPIO_Init     stm32f3xx_hal_gpio.o
    0x080004bc   0x080004bc   0x0000000a   Code   RO         1101    i.HAL_GPIO_WritePin  stm32f3xx_hal_gpio.o
    0x080004c6   0x080004c6   0x00000002   PAD
    0x080004c8   0x080004c8   0x0000000c   Code   RO          784    i.HAL_GetTick       stm32f3xx_hal.o
    0x080004d4   0x080004d4   0x00000010   Code   RO          790    i.HAL_IncTick       stm32f3xx_hal.o
    0x080004e4   0x080004e4   0x00000024   Code   RO          791    i.HAL_Init          stm32f3xx_hal.o
    0x08000508   0x08000508   0x00000040   Code   RO          792    i.HAL_InitTick      stm32f3xx_hal.o
    0x08000548   0x08000548   0x00000030   Code   RO          237    i.HAL_MspInit       stm32f3xx_hal_msp.o
    0x08000578   0x08000578   0x00000040   Code   RO         1268    i.HAL_NVIC_SetPriority  stm32f3xx_hal_cortex.o
    0x080005b8   0x080005b8   0x00000024   Code   RO         1269    i.HAL_NVIC_SetPriorityGrouping  stm32f3xx_hal_cortex.o
    0x080005dc   0x080005dc   0x00000148   Code   RO          948    i.HAL_RCC_ClockConfig  stm32f3xx_hal_rcc.o
    0x08000724   0x08000724   0x0000000c   Code   RO          953    i.HAL_RCC_GetHCLKFreq  stm32f3xx_hal_rcc.o
    0x08000730   0x08000730   0x00000030   Code   RO          955    i.HAL_RCC_GetPCLK1Freq  stm32f3xx_hal_rcc.o
    0x08000760   0x08000760   0x00000030   Code   RO          956    i.HAL_RCC_GetPCLK2Freq  stm32f3xx_hal_rcc.o
    0x08000790   0x08000790   0x0000006c   Code   RO          957    i.HAL_RCC_GetSysClockFreq  stm32f3xx_hal_rcc.o
    0x080007fc   0x080007fc   0x000005c8   Code   RO          960    i.HAL_RCC_OscConfig  stm32f3xx_hal_rcc.o
    0x08000dc4   0x08000dc4   0x00000028   Code   RO         1273    i.HAL_SYSTICK_Config  stm32f3xx_hal_cortex.o
    0x08000dec   0x08000dec   0x00000066   Code   RO          338    i.HAL_UART_Init     stm32f3xx_hal_uart.o
    0x08000e52   0x08000e52   0x00000002   PAD
    0x08000e54   0x08000e54   0x00000060   Code   RO          239    i.HAL_UART_MspInit  stm32f3xx_hal_msp.o
    0x08000eb4   0x08000eb4   0x00000002   Code   RO          164    i.HardFault_Handler  stm32f3xx_it.o
    0x08000eb6   0x08000eb6   0x00000002   PAD
    0x08000eb8   0x08000eb8   0x00000098   Code   RO           15    i.MX_GPIO_Init      main.o
    0x08000f50   0x08000f50   0x0000002c   Code   RO           16    i.MX_USART2_UART_Init  main.o
    0x08000f7c   0x08000f7c   0x00000002   Code   RO          165    i.MemManage_Handler  stm32f3xx_it.o
    0x08000f7e   0x08000f7e   0x00000002   Code   RO          166    i.NMI_Handler       stm32f3xx_it.o
    0x08000f80   0x08000f80   0x00000002   Code   RO          167    i.PendSV_Handler    stm32f3xx_it.o
    0x08000f82   0x08000f82   0x00000002   Code   RO          168    i.SVC_Handler       stm32f3xx_it.o
    0x08000f84   0x08000f84   0x00000004   Code   RO          169    i.SysTick_Handler   stm32f3xx_it.o
    0x08000f88   0x08000f88   0x0000004c   Code   RO           17    i.SystemClock_Config  main.o
    0x08000fd4   0x08000fd4   0x00000010   Code   RO         2292    i.SystemInit        system_stm32f3xx.o
    0x08000fe4   0x08000fe4   0x000000c8   Code   RO          352    i.UART_AdvFeatureConfig  stm32f3xx_hal_uart.o
    0x080010ac   0x080010ac   0x0000005c   Code   RO          353    i.UART_CheckIdleState  stm32f3xx_hal_uart.o
    0x08001108   0x08001108   0x00000144   Code   RO          368    i.UART_SetConfig    stm32f3xx_hal_uart.o
    0x0800124c   0x0800124c   0x000000a4   Code   RO          373    i.UART_WaitOnFlagUntilTimeout  stm32f3xx_hal_uart.o
    0x080012f0   0x080012f0   0x00000002   Code   RO          170    i.UsageFault_Handler  stm32f3xx_it.o
    0x080012f2   0x080012f2   0x00000020   Code   RO         1275    i.__NVIC_SetPriority  stm32f3xx_hal_cortex.o
    0x08001312   0x08001312   0x0000000e   Code   RO         2359    i.__scatterload_copy  mc_w.l(handlers.o)
    0x08001320   0x08001320   0x00000002   Code   RO         2360    i.__scatterload_null  mc_w.l(handlers.o)
    0x08001322   0x08001322   0x0000000e   Code   RO         2361    i.__scatterload_zeroinit  mc_w.l(handlers.o)
    0x08001330   0x08001330   0x0000006c   Code   RO           18    i.main              main.o
    0x0800139c   0x0800139c   0x00000020   Data   RO          961    .constdata          stm32f3xx_hal_rcc.o
    0x080013bc   0x080013bc   0x00000010   Data   RO         2293    .constdata          system_stm32f3xx.o
    0x080013cc   0x080013cc   0x00000008   Data   RO         2294    .constdata          system_stm32f3xx.o
    0x080013d4   0x080013d4   0x00000020   Data   RO         2357    Region$$Table       anon$$obj.o


    Execution Region RW_IRAM1 (Exec base: 0x20000000, Load base: 0x080013f4, Size: 0x00000498, Max: 0x00004000, ABSOLUTE)

    Exec Addr    Load Addr    Size         Type   Attr      Idx    E Section Name        Object

    0x20000000   0x080013f4   0x0000000c   Data   RW          798    .data               stm32f3xx_hal.o
    0x2000000c   0x08001400   0x00000004   Data   RW         2295    .data               system_stm32f3xx.o
    0x20000010        -       0x00000084   Zero   RW           19    .bss                main.o
    0x20000094   0x08001404   0x00000004   PAD
    0x20000098        -       0x00000400   Zero   RW            1    STACK               startup_stm32f302x8.o


==============================================================================

Image component sizes


      Code (inc. data)   RO Data    RW Data    ZI Data      Debug   Object Name

       448         48          0          0        132     477698   main.o
        36          8        392          0       1024        856   startup_stm32f302x8.o
       164         28          0         12          0      12325   stm32f3xx_hal.o
       172         14          0          0          0      31678   stm32f3xx_hal_cortex.o
       430         24          0          0          0       2492   stm32f3xx_hal_gpio.o
       144         12          0          0          0       1653   stm32f3xx_hal_msp.o
      2024         82         32          0          0       6476   stm32f3xx_hal_rcc.o
       882         46          0          0          0       5101   stm32f3xx_hal_uart.o
        20          0          0          0          0       4370   stm32f3xx_it.o
        16          4         24          4          0       1195   system_stm32f3xx.o

    ----------------------------------------------------------------------
      4346        266        480         16       1160     543844   Object Totals
         0          0         32          0          0          0   (incl. Generated)
        10          0          0          0          4          0   (incl. Padding)

    ----------------------------------------------------------------------

      Code (inc. data)   RO Data    RW Data    ZI Data      Debug   Library Member Name

         0          0          0          0          0          0   entry.o
         0          0          0          0          0          0   entry10a.o
         0          0          0          0          0          0   entry11a.o
         8          4          0          0          0          0   entry2.o
         4          0          0          0          0          0   entry5.o
         0          0          0          0          0          0   entry7b.o
         0          0          0          0          0          0   entry8b.o
         8          4          0          0          0          0   entry9a.o
        30          0          0          0          0          0   handlers.o
        36          8          0          0          0         68   init.o
        30          0          0          0          0         68   llshl.o
        32          0          0          0          0         68   llushr.o
        36          0          0          0          0        108   memseta.o
        98          0          0          0          0         92   uldiv.o

    ----------------------------------------------------------------------
       282         16          0          0          0        404   Library Totals
         0          0          0          0          0          0   (incl. Padding)

    ----------------------------------------------------------------------

      Code (inc. data)   RO Data    RW Data    ZI Data      Debug   Library Name

       282         16          0          0          0        404   mc_w.l

    ----------------------------------------------------------------------
       282         16          0          0          0        404   Library Totals

    ----------------------------------------------------------------------

==============================================================================


      Code (inc. data)   RO Data    RW Data    ZI Data      Debug   

      4628        282        480         16       1160     541148   Grand Totals
      4628        282        480         16       1160     541148   ELF Image Totals
      4628        282        480         16          0          0   ROM Totals

==============================================================================

    Total RO  Size (Code + RO Data)                 5108 (   4.99kB)
    Total RW  Size (RW Data + ZI Data)              1176 (   1.15kB)
    Total ROM Size (Code + RO Data + RW Data)       5124 (   5.00kB)

==============================================================================

