<html>
<body>
<pre>
<h1>µVision Build Log</h1>
<h2>Tool Versions:</h2>
IDE-Version: µVision V5.33.0.0
Copyright (C) 2020 ARM Ltd and ARM Germany GmbH. All rights reserved.
License Information: Michael Gostev, ITMO University, LIC=----
 
Tool Versions:
Toolchain:       MDK-Lite  Version: 5.33.0.0
Toolchain Path:  C:\Keil_v5\ARM\ARMCC\Bin
C Compiler:      Armcc.exe V5.06 update 7 (build 960)
Assembler:       Armasm.exe V5.06 update 7 (build 960)
Linker/Locator:  ArmLink.exe V5.06 update 7 (build 960)
Library Manager: ArmAr.exe V5.06 update 7 (build 960)
Hex Converter:   FromElf.exe V5.06 update 7 (build 960)
CPU DLL:         SARMCM3.DLL V5.33.0.0
Dialog DLL:      DCM.DLL V1.17.3.0
Target DLL:      STLink\ST-LINKIII-KEIL_SWO.dll V3.0.8.0
Dialog DLL:      TCM.DLL V1.48.0.0
 
<h2>Project:</h2>
E:\Äîêóìåíòû\GitHub\SMKB_UKOS\OneWire_DS\MDK-ARM\OneWire_DS.uvprojx
Project File Date:  02/23/2021

<h2>Output:</h2>
*** Using Compiler 'V5.06 update 7 (build 960)', folder: 'C:\Keil_v5\ARM\ARMCC\Bin'
Build target 'OneWire_DS'
assembling startup_stm32f302x8.s...
compiling stm32f3xx_hal.c...
compiling seqAnalysis.c...
../Core/Inc/seqAnalysis.h(15): warning:  #1295-D: Deprecated declaration listen - give arg types
  void listen();
../Core/Inc/seqAnalysis.h(16): warning:  #1295-D: Deprecated declaration init_mask - give arg types
  void init_mask();
../Core/Inc/seqAnalysis.h(17): warning:  #1295-D: Deprecated declaration matched_filter - give arg types
  int matched_filter();
../Core/Inc/OneWire_Hi4Tech.h(31): warning:  #1-D: last line of file ends without a newline
  #endif
..\Core\Src\seqAnalysis.c: 4 warnings, 0 errors
compiling stm32f3xx_it.c...
compiling freqAnalysis.c...
..\Core\Src\freqAnalysis.c(22): warning:  #1035-D: single-precision operand implicitly converted to double-precision
  	a->time += (float)dt / 1000.;
..\Core\Src\freqAnalysis.c: 1 warning, 0 errors
compiling stm32f3xx_hal_msp.c...
compiling main.c...
../Core/Inc/OneWire_Hi4Tech.h(31): warning:  #1-D: last line of file ends without a newline
  #endif
../Core/Inc/seqAnalysis.h(15): warning:  #1295-D: Deprecated declaration listen - give arg types
  void listen();
../Core/Inc/seqAnalysis.h(16): warning:  #1295-D: Deprecated declaration init_mask - give arg types
  void init_mask();
../Core/Inc/seqAnalysis.h(17): warning:  #1295-D: Deprecated declaration matched_filter - give arg types
  int matched_filter();
../Core/Src/main.c: 4 warnings, 0 errors
compiling OneWire_Hi4Tech.c...
compiling stm32f3xx_hal_rcc_ex.c...
compiling stm32f3xx_hal_rcc.c...
compiling stm32f3xx_hal_tim_ex.c...
compiling stm32f3xx_hal_tim.c...
compiling stm32f3xx_hal_pwr.c...
compiling stm32f3xx_hal_flash.c...
compiling stm32f3xx_hal_gpio.c...
compiling stm32f3xx_hal_dma.c...
compiling stm32f3xx_hal_i2c_ex.c...
compiling stm32f3xx_hal_pwr_ex.c...
compiling stm32f3xx_hal_cortex.c...
compiling stm32f3xx_hal_flash_ex.c...
compiling stm32f3xx_hal_exti.c...
compiling stm32f3xx_hal_i2c.c...
compiling system_stm32f3xx.c...
compiling stm32f3xx_hal_uart_ex.c...
compiling stm32f3xx_hal_uart.c...
linking...
Program Size: Code=11428 RO-data=520 RW-data=24 ZI-data=2288  
FromELF: creating hex file...
"OneWire_DS\OneWire_DS.axf" - 0 Error(s), 9 Warning(s).

<h2>Software Packages used:</h2>

Package Vendor: ARM
                http://www.keil.com/pack/ARM.CMSIS.5.7.0.pack
                ARM.CMSIS.5.7.0
                CMSIS (Cortex Microcontroller Software Interface Standard)
   * Component: CORE Version: 5.4.0

Package Vendor: Keil
                http://www.keil.com/pack/Keil.STM32F3xx_DFP.2.1.0.pack
                Keil.STM32F3xx_DFP.2.1.0
                STMicroelectronics STM32F3 Series Device Support and Examples

<h2>Collection of Component include folders:</h2>
  .\RTE\_OneWire_DS
  C:\Users\prizr\AppData\Local\Arm\Packs\ARM\CMSIS\5.7.0\CMSIS\Core\Include
  C:\Users\prizr\AppData\Local\Arm\Packs\Keil\STM32F3xx_DFP\2.1.0\Drivers\CMSIS\Device\ST\STM32F3xx\Include

<h2>Collection of Component Files used:</h2>

   * Component: ARM::CMSIS:CORE:5.4.0
Build Time Elapsed:  00:00:08
</pre>
</body>
</html>
