Component: ARM Compiler 5.06 update 6 (build 750) Tool: armlink [4d35ed]

==============================================================================

Section Cross References

    main_f302.o(i.HAL_GPIO_EXTI_Callback) refers to __2sprintf.o(.text) for __2sprintf
    main_f302.o(i.HAL_GPIO_EXTI_Callback) refers to stm32f3xx_hal_uart.o(i.HAL_UART_Transmit) for HAL_UART_Transmit
    main_f302.o(i.HAL_GPIO_EXTI_Callback) refers to 6step_lib.o(i.MC_StopMotor) for MC_StopMotor
    main_f302.o(i.HAL_GPIO_EXTI_Callback) refers to stm32f3xx_hal.o(i.HAL_Delay) for HAL_Delay
    main_f302.o(i.HAL_GPIO_EXTI_Callback) refers to 6step_lib.o(i.MC_SixStep_Change_Direction) for MC_SixStep_Change_Direction
    main_f302.o(i.HAL_GPIO_EXTI_Callback) refers to 6step_lib.o(i.MC_StartMotor) for MC_StartMotor
    main_f302.o(i.HAL_GPIO_EXTI_Callback) refers to main_f302.o(.data) for .data
    main_f302.o(i.HAL_GPIO_EXTI_Callback) refers to main_f302.o(.bss) for .bss
    main_f302.o(i.HAL_TIM_PeriodElapsedCallback) refers to 6step_lib.o(i.MC_TIMx_SixStep_timebase) for MC_TIMx_SixStep_timebase
    main_f302.o(i.MX_ADC1_Init) refers to stm32f3xx_hal_adc_ex.o(i.HAL_ADC_Init) for HAL_ADC_Init
    main_f302.o(i.MX_ADC1_Init) refers to stm32f3xx_hal_adc_ex.o(i.HAL_ADC_ConfigChannel) for HAL_ADC_ConfigChannel
    main_f302.o(i.MX_ADC1_Init) refers to main_f302.o(.bss) for .bss
    main_f302.o(i.MX_GPIO_Init) refers to stm32f3xx_hal_gpio.o(i.HAL_GPIO_WritePin) for HAL_GPIO_WritePin
    main_f302.o(i.MX_GPIO_Init) refers to stm32f3xx_hal_gpio.o(i.HAL_GPIO_Init) for HAL_GPIO_Init
    main_f302.o(i.MX_GPIO_Init) refers to stm32f3xx_hal_cortex.o(i.HAL_NVIC_SetPriority) for HAL_NVIC_SetPriority
    main_f302.o(i.MX_GPIO_Init) refers to stm32f3xx_hal_cortex.o(i.HAL_NVIC_EnableIRQ) for HAL_NVIC_EnableIRQ
    main_f302.o(i.MX_TIM1_Init) refers to stm32f3xx_hal_tim.o(i.HAL_TIM_Base_Init) for HAL_TIM_Base_Init
    main_f302.o(i.MX_TIM1_Init) refers to stm32f3xx_hal_tim.o(i.HAL_TIM_ConfigClockSource) for HAL_TIM_ConfigClockSource
    main_f302.o(i.MX_TIM1_Init) refers to stm32f3xx_hal_tim.o(i.HAL_TIM_PWM_Init) for HAL_TIM_PWM_Init
    main_f302.o(i.MX_TIM1_Init) refers to stm32f3xx_hal_tim_ex.o(i.HAL_TIM_ConfigOCrefClear) for HAL_TIM_ConfigOCrefClear
    main_f302.o(i.MX_TIM1_Init) refers to stm32f3xx_hal_tim_ex.o(i.HAL_TIMEx_MasterConfigSynchronization) for HAL_TIMEx_MasterConfigSynchronization
    main_f302.o(i.MX_TIM1_Init) refers to stm32f3xx_hal_tim_ex.o(i.HAL_TIM_PWM_ConfigChannel) for HAL_TIM_PWM_ConfigChannel
    main_f302.o(i.MX_TIM1_Init) refers to stm32f3xx_hal_tim_ex.o(i.HAL_TIMEx_ConfigBreakDeadTime) for HAL_TIMEx_ConfigBreakDeadTime
    main_f302.o(i.MX_TIM1_Init) refers to stm32f3xx_hal_msp.o(i.HAL_TIM_MspPostInit) for HAL_TIM_MspPostInit
    main_f302.o(i.MX_TIM1_Init) refers to main_f302.o(.bss) for .bss
    main_f302.o(i.MX_TIM6_Init) refers to stm32f3xx_hal_tim.o(i.HAL_TIM_Base_Init) for HAL_TIM_Base_Init
    main_f302.o(i.MX_TIM6_Init) refers to stm32f3xx_hal_tim_ex.o(i.HAL_TIMEx_MasterConfigSynchronization) for HAL_TIMEx_MasterConfigSynchronization
    main_f302.o(i.MX_TIM6_Init) refers to main_f302.o(.bss) for .bss
    main_f302.o(i.MX_USART3_UART_Init) refers to stm32f3xx_hal_uart.o(i.HAL_UART_Init) for HAL_UART_Init
    main_f302.o(i.MX_USART3_UART_Init) refers to main_f302.o(.bss) for .bss
    main_f302.o(i.SystemClock_Config) refers to stm32f3xx_hal_rcc.o(i.HAL_RCC_OscConfig) for HAL_RCC_OscConfig
    main_f302.o(i.SystemClock_Config) refers to stm32f3xx_hal_rcc.o(i.HAL_RCC_ClockConfig) for HAL_RCC_ClockConfig
    main_f302.o(i.SystemClock_Config) refers to stm32f3xx_hal_rcc_ex.o(i.HAL_RCCEx_PeriphCLKConfig) for HAL_RCCEx_PeriphCLKConfig
    main_f302.o(i.SystemClock_Config) refers to stm32f3xx_hal_rcc.o(i.HAL_RCC_GetHCLKFreq) for HAL_RCC_GetHCLKFreq
    main_f302.o(i.SystemClock_Config) refers to stm32f3xx_hal_cortex.o(i.HAL_SYSTICK_Config) for HAL_SYSTICK_Config
    main_f302.o(i.SystemClock_Config) refers to stm32f3xx_hal_cortex.o(i.HAL_SYSTICK_CLKSourceConfig) for HAL_SYSTICK_CLKSourceConfig
    main_f302.o(i.SystemClock_Config) refers to stm32f3xx_hal_cortex.o(i.HAL_NVIC_SetPriority) for HAL_NVIC_SetPriority
    main_f302.o(i.main) refers to _printf_percent.o(.ARM.Collect$$_printf_percent$$00000000) for _printf_percent
    main_f302.o(i.main) refers to _printf_d.o(.ARM.Collect$$_printf_percent$$00000009) for _printf_d
    main_f302.o(i.main) refers to _printf_dec.o(.text) for _printf_int_dec
    main_f302.o(i.main) refers to _printf_f.o(.ARM.Collect$$_printf_percent$$00000003) for _printf_f
    main_f302.o(i.main) refers to printf1.o(x$fpl$printf1) for _printf_fp_dec
    main_f302.o(i.main) refers to stm32f3xx_hal.o(i.HAL_Init) for HAL_Init
    main_f302.o(i.main) refers to main_f302.o(i.SystemClock_Config) for SystemClock_Config
    main_f302.o(i.main) refers to main_f302.o(i.MX_GPIO_Init) for MX_GPIO_Init
    main_f302.o(i.main) refers to main_f302.o(i.MX_ADC1_Init) for MX_ADC1_Init
[...]
    powersof2to1over16top                    0x0800720c   Data          64  powf.o(.constdata)
    powersof2to1over16bot                    0x0800724c   Data          64  powf.o(.constdata)
    powersof2to1over16all                    0x0800728c   Data          64  powf.o(.constdata)
    .constdata                               0x080072cc   Section       32  rredf.o(.constdata)
    twooverpi                                0x080072cc   Data          32  rredf.o(.constdata)
    .constdata                               0x080072ec   Section      148  bigflt0.o(.constdata)
    tenpwrs_x                                0x080072ec   Data          60  bigflt0.o(.constdata)
    tenpwrs_i                                0x08007328   Data          64  bigflt0.o(.constdata)
    locale$$data                             0x080073a0   Section       28  lc_numeric_c.o(locale$$data)
    __lcnum_c_name                           0x080073a4   Data           2  lc_numeric_c.o(locale$$data)
    __lcnum_c_start                          0x080073ac   Data           0  lc_numeric_c.o(locale$$data)
    __lcnum_c_point                          0x080073b8   Data           0  lc_numeric_c.o(locale$$data)
    __lcnum_c_thousands                      0x080073ba   Data           0  lc_numeric_c.o(locale$$data)
    __lcnum_c_grouping                       0x080073bb   Data           0  lc_numeric_c.o(locale$$data)
    __lcnum_c_end                            0x080073bc   Data           0  lc_numeric_c.o(locale$$data)
    .data                                    0x20000000   Section        2  main_f302.o(.data)
    .data                                    0x20000002   Section        2  onewire_hi4tech.o(.data)
    .data                                    0x20000008   Section      104  6step_lib.o(.data)
    .data                                    0x20000070   Section        4  system_stm32f3xx.o(.data)
    .data                                    0x20000074   Section        4  stm32f3xx_hal.o(.data)
    .bss                                     0x20000078   Section      404  main_f302.o(.bss)
    .bss                                     0x2000020c   Section      100  onewire_hi4tech.o(.bss)
    .bss                                     0x20000270   Section      228  6step_lib.o(.bss)
    .bss                                     0x20000354   Section       96  libspace.o(.bss)
    HEAP                                     0x200003b8   Section      512  startup_stm32f302x8.o(HEAP)
    Heap_Mem                                 0x200003b8   Data         512  startup_stm32f302x8.o(HEAP)
    STACK                                    0x200005b8   Section     1024  startup_stm32f302x8.o(STACK)
    Stack_Mem                                0x200005b8   Data        1024  startup_stm32f302x8.o(STACK)
    __initial_sp                             0x200009b8   Data           0  startup_stm32f302x8.o(STACK)

    Global Symbols

    Symbol Name                              Value     Ov Type        Size  Object(Section)

    BuildAttributes$$THM_ISAv4$E$P$D$K$B$S$7EM$VFPi3$EXTD16$VFPS$VFMA$PE$A:L22UL41UL21$X:L11$S22US41US21$IEEE1$IW$USESV6$~STKCKD$USESV7$~SHL$OTIME$ROPI$IEEEX$EBA8$UX$STANDARDLIB$REQ8$PRES8$EABIv2 0x00000000   Number         0  anon$$obj.o ABSOLUTE
    __ARM_use_no_argv                        0x00000000   Number         0  main_f302.o ABSOLUTE
    _printf_flags                            0x00000000   Number         0  printf_stubs.o ABSOLUTE
    _printf_return_value                     0x00000000   Number         0  printf_stubs.o ABSOLUTE
    _printf_sizespec                         0x00000000   Number         0  printf_stubs.o ABSOLUTE
    _printf_widthprec                        0x00000000   Number         0  printf_stubs.o ABSOLUTE
    __ARM_exceptions_init                     - Undefined Weak Reference
    __alloca_initialize                       - Undefined Weak Reference
    __arm_preinit_                            - Undefined Weak Reference
    __cpp_initialize__aeabi_                  - Undefined Weak Reference
    __cxa_finalize                            - Undefined Weak Reference
    __sigvec_lookup                           - Undefined Weak Reference
    _atexit_init                              - Undefined Weak Reference
    _call_atexit_fns                          - Undefined Weak Reference
    _clock_init                               - Undefined Weak Reference
    _fp_trap_init                             - Undefined Weak Reference
    _fp_trap_shutdown                         - Undefined Weak Reference
    _get_lc_collate                           - Undefined Weak Reference
    _get_lc_ctype                             - Undefined Weak Reference
    _get_lc_monetary                          - Undefined Weak Reference
    _get_lc_time                              - Undefined Weak Reference
    _getenv_init                              - Undefined Weak Reference
    _handle_redirection                       - Undefined Weak Reference
    _init_alloc                               - Undefined Weak Reference
    _init_user_alloc                          - Undefined Weak Reference
    _initio                                   - Undefined Weak Reference
    _printf_post_padding                      - Undefined Weak Reference
    _printf_pre_padding                       - Undefined Weak Reference
    _printf_truncate_signed                   - Undefined Weak Reference
    _printf_truncate_unsigned                 - Undefined Weak Reference
    _rand_init                                - Undefined Weak Reference
    _signal_finish                            - Undefined Weak Reference
    _signal_init                              - Undefined Weak Reference
    _terminate_alloc                          - Undefined Weak Reference
    _terminate_user_alloc                     - Undefined Weak Reference
    _terminateio                              - Undefined Weak Reference
    __Vectors_Size                           0x00000188   Number         0  startup_stm32f302x8.o ABSOLUTE
    __Vectors                                0x08000000   Data           4  startup_stm32f302x8.o(RESET)
    __Vectors_End                            0x08000188   Data           0  startup_stm32f302x8.o(RESET)
    __main                                   0x08000189   Thumb Code     8  __main.o(!!!main)
    __scatterload                            0x08000191   Thumb Code     0  __scatter.o(!!!scatter)
    __scatterload_rt2                        0x08000191   Thumb Code    44  __scatter.o(!!!scatter)
    __scatterload_rt2_thumb_only             0x08000191   Thumb Code     0  __scatter.o(!!!scatter)
    __scatterload_null                       0x0800019f   Thumb Code     0  __scatter.o(!!!scatter)
    __scatterload_copy                       0x080001c5   Thumb Code    26  __scatter_copy.o(!!handler_copy)
    __scatterload_zeroinit                   0x080001e1   Thumb Code    28  __scatter_zi.o(!!handler_zi)
    _printf_f                                0x080001fd   Thumb Code     0  _printf_f.o(.ARM.Collect$$_printf_percent$$00000003)
    _printf_percent                          0x080001fd   Thumb Code     0  _printf_percent.o(.ARM.Collect$$_printf_percent$$00000000)
    _printf_d                                0x08000203   Thumb Code     0  _printf_d.o(.ARM.Collect$$_printf_percent$$00000009)
    _printf_percent_end                      0x08000209   Thumb Code     0  _printf_percent_end.o(.ARM.Collect$$_printf_percent$$00000017)
    __rt_lib_init                            0x0800020d   Thumb Code     0  libinit.o(.ARM.Collect$$libinit$$00000000)
    __rt_lib_init_fp_1                       0x0800020f   Thumb Code     0  libinit2.o(.ARM.Collect$$libinit$$00000001)
    __rt_lib_init_heap_1                     0x08000213   Thumb Code     0  libinit2.o(.ARM.Collect$$libinit$$0000000A)
    __rt_lib_init_lc_common                  0x08000213   Thumb Code     0  libinit2.o(.ARM.Collect$$libinit$$0000000F)
    __rt_lib_init_preinit_1                  0x08000213   Thumb Code     0  libinit2.o(.ARM.Collect$$libinit$$00000004)
    __rt_lib_init_rand_1                     0x08000213   Thumb Code     0  libinit2.o(.ARM.Collect$$libinit$$0000000E)
    __rt_lib_init_user_alloc_1               0x08000213   Thumb Code     0  libinit2.o(.ARM.Collect$$libinit$$0000000C)
    __rt_lib_init_lc_collate_1               0x08000219   Thumb Code     0  libinit2.o(.ARM.Collect$$libinit$$00000011)
    __rt_lib_init_lc_ctype_1                 0x08000219   Thumb Code     0  libinit2.o(.ARM.Collect$$libinit$$00000013)
    __rt_lib_init_lc_monetary_1              0x08000219   Thumb Code     0  libinit2.o(.ARM.Collect$$libinit$$00000015)
    __rt_lib_init_lc_numeric_2               0x08000219   Thumb Code     0  libinit2.o(.ARM.Collect$$libinit$$00000016)
    __rt_lib_init_alloca_1                   0x08000223   Thumb Code     0  libinit2.o(.ARM.Collect$$libinit$$0000002E)
    __rt_lib_init_argv_1                     0x08000223   Thumb Code     0  libinit2.o(.ARM.Collect$$libinit$$0000002C)
    __rt_lib_init_atexit_1                   0x08000223   Thumb Code     0  libinit2.o(.ARM.Collect$$libinit$$0000001B)
    __rt_lib_init_clock_1                    0x08000223   Thumb Code     0  libinit2.o(.ARM.Collect$$libinit$$00000021)
    __rt_lib_init_cpp_1                      0x08000223   Thumb Code     0  libinit2.o(.ARM.Collect$$libinit$$00000032)
    __rt_lib_init_exceptions_1               0x08000223   Thumb Code     0  libinit2.o(.ARM.Collect$$libinit$$00000030)
    __rt_lib_init_fp_trap_1                  0x08000223   Thumb Code     0  libinit2.o(.ARM.Collect$$libinit$$0000001F)
    __rt_lib_init_getenv_1                   0x08000223   Thumb Code     0  libinit2.o(.ARM.Collect$$libinit$$00000023)
    __rt_lib_init_lc_numeric_1               0x08000223   Thumb Code     0  libinit2.o(.ARM.Collect$$libinit$$00000017)
    __rt_lib_init_lc_time_1                  0x08000223   Thumb Code     0  libinit2.o(.ARM.Collect$$libinit$$00000019)
    __rt_lib_init_return                     0x08000223   Thumb Code     0  libinit2.o(.ARM.Collect$$libinit$$00000033)
    __rt_lib_init_signal_1                   0x08000223   Thumb Code     0  libinit2.o(.ARM.Collect$$libinit$$0000001D)
    __rt_lib_init_stdio_1                    0x08000223   Thumb Code     0  libinit2.o(.ARM.Collect$$libinit$$00000025)
    __rt_lib_shutdown                        0x08000225   Thumb Code     0  libshutdown.o(.ARM.Collect$$libshutdown$$00000000)
    __rt_lib_shutdown_cpp_1                  0x08000227   Thumb Code     0  libshutdown2.o(.ARM.Collect$$libshutdown$$00000002)
    __rt_lib_shutdown_fp_trap_1              0x08000227   Thumb Code     0  libshutdown2.o(.ARM.Collect$$libshutdown$$00000007)
    __rt_lib_shutdown_heap_1                 0x08000227   Thumb Code     0  libshutdown2.o(.ARM.Collect$$libshutdown$$0000000F)
    __rt_lib_shutdown_return                 0x08000227   Thumb Code     0  libshutdown2.o(.ARM.Collect$$libshutdown$$00000010)
    __rt_lib_shutdown_signal_1               0x08000227   Thumb Code     0  libshutdown2.o(.ARM.Collect$$libshutdown$$0000000A)
    __rt_lib_shutdown_stdio_1                0x08000227   Thumb Code     0  libshutdown2.o(.ARM.Collect$$libshutdown$$00000004)
    __rt_lib_shutdown_user_alloc_1           0x08000227   Thumb Code     0  libshutdown2.o(.ARM.Collect$$libshutdown$$0000000C)
    __rt_entry                               0x08000229   Thumb Code     0  __rtentry.o(.ARM.Collect$$rtentry$$00000000)
    __rt_entry_presh_1                       0x08000229   Thumb Code     0  __rtentry2.o(.ARM.Collect$$rtentry$$00000002)
    __rt_entry_sh                            0x08000229   Thumb Code     0  __rtentry4.o(.ARM.Collect$$rtentry$$00000004)
    __rt_entry_li                            0x0800022f   Thumb Code     0  __rtentry2.o(.ARM.Collect$$rtentry$$0000000A)
    __rt_entry_postsh_1                      0x0800022f   Thumb Code     0  __rtentry2.o(.ARM.Collect$$rtentry$$00000009)
    __rt_entry_main                          0x08000233   Thumb Code     0  __rtentry2.o(.ARM.Collect$$rtentry$$0000000D)
    __rt_entry_postli_1                      0x08000233   Thumb Code     0  __rtentry2.o(.ARM.Collect$$rtentry$$0000000C)
    __rt_exit                                0x0800023b   Thumb Code     0  rtexit.o(.ARM.Collect$$rtexit$$00000000)
    __rt_exit_ls                             0x0800023d   Thumb Code     0  rtexit2.o(.ARM.Collect$$rtexit$$00000003)
    __rt_exit_prels_1                        0x0800023d   Thumb Code     0  rtexit2.o(.ARM.Collect$$rtexit$$00000002)
    __rt_exit_exit                           0x08000241   Thumb Code     0  rtexit2.o(.ARM.Collect$$rtexit$$00000004)
    Reset_Handler                            0x08000249   Thumb Code     8  startup_stm32f302x8.o(.text)
    NMI_Handler                              0x08000251   Thumb Code     2  startup_stm32f302x8.o(.text)
    HardFault_Handler                        0x08000253   Thumb Code     2  startup_stm32f302x8.o(.text)
    MemManage_Handler                        0x08000255   Thumb Code     2  startup_stm32f302x8.o(.text)
    BusFault_Handler                         0x08000257   Thumb Code     2  startup_stm32f302x8.o(.text)
    UsageFault_Handler                       0x08000259   Thumb Code     2  startup_stm32f302x8.o(.text)
    SVC_Handler                              0x0800025b   Thumb Code     2  startup_stm32f302x8.o(.text)
    DebugMon_Handler                         0x0800025d   Thumb Code     2  startup_stm32f302x8.o(.text)
    PendSV_Handler                           0x0800025f   Thumb Code     2  startup_stm32f302x8.o(.text)
    CAN_RX1_IRQHandler                       0x08000263   Thumb Code     0  startup_stm32f302x8.o(.text)
    CAN_SCE_IRQHandler                       0x08000263   Thumb Code     0  startup_stm32f302x8.o(.text)
    COMP2_IRQHandler                         0x08000263   Thumb Code     0  startup_stm32f302x8.o(.text)
    COMP4_6_IRQHandler                       0x08000263   Thumb Code     0  startup_stm32f302x8.o(.text)
    DMA1_Channel1_IRQHandler                 0x08000263   Thumb Code     0  startup_stm32f302x8.o(.text)
    DMA1_Channel2_IRQHandler                 0x08000263   Thumb Code     0  startup_stm32f302x8.o(.text)
    DMA1_Channel3_IRQHandler                 0x08000263   Thumb Code     0  startup_stm32f302x8.o(.text)
    DMA1_Channel4_IRQHandler                 0x08000263   Thumb Code     0  startup_stm32f302x8.o(.text)
    DMA1_Channel5_IRQHandler                 0x08000263   Thumb Code     0  startup_stm32f302x8.o(.text)
    DMA1_Channel6_IRQHandler                 0x08000263   Thumb Code     0  startup_stm32f302x8.o(.text)
    DMA1_Channel7_IRQHandler                 0x08000263   Thumb Code     0  startup_stm32f302x8.o(.text)
    EXTI0_IRQHandler                         0x08000263   Thumb Code     0  startup_stm32f302x8.o(.text)
    EXTI15_10_IRQHandler                     0x08000263   Thumb Code     0  startup_stm32f302x8.o(.text)
    EXTI3_IRQHandler                         0x08000263   Thumb Code     0  startup_stm32f302x8.o(.text)
    EXTI4_IRQHandler                         0x08000263   Thumb Code     0  startup_stm32f302x8.o(.text)
    EXTI9_5_IRQHandler                       0x08000263   Thumb Code     0  startup_stm32f302x8.o(.text)
    FLASH_IRQHandler                         0x08000263   Thumb Code     0  startup_stm32f302x8.o(.text)
    FPU_IRQHandler                           0x08000263   Thumb Code     0  startup_stm32f302x8.o(.text)
    I2C1_ER_IRQHandler                       0x08000263   Thumb Code     0  startup_stm32f302x8.o(.text)
    I2C1_EV_IRQHandler                       0x08000263   Thumb Code     0  startup_stm32f302x8.o(.text)
    I2C2_ER_IRQHandler                       0x08000263   Thumb Code     0  startup_stm32f302x8.o(.text)
    I2C2_EV_IRQHandler                       0x08000263   Thumb Code     0  startup_stm32f302x8.o(.text)
    I2C3_ER_IRQHandler                       0x08000263   Thumb Code     0  startup_stm32f302x8.o(.text)
    I2C3_EV_IRQHandler                       0x08000263   Thumb Code     0  startup_stm32f302x8.o(.text)
    PVD_IRQHandler                           0x08000263   Thumb Code     0  startup_stm32f302x8.o(.text)
    RCC_IRQHandler                           0x08000263   Thumb Code     0  startup_stm32f302x8.o(.text)
    RTC_Alarm_IRQHandler                     0x08000263   Thumb Code     0  startup_stm32f302x8.o(.text)
    RTC_WKUP_IRQHandler                      0x08000263   Thumb Code     0  startup_stm32f302x8.o(.text)
    SPI2_IRQHandler                          0x08000263   Thumb Code     0  startup_stm32f302x8.o(.text)
    SPI3_IRQHandler                          0x08000263   Thumb Code     0  startup_stm32f302x8.o(.text)
    TAMP_STAMP_IRQHandler                    0x08000263   Thumb Code     0  startup_stm32f302x8.o(.text)
    TIM1_CC_IRQHandler                       0x08000263   Thumb Code     0  startup_stm32f302x8.o(.text)
    TIM1_TRG_COM_TIM17_IRQHandler            0x08000263   Thumb Code     0  startup_stm32f302x8.o(.text)
    TIM1_UP_TIM16_IRQHandler                 0x08000263   Thumb Code     0  startup_stm32f302x8.o(.text)
    TIM2_IRQHandler                          0x08000263   Thumb Code     0  startup_stm32f302x8.o(.text)
    USART1_IRQHandler                        0x08000263   Thumb Code     0  startup_stm32f302x8.o(.text)
    USART2_IRQHandler                        0x08000263   Thumb Code     0  startup_stm32f302x8.o(.text)
    USBWakeUp_IRQHandler                     0x08000263   Thumb Code     0  startup_stm32f302x8.o(.text)
    USBWakeUp_RMP_IRQHandler                 0x08000263   Thumb Code     0  startup_stm32f302x8.o(.text)
    USB_HP_CAN_TX_IRQHandler                 0x08000263   Thumb Code     0  startup_stm32f302x8.o(.text)
    USB_HP_IRQHandler                        0x08000263   Thumb Code     0  startup_stm32f302x8.o(.text)
    USB_LP_CAN_RX0_IRQHandler                0x08000263   Thumb Code     0  startup_stm32f302x8.o(.text)
    USB_LP_IRQHandler                        0x08000263   Thumb Code     0  startup_stm32f302x8.o(.text)
    WWDG_IRQHandler                          0x08000263   Thumb Code     0  startup_stm32f302x8.o(.text)
    __user_initial_stackheap                 0x08000265   Thumb Code     0  startup_stm32f302x8.o(.text)
    __aeabi_uldivmod                         0x08000289   Thumb Code     0  lludivv7m.o(.text)
    _ll_udiv                                 0x08000289   Thumb Code   238  lludivv7m.o(.text)
    __aeabi_llsl                             0x08000377   Thumb Code     0  llshl.o(.text)
    _ll_shift_l                              0x08000377   Thumb Code    38  llshl.o(.text)
    __2sprintf                               0x0800039d   Thumb Code    38  __2sprintf.o(.text)
    __printf                                 0x080003c9   Thumb Code   104  __printf.o(.text)
    _printf_int_dec                          0x08000431   Thumb Code   104  _printf_dec.o(.text)
    __aeabi_memcpy4                          0x080004a9   Thumb Code     0  rt_memcpy_w.o(.text)
    __aeabi_memcpy8                          0x080004a9   Thumb Code     0  rt_memcpy_w.o(.text)
    __rt_memcpy_w                            0x080004a9   Thumb Code   100  rt_memcpy_w.o(.text)
    _memcpy_lastbytes_aligned                0x080004f1   Thumb Code     0  rt_memcpy_w.o(.text)
    __aeabi_memclr4                          0x0800050d   Thumb Code     0  rt_memclr_w.o(.text)
    __aeabi_memclr8                          0x0800050d   Thumb Code     0  rt_memclr_w.o(.text)
    __rt_memclr_w                            0x0800050d   Thumb Code    78  rt_memclr_w.o(.text)
    _memset_w                                0x08000511   Thumb Code     0  rt_memclr_w.o(.text)
    __use_two_region_memory                  0x0800055b   Thumb Code     2  heapauxi.o(.text)
    __rt_heap_escrow$2region                 0x0800055d   Thumb Code     2  heapauxi.o(.text)
    __rt_heap_expand$2region                 0x0800055f   Thumb Code     2  heapauxi.o(.text)
    __read_errno                             0x08000561   Thumb Code    10  _rserrno.o(.text)
    __set_errno                              0x0800056b   Thumb Code    12  _rserrno.o(.text)
    _printf_int_common                       0x08000577   Thumb Code   178  _printf_intcommon.o(.text)
    __lib_sel_fp_printf                      0x08000629   Thumb Code     2  _printf_fp_dec.o(.text)
    _printf_fp_dec_real                      0x080007db   Thumb Code   620  _printf_fp_dec.o(.text)
    _printf_char_common                      0x08000a53   Thumb Code    32  _printf_char_common.o(.text)
    _sputc                                   0x08000a79   Thumb Code    10  _sputc.o(.text)
    __rt_locale                              0x08000a85   Thumb Code     8  rt_locale_intlibspace.o(.text)
    __aeabi_errno_addr                       0x08000a8d   Thumb Code     8  rt_errno_addr_intlibspace.o(.text)
    __errno$intlibspace                      0x08000a8d   Thumb Code     0  rt_errno_addr_intlibspace.o(.text)
    __rt_errno_addr$intlibspace              0x08000a8d   Thumb Code     0  rt_errno_addr_intlibspace.o(.text)
    _ll_udiv10                               0x08000a95   Thumb Code   138  lludiv10.o(.text)
    _printf_fp_infnan                        0x08000b21   Thumb Code   112  _printf_fp_infnan.o(.text)
    _btod_etento                             0x08000ba1   Thumb Code   224  bigflt0.o(.text)
    __user_libspace                          0x08000c85   Thumb Code     8  libspace.o(.text)
    __user_perproc_libspace                  0x08000c85   Thumb Code     0  libspace.o(.text)
    __user_perthread_libspace                0x08000c85   Thumb Code     0  libspace.o(.text)
    __user_setup_stackheap                   0x08000c8d   Thumb Code    74  sys_stackheap_outer.o(.text)
    exit                                     0x08000cd7   Thumb Code    18  exit.o(.text)
    strcmp                                   0x08000ce9   Thumb Code   128  strcmpv7m.o(.text)
    _sys_exit                                0x08000d69   Thumb Code     8  sys_exit.o(.text)
    __I$use$semihosting                      0x08000d75   Thumb Code     0  use_no_semi.o(.text)
    __use_no_semihosting_swi                 0x08000d75   Thumb Code     2  use_no_semi.o(.text)
    __semihosting_library_function           0x08000d77   Thumb Code     0  indicate_semi.o(.text)
    _btod_d2e                                0x08000d77   Thumb Code    62  btod.o(CL$$btod_d2e)
    _d2e_denorm_low                          0x08000db5   Thumb Code    70  btod.o(CL$$btod_d2e_denorm_low)
    _d2e_norm_op1                            0x08000dfb   Thumb Code    96  btod.o(CL$$btod_d2e_norm_op1)
    __btod_div_common                        0x08000e5b   Thumb Code   696  btod.o(CL$$btod_div_common)
    _e2e                                     0x08001193   Thumb Code   220  btod.o(CL$$btod_e2e)
    _btod_ediv                               0x0800126f   Thumb Code    42  btod.o(CL$$btod_ediv)
    _btod_emul                               0x08001299   Thumb Code    42  btod.o(CL$$btod_emul)
    __btod_mult_common                       0x080012c3   Thumb Code   580  btod.o(CL$$btod_mult_common)
    ADC1_IRQHandler                          0x08001509   Thumb Code     6  stm32f3xx_it.o(i.ADC1_IRQHandler)
    Bemf_delay_calc                          0x08001695   Thumb Code   464  stm32f302_nucleo_ihm07m1.o(i.Bemf_delay_calc)
    Check                                    0x0800186d   Thumb Code   186  onewire_hi4tech.o(i.Check)
    Clear_POR                                0x0800192d   Thumb Code    64  onewire_hi4tech.o(i.Clear_POR)
    EXTI1_IRQHandler                         0x08001971   Thumb Code     6  stm32f3xx_it.o(i.EXTI1_IRQHandler)
    EXTI2_TSC_IRQHandler                     0x08001977   Thumb Code     6  stm32f3xx_it.o(i.EXTI2_TSC_IRQHandler)
    HAL_ADCEx_InjectedConvCpltCallback       0x0800197d   Thumb Code     2  stm32f3xx_hal_adc_ex.o(i.HAL_ADCEx_InjectedConvCpltCallback)
    HAL_ADCEx_InjectedQueueOverflowCallback  0x0800197f   Thumb Code     2  stm32f3xx_hal_adc_ex.o(i.HAL_ADCEx_InjectedQueueOverflowCallback)
    HAL_ADCEx_LevelOutOfWindow2Callback      0x08001981   Thumb Code     2  stm32f3xx_hal_adc_ex.o(i.HAL_ADCEx_LevelOutOfWindow2Callback)
    HAL_ADCEx_LevelOutOfWindow3Callback      0x08001983   Thumb Code     2  stm32f3xx_hal_adc_ex.o(i.HAL_ADCEx_LevelOutOfWindow3Callback)
    HAL_ADC_ConfigChannel                    0x08001985   Thumb Code   794  stm32f3xx_hal_adc_ex.o(i.HAL_ADC_ConfigChannel)
    HAL_ADC_ConvCpltCallback                 0x08001cb1   Thumb Code     4  stm32f302_nucleo_ihm07m1.o(i.HAL_ADC_ConvCpltCallback)
    HAL_ADC_ErrorCallback                    0x08001cb5   Thumb Code     2  stm32f3xx_hal_adc.o(i.HAL_ADC_ErrorCallback)
    HAL_ADC_GetValue                         0x08001cb7   Thumb Code     6  stm32f3xx_hal_adc_ex.o(i.HAL_ADC_GetValue)
    HAL_ADC_IRQHandler                       0x08001cbd   Thumb Code   488  stm32f3xx_hal_adc_ex.o(i.HAL_ADC_IRQHandler)
    HAL_ADC_Init                             0x08001ea9   Thumb Code   422  stm32f3xx_hal_adc_ex.o(i.HAL_ADC_Init)
    HAL_ADC_LevelOutOfWindowCallback         0x08002065   Thumb Code     2  stm32f3xx_hal_adc.o(i.HAL_ADC_LevelOutOfWindowCallback)
    HAL_ADC_MspInit                          0x08002069   Thumb Code    98  stm32f3xx_hal_msp.o(i.HAL_ADC_MspInit)
    HAL_ADC_Start_IT                         0x080020d9   Thumb Code   174  stm32f3xx_hal_adc_ex.o(i.HAL_ADC_Start_IT)
    HAL_ADC_Stop_IT                          0x08002187   Thumb Code    72  stm32f3xx_hal_adc_ex.o(i.HAL_ADC_Stop_IT)
    HAL_DMA_Abort_IT                         0x080021cf   Thumb Code    74  stm32f3xx_hal_dma.o(i.HAL_DMA_Abort_IT)
    HAL_Delay                                0x08002219   Thumb Code    22  stm32f3xx_hal.o(i.HAL_Delay)
    HAL_GPIO_EXTI_Callback                   0x08002231   Thumb Code    96  main_f302.o(i.HAL_GPIO_EXTI_Callback)
    HAL_GPIO_EXTI_IRQHandler                 0x080022c1   Thumb Code    18  stm32f3xx_hal_gpio.o(i.HAL_GPIO_EXTI_IRQHandler)
    HAL_GPIO_Init                            0x080022d9   Thumb Code   358  stm32f3xx_hal_gpio.o(i.HAL_GPIO_Init)
    HAL_GPIO_ReadPin                         0x08002459   Thumb Code    10  stm32f3xx_hal_gpio.o(i.HAL_GPIO_ReadPin)
    HAL_GPIO_TogglePin                       0x08002463   Thumb Code     8  stm32f3xx_hal_gpio.o(i.HAL_GPIO_TogglePin)
    HAL_GPIO_WritePin                        0x0800246b   Thumb Code    10  stm32f3xx_hal_gpio.o(i.HAL_GPIO_WritePin)
    HAL_GetTick                              0x08002475   Thumb Code     6  6step_lib.o(i.HAL_GetTick)
    HAL_IncTick                              0x08002481   Thumb Code    10  6step_lib.o(i.HAL_IncTick)
    HAL_Init                                 0x08002491   Thumb Code    32  stm32f3xx_hal.o(i.HAL_Init)
    HAL_InitTick                             0x080024b5   Thumb Code    34  stm32f3xx_hal.o(i.HAL_InitTick)
    HAL_MspInit                              0x080024dd   Thumb Code   122  stm32f3xx_hal_msp.o(i.HAL_MspInit)
    HAL_NVIC_EnableIRQ                       0x0800255d   Thumb Code    22  stm32f3xx_hal_cortex.o(i.HAL_NVIC_EnableIRQ)
    HAL_NVIC_SetPriority                     0x08002575   Thumb Code    60  stm32f3xx_hal_cortex.o(i.HAL_NVIC_SetPriority)
    HAL_NVIC_SetPriorityGrouping             0x080025b5   Thumb Code    26  stm32f3xx_hal_cortex.o(i.HAL_NVIC_SetPriorityGrouping)
    HAL_RCCEx_PeriphCLKConfig                0x080025d9   Thumb Code   486  stm32f3xx_hal_rcc_ex.o(i.HAL_RCCEx_PeriphCLKConfig)
    HAL_RCC_ClockConfig                      0x080027cd   Thumb Code   374  stm32f3xx_hal_rcc.o(i.HAL_RCC_ClockConfig)
    HAL_RCC_GetHCLKFreq                      0x08002955   Thumb Code     6  stm32f3xx_hal_rcc.o(i.HAL_RCC_GetHCLKFreq)
    HAL_RCC_GetPCLK1Freq                     0x08002961   Thumb Code    34  stm32f3xx_hal_rcc.o(i.HAL_RCC_GetPCLK1Freq)
    HAL_RCC_GetPCLK2Freq                     0x08002991   Thumb Code    34  stm32f3xx_hal_rcc.o(i.HAL_RCC_GetPCLK2Freq)
    HAL_RCC_GetSysClockFreq                  0x080029c1   Thumb Code    84  stm32f3xx_hal_rcc.o(i.HAL_RCC_GetSysClockFreq)
    HAL_RCC_OscConfig                        0x08002a25   Thumb Code  1452  stm32f3xx_hal_rcc.o(i.HAL_RCC_OscConfig)
    HAL_SYSTICK_CLKSourceConfig              0x08002fd1   Thumb Code    24  stm32f3xx_hal_cortex.o(i.HAL_SYSTICK_CLKSourceConfig)
    HAL_SYSTICK_Callback                     0x08002fe9   Thumb Code     4  stm32f302_nucleo_ihm07m1.o(i.HAL_SYSTICK_Callback)
    HAL_SYSTICK_Config                       0x08002fed   Thumb Code    40  stm32f3xx_hal_cortex.o(i.HAL_SYSTICK_Config)
    HAL_SYSTICK_IRQHandler                   0x08003015   Thumb Code     8  stm32f3xx_hal_cortex.o(i.HAL_SYSTICK_IRQHandler)
    HAL_TIMEx_BreakCallback                  0x0800301d   Thumb Code     2  stm32f3xx_hal_tim_ex.o(i.HAL_TIMEx_BreakCallback)
    HAL_TIMEx_CommutationCallback            0x0800301f   Thumb Code     2  stm32f3xx_hal_tim_ex.o(i.HAL_TIMEx_CommutationCallback)
    HAL_TIMEx_ConfigBreakDeadTime            0x08003021   Thumb Code   132  stm32f3xx_hal_tim_ex.o(i.HAL_TIMEx_ConfigBreakDeadTime)
    HAL_TIMEx_MasterConfigSynchronization    0x080030a9   Thumb Code    72  stm32f3xx_hal_tim_ex.o(i.HAL_TIMEx_MasterConfigSynchronization)
    HAL_TIMEx_PWMN_Start                     0x080030f5   Thumb Code    36  stm32f3xx_hal_tim_ex.o(i.HAL_TIMEx_PWMN_Start)
    HAL_TIMEx_PWMN_Stop                      0x08003119   Thumb Code    68  stm32f3xx_hal_tim_ex.o(i.HAL_TIMEx_PWMN_Stop)
    HAL_TIM_Base_Init                        0x0800315d   Thumb Code    54  stm32f3xx_hal_tim.o(i.HAL_TIM_Base_Init)
    HAL_TIM_Base_MspInit                     0x08003195   Thumb Code   174  stm32f3xx_hal_msp.o(i.HAL_TIM_Base_MspInit)
    HAL_TIM_Base_Start_IT                    0x08003259   Thumb Code    24  stm32f3xx_hal_tim.o(i.HAL_TIM_Base_Start_IT)
    HAL_TIM_Base_Stop_IT                     0x08003271   Thumb Code    42  stm32f3xx_hal_tim.o(i.HAL_TIM_Base_Stop_IT)
    HAL_TIM_ConfigClockSource                0x0800329d   Thumb Code   246  stm32f3xx_hal_tim.o(i.HAL_TIM_ConfigClockSource)
    HAL_TIM_ConfigOCrefClear                 0x08003399   Thumb Code   272  stm32f3xx_hal_tim_ex.o(i.HAL_TIM_ConfigOCrefClear)
    HAL_TIM_IC_CaptureCallback               0x080034a9   Thumb Code     2  stm32f3xx_hal_tim.o(i.HAL_TIM_IC_CaptureCallback)
    HAL_TIM_IRQHandler                       0x080034ab   Thumb Code   358  stm32f3xx_hal_tim.o(i.HAL_TIM_IRQHandler)
    HAL_TIM_MspPostInit                      0x08003611   Thumb Code    76  stm32f3xx_hal_msp.o(i.HAL_TIM_MspPostInit)
    HAL_TIM_OC_DelayElapsedCallback          0x08003665   Thumb Code     2  stm32f3xx_hal_tim.o(i.HAL_TIM_OC_DelayElapsedCallback)
    HAL_TIM_PWM_ConfigChannel                0x08003667   Thumb Code   296  stm32f3xx_hal_tim_ex.o(i.HAL_TIM_PWM_ConfigChannel)
    HAL_TIM_PWM_Init                         0x0800378f   Thumb Code    54  stm32f3xx_hal_tim.o(i.HAL_TIM_PWM_Init)
    HAL_TIM_PWM_MspInit                      0x080037c5   Thumb Code     2  stm32f3xx_hal_tim.o(i.HAL_TIM_PWM_MspInit)
    HAL_TIM_PWM_PulseFinishedCallback        0x080037c7   Thumb Code     2  stm32f3xx_hal_tim.o(i.HAL_TIM_PWM_PulseFinishedCallback)
    HAL_TIM_PWM_Start                        0x080037c9   Thumb Code    60  stm32f3xx_hal_tim.o(i.HAL_TIM_PWM_Start)
    HAL_TIM_PWM_Stop                         0x08003815   Thumb Code    96  stm32f3xx_hal_tim.o(i.HAL_TIM_PWM_Stop)
    HAL_TIM_PeriodElapsedCallback            0x08003885   Thumb Code    14  main_f302.o(i.HAL_TIM_PeriodElapsedCallback)
    HAL_TIM_TriggerCallback                  0x08003899   Thumb Code     2  stm32f3xx_hal_tim.o(i.HAL_TIM_TriggerCallback)
    HAL_UARTEx_WakeupCallback                0x0800389b   Thumb Code     2  stm32f3xx_hal_uart_ex.o(i.HAL_UARTEx_WakeupCallback)
    HAL_UART_ErrorCallback                   0x0800389d   Thumb Code     2  stm32f3xx_hal_uart.o(i.HAL_UART_ErrorCallback)
    HAL_UART_IRQHandler                      0x080038a1   Thumb Code   316  stm32f3xx_hal_uart.o(i.HAL_UART_IRQHandler)
    HAL_UART_Init                            0x080039e1   Thumb Code   106  stm32f3xx_hal_uart.o(i.HAL_UART_Init)
    HAL_UART_MspInit                         0x08003a4d   Thumb Code    80  stm32f3xx_hal_msp.o(i.HAL_UART_MspInit)
    HAL_UART_RxCpltCallback                  0x08003aa9   Thumb Code     2  stm32f3xx_hal_uart.o(i.HAL_UART_RxCpltCallback)
    HAL_UART_Transmit                        0x08003aab   Thumb Code   180  stm32f3xx_hal_uart.o(i.HAL_UART_Transmit)
    HAL_UART_TxCpltCallback                  0x08003b5f   Thumb Code     2  stm32f3xx_hal_uart.o(i.HAL_UART_TxCpltCallback)
    MCM_Sqrt                                 0x08003b61   Thumb Code   112  6step_lib.o(i.MCM_Sqrt)
    MC_ADCx_SixStep_Bemf                     0x08003bd5   Thumb Code   256  6step_lib.o(i.MC_ADCx_SixStep_Bemf)
    MC_GetElSpeedHz                          0x08003ce5   Thumb Code    66  6step_lib.o(i.MC_GetElSpeedHz)
    MC_GetMechSpeedRPM                       0x08003d35   Thumb Code    24  6step_lib.o(i.MC_GetMechSpeedRPM)
    MC_PI_Controller                         0x08003d51   Thumb Code   156  6step_lib.o(i.MC_PI_Controller)
    MC_Set_PI_param                          0x08003df1   Thumb Code    44  6step_lib.o(i.MC_Set_PI_param)
    MC_Set_Speed                             0x08003e25   Thumb Code    10  6step_lib.o(i.MC_Set_Speed)
    MC_SixStep_ADC_Channel                   0x08003e35   Thumb Code    50  stm32f302_nucleo_ihm07m1.o(i.MC_SixStep_ADC_Channel)
    MC_SixStep_ARR_Bemf                      0x08003e6d   Thumb Code   130  6step_lib.o(i.MC_SixStep_ARR_Bemf)
    MC_SixStep_ARR_step                      0x08003f01   Thumb Code   138  6step_lib.o(i.MC_SixStep_ARR_step)
    MC_SixStep_Alignment                     0x08003f99   Thumb Code    66  6step_lib.o(i.MC_SixStep_Alignment)
    MC_SixStep_Change_Direction              0x08003fe9   Thumb Code    26  6step_lib.o(i.MC_SixStep_Change_Direction)
    MC_SixStep_DisableInput_CH1_D_CH2_D_CH3_D 0x0800400d   Thumb Code    30  stm32f302_nucleo_ihm07m1.o(i.MC_SixStep_DisableInput_CH1_D_CH2_D_CH3_D)
    MC_SixStep_HF_TIMx_SetDutyCycle_CH1      0x08004031   Thumb Code     8  stm32f302_nucleo_ihm07m1.o(i.MC_SixStep_HF_TIMx_SetDutyCycle_CH1)
    MC_SixStep_HF_TIMx_SetDutyCycle_CH2      0x0800403d   Thumb Code     8  stm32f302_nucleo_ihm07m1.o(i.MC_SixStep_HF_TIMx_SetDutyCycle_CH2)
    MC_SixStep_HF_TIMx_SetDutyCycle_CH3      0x08004049   Thumb Code     8  stm32f302_nucleo_ihm07m1.o(i.MC_SixStep_HF_TIMx_SetDutyCycle_CH3)
    MC_SixStep_INIT                          0x08004055   Thumb Code    54  6step_lib.o(i.MC_SixStep_INIT)
    MC_SixStep_Init_main_data                0x08004099   Thumb Code    42  6step_lib.o(i.MC_SixStep_Init_main_data)
    MC_SixStep_NEXT_step                     0x080040c9   Thumb Code   232  6step_lib.o(i.MC_SixStep_NEXT_step)
    MC_SixStep_Nucleo_Init                   0x080041c1   Thumb Code   134  stm32f302_nucleo_ihm07m1.o(i.MC_SixStep_Nucleo_Init)
    MC_SixStep_RESET                         0x08004255   Thumb Code   324  6step_lib.o(i.MC_SixStep_RESET)
    MC_SixStep_Ramp_Motor_calc               0x080043ad   Thumb Code   222  6step_lib.o(i.MC_SixStep_Ramp_Motor_calc)
    MC_SixStep_Stop_PWM_driving              0x080044a1   Thumb Code    54  stm32f302_nucleo_ihm07m1.o(i.MC_SixStep_Stop_PWM_driving)
    MC_SixStep_TABLE                         0x080044dd   Thumb Code   332  6step_lib.o(i.MC_SixStep_TABLE)
    MC_Speed_Filter                          0x08004631   Thumb Code   134  6step_lib.o(i.MC_Speed_Filter)
    MC_StartMotor                            0x080046c1   Thumb Code    46  6step_lib.o(i.MC_StartMotor)
    MC_StopMotor                             0x08004705   Thumb Code    72  6step_lib.o(i.MC_StopMotor)
    MC_SysTick_SixStep_MediumFrequencyTask   0x08004765   Thumb Code   150  6step_lib.o(i.MC_SysTick_SixStep_MediumFrequencyTask)
    MC_TIMx_SixStep_timebase                 0x08004809   Thumb Code    26  6step_lib.o(i.MC_TIMx_SixStep_timebase)
    MC_Task_Speed                            0x08004829   Thumb Code   122  6step_lib.o(i.MC_Task_Speed)
    Read                                     0x08004b75   Thumb Code    88  onewire_hi4tech.o(i.Read)
    Read_Sequencer                           0x08004bd1   Thumb Code    76  onewire_hi4tech.o(i.Read_Sequencer)
    Run_Sequencer                            0x08004c21   Thumb Code    86  onewire_hi4tech.o(i.Run_Sequencer)
    Set_Pin_Input                            0x08004c7d   Thumb Code    36  onewire_hi4tech.o(i.Set_Pin_Input)
    Set_Pin_Output                           0x08004ca1   Thumb Code    38  onewire_hi4tech.o(i.Set_Pin_Output)
    Start                                    0x08004cc9   Thumb Code    76  onewire_hi4tech.o(i.Start)
    Step_1                                   0x08004d1d   Thumb Code    82  onewire_hi4tech.o(i.Step_1)
    Step_3                                   0x08004d79   Thumb Code    90  onewire_hi4tech.o(i.Step_3)
    SysTick_Handler                          0x08004ddd   Thumb Code    14  stm32f3xx_it.o(i.SysTick_Handler)
    SystemClock_Config                       0x08004ded   Thumb Code   128  main_f302.o(i.SystemClock_Config)
    SystemInit                               0x08004e71   Thumb Code    82  system_stm32f3xx.o(i.SystemInit)
    TIM1_BRK_TIM15_IRQHandler                0x08004ed9   Thumb Code     2  stm32f3xx_it.o(i.TIM1_BRK_TIM15_IRQHandler)
    TIM6_DAC_IRQHandler                      0x08004edd   Thumb Code     6  stm32f3xx_it.o(i.TIM6_DAC_IRQHandler)
    TIM_Base_SetConfig                       0x08004ee9   Thumb Code   104  stm32f3xx_hal_tim.o(i.TIM_Base_SetConfig)
    TIM_CCxChannelCmd                        0x08004f61   Thumb Code    22  stm32f3xx_hal_tim.o(i.TIM_CCxChannelCmd)
    TIM_ETR_SetConfig                        0x08004f8d   Thumb Code    20  stm32f3xx_hal_tim.o(i.TIM_ETR_SetConfig)
    TIM_OC1_SetConfig                        0x08004fb1   Thumb Code   116  stm32f3xx_hal_tim.o(i.TIM_OC1_SetConfig)
    TIM_OC2_SetConfig                        0x08005039   Thumb Code   108  stm32f3xx_hal_tim.o(i.TIM_OC2_SetConfig)
    TIM_OC3_SetConfig                        0x080050b9   Thumb Code   106  stm32f3xx_hal_tim.o(i.TIM_OC3_SetConfig)
    TIM_OC4_SetConfig                        0x08005139   Thumb Code    86  stm32f3xx_hal_tim.o(i.TIM_OC4_SetConfig)
    UART_AdvFeatureConfig                    0x080052b7   Thumb Code   200  stm32f3xx_hal_uart.o(i.UART_AdvFeatureConfig)
    UART_CheckIdleState                      0x0800537f   Thumb Code    92  stm32f3xx_hal_uart.o(i.UART_CheckIdleState)
    UART_EndTransmit_IT                      0x0800540b   Thumb Code    26  stm32f3xx_hal_uart.o(i.UART_EndTransmit_IT)
    UART_Receive_IT                          0x08005425   Thumb Code   118  stm32f3xx_hal_uart.o(i.UART_Receive_IT)
    UART_SetConfig                           0x0800549d   Thumb Code   302  stm32f3xx_hal_uart.o(i.UART_SetConfig)
    UART_Transmit_IT                         0x080055e9   Thumb Code   100  stm32f3xx_hal_uart.o(i.UART_Transmit_IT)
    UART_WaitOnFlagUntilTimeout              0x0800564d   Thumb Code   100  stm32f3xx_hal_uart.o(i.UART_WaitOnFlagUntilTimeout)
    USART3_IRQHandler                        0x080056b1   Thumb Code     6  stm32f3xx_it.o(i.USART3_IRQHandler)
    Write                                    0x080056bd   Thumb Code   108  onewire_hi4tech.o(i.Write)
    Write_Sequencer                          0x0800572d   Thumb Code   130  onewire_hi4tech.o(i.Write_Sequencer)
    __ARM_fpclassify                         0x080057b5   Thumb Code    48  fpclassify.o(i.__ARM_fpclassify)
    __ARM_fpclassifyf                        0x080057e5   Thumb Code    38  fpclassifyf.o(i.__ARM_fpclassifyf)
    __hardfp_cosf                            0x0800580d   Thumb Code   280  cosf.o(i.__hardfp_cosf)
    __hardfp_fmod                            0x0800595d   Thumb Code   254  fmod.o(i.__hardfp_fmod)
    __hardfp_powf                            0x08005a61   Thumb Code  1606  powf.o(i.__hardfp_powf)
    __mathlib_powf                           0x08005a61   Thumb Code     0  powf.o(i.__hardfp_powf)
    __hardfp_sinf                            0x080060c5   Thumb Code   344  sinf.o(i.__hardfp_sinf)
    __mathlib_dbl_invalid                    0x08006259   Thumb Code    24  dunder.o(i.__mathlib_dbl_invalid)
    __mathlib_flt_divzero                    0x08006279   Thumb Code    14  funder.o(i.__mathlib_flt_divzero)
    __mathlib_flt_infnan                     0x0800628d   Thumb Code     6  funder.o(i.__mathlib_flt_infnan)
    __mathlib_flt_infnan2                    0x08006293   Thumb Code     6  funder.o(i.__mathlib_flt_infnan2)
    __mathlib_flt_invalid                    0x08006299   Thumb Code    10  funder.o(i.__mathlib_flt_invalid)
    __mathlib_flt_overflow                   0x080062a9   Thumb Code    10  funder.o(i.__mathlib_flt_overflow)
    __mathlib_flt_underflow                  0x080062b9   Thumb Code    10  funder.o(i.__mathlib_flt_underflow)
    __mathlib_rredf2                         0x080062c9   Thumb Code   316  rredf.o(i.__mathlib_rredf2)
    getScoreSquare                           0x0800641d   Thumb Code    46  freqanalysis.o(i.getScoreSquare)
    initAnaliser                             0x0800644d   Thumb Code    60  freqanalysis.o(i.initAnaliser)
    init_OW                                  0x08006491   Thumb Code    56  onewire_hi4tech.o(i.init_OW)
    main                                     0x080064c9   Thumb Code   362  main_f302.o(i.main)
    processSet                               0x08006685   Thumb Code   160  freqanalysis.o(i.processSet)
    run_OW                                   0x0800672d   Thumb Code    40  onewire_hi4tech.o(i.run_OW)
    set2SPI                                  0x08006759   Thumb Code    68  onewire_hi4tech.o(i.set2SPI)
    us_delay                                 0x080067a1   Thumb Code    52  onewire_hi4tech.o(i.us_delay)
    _get_lc_numeric                          0x080067e5   Thumb Code    44  lc_numeric_c.o(locale$$code)
    __aeabi_d2f                              0x08006811   Thumb Code     0  d2f.o(x$fpl$d2f)
    _d2f                                     0x08006811   Thumb Code    98  d2f.o(x$fpl$d2f)
    __aeabi_dadd                             0x08006875   Thumb Code     0  daddsub_clz.o(x$fpl$dadd)
    _dadd                                    0x08006875   Thumb Code   332  daddsub_clz.o(x$fpl$dadd)
    __aeabi_ddiv                             0x080069c5   Thumb Code     0  ddiv.o(x$fpl$ddiv)
    _ddiv                                    0x080069c5   Thumb Code   552  ddiv.o(x$fpl$ddiv)
    __fpl_dnaninf                            0x08006c75   Thumb Code   156  dnaninf.o(x$fpl$dnaninf)
    _drem                                    0x08006d11   Thumb Code   328  drem_clz.o(x$fpl$drem)
    __fpl_dretinf                            0x08006e61   Thumb Code    12  dretinf.o(x$fpl$dretinf)
    __aeabi_drsub                            0x08006e6d   Thumb Code     0  daddsub_clz.o(x$fpl$drsb)
    _drsb                                    0x08006e6d   Thumb Code    22  daddsub_clz.o(x$fpl$drsb)
    __aeabi_dsub                             0x08006e85   Thumb Code     0  daddsub_clz.o(x$fpl$dsub)
    _dsub                                    0x08006e85   Thumb Code   464  daddsub_clz.o(x$fpl$dsub)
    __aeabi_f2d                              0x08007059   Thumb Code     0  f2d.o(x$fpl$f2d)
    _f2d                                     0x08007059   Thumb Code    86  f2d.o(x$fpl$f2d)
    __fpl_fnaninf                            0x080070af   Thumb Code   140  fnaninf.o(x$fpl$fnaninf)
    _fp_init                                 0x0800713b   Thumb Code    10  fpinit.o(x$fpl$fpinit)
    __fplib_config_fpu_vfp                   0x08007143   Thumb Code     0  fpinit.o(x$fpl$fpinit)
    __fplib_config_pureend_doubles           0x08007143   Thumb Code     0  fpinit.o(x$fpl$fpinit)
    __fpl_fretinf                            0x08007145   Thumb Code    10  fretinf.o(x$fpl$fretinf)
    _printf_fp_dec                           0x0800714f   Thumb Code     4  printf1.o(x$fpl$printf1)
    AHBPrescTable                            0x08007152   Data          16  system_stm32f3xx.o(.constdata)
    __I$use$fp                               0x08007152   Number         0  usenofp.o(x$fpl$usenofp)
    APBPrescTable                            0x08007162   Data           8  system_stm32f3xx.o(.constdata)
    aPLLMULFactorTable                       0x0800716a   Data          16  stm32f3xx_hal_rcc.o(.constdata)
    aPredivFactorTable                       0x0800717a   Data          16  stm32f3xx_hal_rcc.o(.constdata)
    Region$$Table$$Base                      0x08007380   Number         0  anon$$obj.o(Region$$Table)
    Region$$Table$$Limit                     0x080073a0   Number         0  anon$$obj.o(Region$$Table)
    position                                 0x20000000   Data           1  main_f302.o(.data)
    attempt                                  0x20000001   Data           1  main_f302.o(.data)
    Response                                 0x20000002   Data           1  onewire_hi4tech.o(.data)
    Presence                                 0x20000003   Data           1  onewire_hi4tech.o(.data)
    array_completed                          0x20000008   Data           1  6step_lib.o(.data)
    Enable_start_button                      0x20000009   Data           1  6step_lib.o(.data)
    startup_bemf_failure                     0x2000000a   Data           1  6step_lib.o(.data)
    speed_fdbk_error                         0x2000000b   Data           1  6step_lib.o(.data)
    dir                                      0x2000000c   Data           1  6step_lib.o(.data)
    index_array                              0x2000000e   Data           2  6step_lib.o(.data)
    index_adc_chn                            0x20000010   Data           2  6step_lib.o(.data)
    index_motor_run                          0x20000012   Data           2  6step_lib.o(.data)
    test_motor_run                           0x20000014   Data           2  6step_lib.o(.data)
    index_ARR_step                           0x20000016   Data           2  6step_lib.o(.data)
    index_startup_motor                      0x20000018   Data           2  6step_lib.o(.data)
    target_speed                             0x2000001a   Data           2  6step_lib.o(.data)
    shift_n_sqrt                             0x2000001c   Data           2  6step_lib.o(.data)
    cnt_bemf_event                           0x2000001e   Data           2  6step_lib.o(.data)
    index_align                              0x20000020   Data           2  6step_lib.o(.data)
    index_pot_filt                           0x20000022   Data           2  6step_lib.o(.data)
    potent_filtered                          0x20000024   Data           2  6step_lib.o(.data)
    Rotor_poles_pairs                        0x20000026   Data           2  6step_lib.o(.data)
    mech_accel_hz                            0x20000028   Data           4  6step_lib.o(.data)
    constant_k                               0x2000002c   Data           4  6step_lib.o(.data)
    Time_vector_tmp                          0x20000030   Data           4  6step_lib.o(.data)
    Time_vector_prev_tmp                     0x20000034   Data           4  6step_lib.o(.data)
    T_single_step                            0x20000038   Data           4  6step_lib.o(.data)
    T_single_step_first_value                0x2000003c   Data           4  6step_lib.o(.data)
    delta                                    0x20000040   Data           4  6step_lib.o(.data)
    ARR_LF                                   0x20000044   Data           4  6step_lib.o(.data)
    Mech_Speed_RPM                           0x20000048   Data           4  6step_lib.o(.data)
    El_Speed_Hz                              0x2000004c   Data           4  6step_lib.o(.data)
    n_zcr_startup                            0x20000050   Data           4  6step_lib.o(.data)
    speed_sum_sp_filt                        0x20000054   Data           4  6step_lib.o(.data)
    speed_sum_pot_filt                       0x20000058   Data           4  6step_lib.o(.data)
    Tick_cnt                                 0x2000005c   Data           4  6step_lib.o(.data)
    counter_ARR_Bemf                         0x20000060   Data           4  6step_lib.o(.data)
    constant_multiplier_tmp                  0x20000068   Data           8  6step_lib.o(.data)
    SystemCoreClock                          0x20000070   Data           4  system_stm32f3xx.o(.data)
    uwTick                                   0x20000074   Data           4  stm32f3xx_hal.o(.data)
    hadc1                                    0x20000078   Data          84  main_f302.o(.bss)
    htim1                                    0x200000cc   Data          64  main_f302.o(.bss)
    htim6                                    0x2000010c   Data          64  main_f302.o(.bss)
    huart3                                   0x2000014c   Data         112  main_f302.o(.bss)
    huart2buffer                             0x200001bc   Data          30  main_f302.o(.bss)
    anal                                     0x200001dc   Data          24  main_f302.o(.bss)
    anal2                                    0x200001f4   Data          24  main_f302.o(.bss)
    bufferOW                                 0x2000020c   Data         100  onewire_hi4tech.o(.bss)
    SIXSTEP_parameters                       0x20000270   Data         196  6step_lib.o(.bss)
    PI_parameters                            0x20000334   Data          12  6step_lib.o(.bss)
    speed_tmp_array                          0x20000340   Data          20  6step_lib.o(.bss)
    __libspace_start                         0x20000354   Data          96  libspace.o(.bss)
    __temporary_stack_top$libspace           0x200003b4   Data           0  libspace.o(.bss)



==============================================================================

Memory Map of the image

  Image Entry point : 0x08000189

  Load Region LR_IROM1 (Base: 0x08000000, Size: 0x00007434, Max: 0x00010000, ABSOLUTE)

    Execution Region ER_IROM1 (Exec base: 0x08000000, Load base: 0x08000000, Size: 0x000073bc, Max: 0x00010000, ABSOLUTE)

    Exec Addr    Load Addr    Size         Type   Attr      Idx    E Section Name        Object

    0x08000000   0x08000000   0x00000188   Data   RO          590    RESET               startup_stm32f302x8.o
    0x08000188   0x08000188   0x00000008   Code   RO         3214  * !!!main             c_w.l(__main.o)
    0x08000190   0x08000190   0x00000034   Code   RO         3554    !!!scatter          c_w.l(__scatter.o)
    0x080001c4   0x080001c4   0x0000001a   Code   RO         3556    !!handler_copy      c_w.l(__scatter_copy.o)
    0x080001de   0x080001de   0x00000002   PAD
    0x080001e0   0x080001e0   0x0000001c   Code   RO         3558    !!handler_zi        c_w.l(__scatter_zi.o)
    0x080001fc   0x080001fc   0x00000000   Code   RO         3207    .ARM.Collect$$_printf_percent$$00000000  c_w.l(_printf_percent.o)
    0x080001fc   0x080001fc   0x00000006   Code   RO         3206    .ARM.Collect$$_printf_percent$$00000003  c_w.l(_printf_f.o)
    0x08000202   0x08000202   0x00000006   Code   RO         3205    .ARM.Collect$$_printf_percent$$00000009  c_w.l(_printf_d.o)
    0x08000208   0x08000208   0x00000004   Code   RO         3297    .ARM.Collect$$_printf_percent$$00000017  c_w.l(_printf_percent_end.o)
    0x0800020c   0x0800020c   0x00000002   Code   RO         3427    .ARM.Collect$$libinit$$00000000  c_w.l(libinit.o)
    0x0800020e   0x0800020e   0x00000004   Code   RO         3428    .ARM.Collect$$libinit$$00000001  c_w.l(libinit2.o)
    0x08000212   0x08000212   0x00000000   Code   RO         3431    .ARM.Collect$$libinit$$00000004  c_w.l(libinit2.o)
    0x08000212   0x08000212   0x00000000   Code   RO         3434    .ARM.Collect$$libinit$$0000000A  c_w.l(libinit2.o)
    0x08000212   0x08000212   0x00000000   Code   RO         3436    .ARM.Collect$$libinit$$0000000C  c_w.l(libinit2.o)
    0x08000212   0x08000212   0x00000000   Code   RO         3438    .ARM.Collect$$libinit$$0000000E  c_w.l(libinit2.o)
    0x08000212   0x08000212   0x00000006   Code   RO         3439    .ARM.Collect$$libinit$$0000000F  c_w.l(libinit2.o)
    0x08000218   0x08000218   0x00000000   Code   RO         3441    .ARM.Collect$$libinit$$00000011  c_w.l(libinit2.o)
    0x08000218   0x08000218   0x00000000   Code   RO         3443    .ARM.Collect$$libinit$$00000013  c_w.l(libinit2.o)
    0x08000218   0x08000218   0x00000000   Code   RO         3445    .ARM.Collect$$libinit$$00000015  c_w.l(libinit2.o)
    0x08000218   0x08000218   0x0000000a   Code   RO         3446    .ARM.Collect$$libinit$$00000016  c_w.l(libinit2.o)
    0x08000222   0x08000222   0x00000000   Code   RO         3447    .ARM.Collect$$libinit$$00000017  c_w.l(libinit2.o)
    0x08000222   0x08000222   0x00000000   Code   RO         3449    .ARM.Collect$$libinit$$00000019  c_w.l(libinit2.o)
    0x08000222   0x08000222   0x00000000   Code   RO         3451    .ARM.Collect$$libinit$$0000001B  c_w.l(libinit2.o)
    0x08000222   0x08000222   0x00000000   Code   RO         3453    .ARM.Collect$$libinit$$0000001D  c_w.l(libinit2.o)
    0x08000222   0x08000222   0x00000000   Code   RO         3455    .ARM.Collect$$libinit$$0000001F  c_w.l(libinit2.o)
    0x08000222   0x08000222   0x00000000   Code   RO         3457    .ARM.Collect$$libinit$$00000021  c_w.l(libinit2.o)
    0x08000222   0x08000222   0x00000000   Code   RO         3459    .ARM.Collect$$libinit$$00000023  c_w.l(libinit2.o)
    0x08000222   0x08000222   0x00000000   Code   RO         3461    .ARM.Collect$$libinit$$00000025  c_w.l(libinit2.o)
    0x08000222   0x08000222   0x00000000   Code   RO         3465    .ARM.Collect$$libinit$$0000002C  c_w.l(libinit2.o)
    0x08000222   0x08000222   0x00000000   Code   RO         3467    .ARM.Collect$$libinit$$0000002E  c_w.l(libinit2.o)
    0x08000222   0x08000222   0x00000000   Code   RO         3469    .ARM.Collect$$libinit$$00000030  c_w.l(libinit2.o)
    0x08000222   0x08000222   0x00000000   Code   RO         3471    .ARM.Collect$$libinit$$00000032  c_w.l(libinit2.o)
    0x08000222   0x08000222   0x00000002   Code   RO         3472    .ARM.Collect$$libinit$$00000033  c_w.l(libinit2.o)
    0x08000224   0x08000224   0x00000002   Code   RO         3519    .ARM.Collect$$libshutdown$$00000000  c_w.l(libshutdown.o)
    0x08000226   0x08000226   0x00000000   Code   RO         3537    .ARM.Collect$$libshutdown$$00000002  c_w.l(libshutdown2.o)
    0x08000226   0x08000226   0x00000000   Code   RO         3539    .ARM.Collect$$libshutdown$$00000004  c_w.l(libshutdown2.o)
    0x08000226   0x08000226   0x00000000   Code   RO         3542    .ARM.Collect$$libshutdown$$00000007  c_w.l(libshutdown2.o)
    0x08000226   0x08000226   0x00000000   Code   RO         3545    .ARM.Collect$$libshutdown$$0000000A  c_w.l(libshutdown2.o)
    0x08000226   0x08000226   0x00000000   Code   RO         3547    .ARM.Collect$$libshutdown$$0000000C  c_w.l(libshutdown2.o)
    0x08000226   0x08000226   0x00000000   Code   RO         3550    .ARM.Collect$$libshutdown$$0000000F  c_w.l(libshutdown2.o)
    0x08000226   0x08000226   0x00000002   Code   RO         3551    .ARM.Collect$$libshutdown$$00000010  c_w.l(libshutdown2.o)
    0x08000228   0x08000228   0x00000000   Code   RO         3282    .ARM.Collect$$rtentry$$00000000  c_w.l(__rtentry.o)
    0x08000228   0x08000228   0x00000000   Code   RO         3345    .ARM.Collect$$rtentry$$00000002  c_w.l(__rtentry2.o)
    0x08000228   0x08000228   0x00000006   Code   RO         3357    .ARM.Collect$$rtentry$$00000004  c_w.l(__rtentry4.o)
    0x0800022e   0x0800022e   0x00000000   Code   RO         3347    .ARM.Collect$$rtentry$$00000009  c_w.l(__rtentry2.o)
    0x0800022e   0x0800022e   0x00000004   Code   RO         3348    .ARM.Collect$$rtentry$$0000000A  c_w.l(__rtentry2.o)
    0x08000232   0x08000232   0x00000000   Code   RO         3350    .ARM.Collect$$rtentry$$0000000C  c_w.l(__rtentry2.o)
    0x08000232   0x08000232   0x00000008   Code   RO         3351    .ARM.Collect$$rtentry$$0000000D  c_w.l(__rtentry2.o)
    0x0800023a   0x0800023a   0x00000002   Code   RO         3473    .ARM.Collect$$rtexit$$00000000  c_w.l(rtexit.o)
    0x0800023c   0x0800023c   0x00000000   Code   RO         3488    .ARM.Collect$$rtexit$$00000002  c_w.l(rtexit2.o)
    0x0800023c   0x0800023c   0x00000004   Code   RO         3489    .ARM.Collect$$rtexit$$00000003  c_w.l(rtexit2.o)
    0x08000240   0x08000240   0x00000006   Code   RO         3490    .ARM.Collect$$rtexit$$00000004  c_w.l(rtexit2.o)
    0x08000246   0x08000246   0x00000002   PAD
    0x08000248   0x08000248   0x00000040   Code   RO          591    .text               startup_stm32f302x8.o
    0x08000288   0x08000288   0x000000ee   Code   RO         3173    .text               c_w.l(lludivv7m.o)
    0x08000376   0x08000376   0x00000026   Code   RO         3175    .text               c_w.l(llshl.o)
    0x0800039c   0x0800039c   0x0000002c   Code   RO         3177    .text               c_w.l(__2sprintf.o)
    0x080003c8   0x080003c8   0x00000068   Code   RO         3181    .text               c_w.l(__printf.o)
    0x08000430   0x08000430   0x00000078   Code   RO         3183    .text               c_w.l(_printf_dec.o)
    0x080004a8   0x080004a8   0x00000064   Code   RO         3208    .text               c_w.l(rt_memcpy_w.o)
    0x0800050c   0x0800050c   0x0000004e   Code   RO         3210    .text               c_w.l(rt_memclr_w.o)
    0x0800055a   0x0800055a   0x00000006   Code   RO         3212    .text               c_w.l(heapauxi.o)
    0x08000560   0x08000560   0x00000016   Code   RO         3287    .text               c_w.l(_rserrno.o)
    0x08000576   0x08000576   0x000000b2   Code   RO         3289    .text               c_w.l(_printf_intcommon.o)
    0x08000628   0x08000628   0x0000041e   Code   RO         3291    .text               c_w.l(_printf_fp_dec.o)
    0x08000a46   0x08000a46   0x00000002   PAD
    0x08000a48   0x08000a48   0x00000030   Code   RO         3293    .text               c_w.l(_printf_char_common.o)
    0x08000a78   0x08000a78   0x0000000a   Code   RO         3295    .text               c_w.l(_sputc.o)
    0x08000a82   0x08000a82   0x00000002   PAD
    0x08000a84   0x08000a84   0x00000008   Code   RO         3364    .text               c_w.l(rt_locale_intlibspace.o)
    0x08000a8c   0x08000a8c   0x00000008   Code   RO         3369    .text               c_w.l(rt_errno_addr_intlibspace.o)
    0x08000a94   0x08000a94   0x0000008a   Code   RO         3371    .text               c_w.l(lludiv10.o)
    0x08000b1e   0x08000b1e   0x00000002   PAD
    0x08000b20   0x08000b20   0x00000080   Code   RO         3373    .text               c_w.l(_printf_fp_infnan.o)
    0x08000ba0   0x08000ba0   0x000000e4   Code   RO         3377    .text               c_w.l(bigflt0.o)
    0x08000c84   0x08000c84   0x00000008   Code   RO         3409    .text               c_w.l(libspace.o)
    0x08000c8c   0x08000c8c   0x0000004a   Code   RO         3412    .text               c_w.l(sys_stackheap_outer.o)
    0x08000cd6   0x08000cd6   0x00000012   Code   RO         3414    .text               c_w.l(exit.o)
    0x08000ce8   0x08000ce8   0x00000080   Code   RO         3420    .text               c_w.l(strcmpv7m.o)
    0x08000d68   0x08000d68   0x0000000c   Code   RO         3485    .text               c_w.l(sys_exit.o)
    0x08000d74   0x08000d74   0x00000002   Code   RO         3506    .text               c_w.l(use_no_semi.o)
    0x08000d76   0x08000d76   0x00000000   Code   RO         3508    .text               c_w.l(indicate_semi.o)
    0x08000d76   0x08000d76   0x0000003e   Code   RO         3380    CL$$btod_d2e        c_w.l(btod.o)
    0x08000db4   0x08000db4   0x00000046   Code   RO         3382    CL$$btod_d2e_denorm_low  c_w.l(btod.o)
    0x08000dfa   0x08000dfa   0x00000060   Code   RO         3381    CL$$btod_d2e_norm_op1  c_w.l(btod.o)
    0x08000e5a   0x08000e5a   0x00000338   Code   RO         3390    CL$$btod_div_common  c_w.l(btod.o)
    0x08001192   0x08001192   0x000000dc   Code   RO         3387    CL$$btod_e2e        c_w.l(btod.o)
    0x0800126e   0x0800126e   0x0000002a   Code   RO         3384    CL$$btod_ediv       c_w.l(btod.o)
    0x08001298   0x08001298   0x0000002a   Code   RO         3383    CL$$btod_emul       c_w.l(btod.o)
    0x080012c2   0x080012c2   0x00000244   Code   RO         3389    CL$$btod_mult_common  c_w.l(btod.o)
    0x08001506   0x08001506   0x00000002   PAD
    0x08001508   0x08001508   0x0000000c   Code   RO          290    i.ADC1_IRQHandler   stm32f3xx_it.o
    0x08001514   0x08001514   0x000000bc   Code   RO         1135    i.ADC_ConversionStop  stm32f3xx_hal_adc_ex.o
    0x080015d0   0x080015d0   0x00000062   Code   RO         1139    i.ADC_Disable       stm32f3xx_hal_adc_ex.o
    0x08001632   0x08001632   0x00000002   PAD
    0x08001634   0x08001634   0x00000060   Code   RO         1140    i.ADC_Enable        stm32f3xx_hal_adc_ex.o
    0x08001694   0x08001694   0x000001d8   Code   RO          358    i.Bemf_delay_calc   stm32f302_nucleo_ihm07m1.o
    0x0800186c   0x0800186c   0x000000c0   Code   RO          467    i.Check             onewire_hi4tech.o
    0x0800192c   0x0800192c   0x00000044   Code   RO          468    i.Clear_POR         onewire_hi4tech.o
    0x08001970   0x08001970   0x00000006   Code   RO          291    i.EXTI1_IRQHandler  stm32f3xx_it.o
    0x08001976   0x08001976   0x00000006   Code   RO          292    i.EXTI2_TSC_IRQHandler  stm32f3xx_it.o
    0x0800197c   0x0800197c   0x00000002   Code   RO         1145    i.HAL_ADCEx_InjectedConvCpltCallback  stm32f3xx_hal_adc_ex.o
    0x0800197e   0x0800197e   0x00000002   Code   RO         1148    i.HAL_ADCEx_InjectedQueueOverflowCallback  stm32f3xx_hal_adc_ex.o
    0x08001980   0x08001980   0x00000002   Code   RO         1153    i.HAL_ADCEx_LevelOutOfWindow2Callback  stm32f3xx_hal_adc_ex.o
    0x08001982   0x08001982   0x00000002   Code   RO         1154    i.HAL_ADCEx_LevelOutOfWindow3Callback  stm32f3xx_hal_adc_ex.o
    0x08001984   0x08001984   0x0000032c   Code   RO         1159    i.HAL_ADC_ConfigChannel  stm32f3xx_hal_adc_ex.o
    0x08001cb0   0x08001cb0   0x00000004   Code   RO          359    i.HAL_ADC_ConvCpltCallback  stm32f302_nucleo_ihm07m1.o
    0x08001cb4   0x08001cb4   0x00000002   Code   RO          990    i.HAL_ADC_ErrorCallback  stm32f3xx_hal_adc.o
    0x08001cb6   0x08001cb6   0x00000006   Code   RO         1161    i.HAL_ADC_GetValue  stm32f3xx_hal_adc_ex.o
    0x08001cbc   0x08001cbc   0x000001ec   Code   RO         1162    i.HAL_ADC_IRQHandler  stm32f3xx_hal_adc_ex.o
    0x08001ea8   0x08001ea8   0x000001bc   Code   RO         1163    i.HAL_ADC_Init      stm32f3xx_hal_adc_ex.o
    0x08002064   0x08002064   0x00000002   Code   RO          996    i.HAL_ADC_LevelOutOfWindowCallback  stm32f3xx_hal_adc.o
    0x08002066   0x08002066   0x00000002   PAD
    0x08002068   0x08002068   0x00000070   Code   RO          225    i.HAL_ADC_MspInit   stm32f3xx_hal_msp.o
    0x080020d8   0x080020d8   0x000000ae   Code   RO         1168    i.HAL_ADC_Start_IT  stm32f3xx_hal_adc_ex.o
    0x08002186   0x08002186   0x00000048   Code   RO         1171    i.HAL_ADC_Stop_IT   stm32f3xx_hal_adc_ex.o
    0x080021ce   0x080021ce   0x0000004a   Code   RO         3041    i.HAL_DMA_Abort_IT  stm32f3xx_hal_dma.o
    0x08002218   0x08002218   0x00000016   Code   RO          857    i.HAL_Delay         stm32f3xx_hal.o
    0x0800222e   0x0800222e   0x00000002   PAD
    0x08002230   0x08002230   0x00000090   Code   RO            4    i.HAL_GPIO_EXTI_Callback  main_f302.o
    0x080022c0   0x080022c0   0x00000018   Code   RO         1488    i.HAL_GPIO_EXTI_IRQHandler  stm32f3xx_hal_gpio.o
    0x080022d8   0x080022d8   0x00000180   Code   RO         1489    i.HAL_GPIO_Init     stm32f3xx_hal_gpio.o
    0x08002458   0x08002458   0x0000000a   Code   RO         1491    i.HAL_GPIO_ReadPin  stm32f3xx_hal_gpio.o
    0x08002462   0x08002462   0x00000008   Code   RO         1492    i.HAL_GPIO_TogglePin  stm32f3xx_hal_gpio.o
    0x0800246a   0x0800246a   0x0000000a   Code   RO         1493    i.HAL_GPIO_WritePin  stm32f3xx_hal_gpio.o
    0x08002474   0x08002474   0x0000000c   Code   RO          598    i.HAL_GetTick       6step_lib.o
    0x08002480   0x08002480   0x00000010   Code   RO          599    i.HAL_IncTick       6step_lib.o
    0x08002490   0x08002490   0x00000024   Code   RO          863    i.HAL_Init          stm32f3xx_hal.o
    0x080024b4   0x080024b4   0x00000028   Code   RO          864    i.HAL_InitTick      stm32f3xx_hal.o
    0x080024dc   0x080024dc   0x00000080   Code   RO          226    i.HAL_MspInit       stm32f3xx_hal_msp.o
    0x0800255c   0x0800255c   0x00000016   Code   RO         1371    i.HAL_NVIC_EnableIRQ  stm32f3xx_hal_cortex.o
    0x08002572   0x08002572   0x00000002   PAD
    0x08002574   0x08002574   0x00000040   Code   RO         1377    i.HAL_NVIC_SetPriority  stm32f3xx_hal_cortex.o
    0x080025b4   0x080025b4   0x00000024   Code   RO         1378    i.HAL_NVIC_SetPriorityGrouping  stm32f3xx_hal_cortex.o
    0x080025d8   0x080025d8   0x000001f4   Code   RO         1659    i.HAL_RCCEx_PeriphCLKConfig  stm32f3xx_hal_rcc_ex.o
    0x080027cc   0x080027cc   0x00000188   Code   RO         1553    i.HAL_RCC_ClockConfig  stm32f3xx_hal_rcc.o
    0x08002954   0x08002954   0x0000000c   Code   RO         1558    i.HAL_RCC_GetHCLKFreq  stm32f3xx_hal_rcc.o
    0x08002960   0x08002960   0x00000030   Code   RO         1560    i.HAL_RCC_GetPCLK1Freq  stm32f3xx_hal_rcc.o
    0x08002990   0x08002990   0x00000030   Code   RO         1561    i.HAL_RCC_GetPCLK2Freq  stm32f3xx_hal_rcc.o
    0x080029c0   0x080029c0   0x00000064   Code   RO         1562    i.HAL_RCC_GetSysClockFreq  stm32f3xx_hal_rcc.o
    0x08002a24   0x08002a24   0x000005ac   Code   RO         1565    i.HAL_RCC_OscConfig  stm32f3xx_hal_rcc.o
    0x08002fd0   0x08002fd0   0x00000018   Code   RO         1380    i.HAL_SYSTICK_CLKSourceConfig  stm32f3xx_hal_cortex.o
    0x08002fe8   0x08002fe8   0x00000004   Code   RO          360    i.HAL_SYSTICK_Callback  stm32f302_nucleo_ihm07m1.o
    0x08002fec   0x08002fec   0x00000028   Code   RO         1382    i.HAL_SYSTICK_Config  stm32f3xx_hal_cortex.o
    0x08003014   0x08003014   0x00000008   Code   RO         1383    i.HAL_SYSTICK_IRQHandler  stm32f3xx_hal_cortex.o
    0x0800301c   0x0800301c   0x00000002   Code   RO         2333    i.HAL_TIMEx_BreakCallback  stm32f3xx_hal_tim_ex.o
    0x0800301e   0x0800301e   0x00000002   Code   RO         2334    i.HAL_TIMEx_CommutationCallback  stm32f3xx_hal_tim_ex.o
    0x08003020   0x08003020   0x00000088   Code   RO         2335    i.HAL_TIMEx_ConfigBreakDeadTime  stm32f3xx_hal_tim_ex.o
    0x080030a8   0x080030a8   0x0000004c   Code   RO         2351    i.HAL_TIMEx_MasterConfigSynchronization  stm32f3xx_hal_tim_ex.o
    0x080030f4   0x080030f4   0x00000024   Code   RO         2362    i.HAL_TIMEx_PWMN_Start  stm32f3xx_hal_tim_ex.o
    0x08003118   0x08003118   0x00000044   Code   RO         2365    i.HAL_TIMEx_PWMN_Stop  stm32f3xx_hal_tim_ex.o
    0x0800315c   0x0800315c   0x00000036   Code   RO         1701    i.HAL_TIM_Base_Init  stm32f3xx_hal_tim.o
    0x08003192   0x08003192   0x00000002   PAD
    0x08003194   0x08003194   0x000000c4   Code   RO          228    i.HAL_TIM_Base_MspInit  stm32f3xx_hal_msp.o
    0x08003258   0x08003258   0x00000018   Code   RO         1706    i.HAL_TIM_Base_Start_IT  stm32f3xx_hal_tim.o
    0x08003270   0x08003270   0x0000002a   Code   RO         1709    i.HAL_TIM_Base_Stop_IT  stm32f3xx_hal_tim.o
    0x0800329a   0x0800329a   0x00000002   PAD
    0x0800329c   0x0800329c   0x000000fc   Code   RO         1710    i.HAL_TIM_ConfigClockSource  stm32f3xx_hal_tim.o
    0x08003398   0x08003398   0x00000110   Code   RO         2369    i.HAL_TIM_ConfigOCrefClear  stm32f3xx_hal_tim_ex.o
    0x080034a8   0x080034a8   0x00000002   Code   RO         1730    i.HAL_TIM_IC_CaptureCallback  stm32f3xx_hal_tim.o
    0x080034aa   0x080034aa   0x00000166   Code   RO         1743    i.HAL_TIM_IRQHandler  stm32f3xx_hal_tim.o
    0x08003610   0x08003610   0x00000054   Code   RO          229    i.HAL_TIM_MspPostInit  stm32f3xx_hal_msp.o
    0x08003664   0x08003664   0x00000002   Code   RO         1746    i.HAL_TIM_OC_DelayElapsedCallback  stm32f3xx_hal_tim.o
    0x08003666   0x08003666   0x00000128   Code   RO         2371    i.HAL_TIM_PWM_ConfigChannel  stm32f3xx_hal_tim_ex.o
    0x0800378e   0x0800378e   0x00000036   Code   RO         1770    i.HAL_TIM_PWM_Init  stm32f3xx_hal_tim.o
    0x080037c4   0x080037c4   0x00000002   Code   RO         1772    i.HAL_TIM_PWM_MspInit  stm32f3xx_hal_tim.o
    0x080037c6   0x080037c6   0x00000002   Code   RO         1773    i.HAL_TIM_PWM_PulseFinishedCallback  stm32f3xx_hal_tim.o
    0x080037c8   0x080037c8   0x0000004c   Code   RO         1774    i.HAL_TIM_PWM_Start  stm32f3xx_hal_tim.o
    0x08003814   0x08003814   0x00000070   Code   RO         1777    i.HAL_TIM_PWM_Stop  stm32f3xx_hal_tim.o
    0x08003884   0x08003884   0x00000014   Code   RO            5    i.HAL_TIM_PeriodElapsedCallback  main_f302.o
    0x08003898   0x08003898   0x00000002   Code   RO         1784    i.HAL_TIM_TriggerCallback  stm32f3xx_hal_tim.o
    0x0800389a   0x0800389a   0x00000002   Code   RO         2971    i.HAL_UARTEx_WakeupCallback  stm32f3xx_hal_uart_ex.o
    0x0800389c   0x0800389c   0x00000002   Code   RO         2628    i.HAL_UART_ErrorCallback  stm32f3xx_hal_uart.o
    0x0800389e   0x0800389e   0x00000002   PAD
    0x080038a0   0x080038a0   0x00000140   Code   RO         2631    i.HAL_UART_IRQHandler  stm32f3xx_hal_uart.o
    0x080039e0   0x080039e0   0x0000006a   Code   RO         2632    i.HAL_UART_Init     stm32f3xx_hal_uart.o
    0x08003a4a   0x08003a4a   0x00000002   PAD
    0x08003a4c   0x08003a4c   0x0000005c   Code   RO          231    i.HAL_UART_MspInit  stm32f3xx_hal_msp.o
    0x08003aa8   0x08003aa8   0x00000002   Code   RO         2638    i.HAL_UART_RxCpltCallback  stm32f3xx_hal_uart.o
    0x08003aaa   0x08003aaa   0x000000b4   Code   RO         2640    i.HAL_UART_Transmit  stm32f3xx_hal_uart.o
    0x08003b5e   0x08003b5e   0x00000002   Code   RO         2643    i.HAL_UART_TxCpltCallback  stm32f3xx_hal_uart.o
    0x08003b60   0x08003b60   0x00000074   Code   RO          600    i.MCM_Sqrt          6step_lib.o
    0x08003bd4   0x08003bd4   0x00000110   Code   RO          601    i.MC_ADCx_SixStep_Bemf  6step_lib.o
    0x08003ce4   0x08003ce4   0x00000050   Code   RO          604    i.MC_GetElSpeedHz   6step_lib.o
    0x08003d34   0x08003d34   0x0000001c   Code   RO          605    i.MC_GetMechSpeedRPM  6step_lib.o
    0x08003d50   0x08003d50   0x000000a0   Code   RO          607    i.MC_PI_Controller  6step_lib.o
    0x08003df0   0x08003df0   0x00000034   Code   RO          608    i.MC_Set_PI_param   6step_lib.o
    0x08003e24   0x08003e24   0x00000010   Code   RO          609    i.MC_Set_Speed      6step_lib.o
    0x08003e34   0x08003e34   0x00000038   Code   RO          361    i.MC_SixStep_ADC_Channel  stm32f302_nucleo_ihm07m1.o
    0x08003e6c   0x08003e6c   0x00000094   Code   RO          610    i.MC_SixStep_ARR_Bemf  6step_lib.o
    0x08003f00   0x08003f00   0x00000098   Code   RO          611    i.MC_SixStep_ARR_step  6step_lib.o
    0x08003f98   0x08003f98   0x00000050   Code   RO          612    i.MC_SixStep_Alignment  6step_lib.o
    0x08003fe8   0x08003fe8   0x00000024   Code   RO          613    i.MC_SixStep_Change_Direction  6step_lib.o
    0x0800400c   0x0800400c   0x00000024   Code   RO          362    i.MC_SixStep_DisableInput_CH1_D_CH2_D_CH3_D  stm32f302_nucleo_ihm07m1.o
    0x08004030   0x08004030   0x0000000c   Code   RO          363    i.MC_SixStep_HF_TIMx_SetDutyCycle_CH1  stm32f302_nucleo_ihm07m1.o
    0x0800403c   0x0800403c   0x0000000c   Code   RO          364    i.MC_SixStep_HF_TIMx_SetDutyCycle_CH2  stm32f302_nucleo_ihm07m1.o
    0x08004048   0x08004048   0x0000000c   Code   RO          365    i.MC_SixStep_HF_TIMx_SetDutyCycle_CH3  stm32f302_nucleo_ihm07m1.o
    0x08004054   0x08004054   0x00000044   Code   RO          614    i.MC_SixStep_INIT   6step_lib.o
    0x08004098   0x08004098   0x00000030   Code   RO          615    i.MC_SixStep_Init_main_data  6step_lib.o
    0x080040c8   0x080040c8   0x000000f8   Code   RO          616    i.MC_SixStep_NEXT_step  6step_lib.o
    0x080041c0   0x080041c0   0x00000094   Code   RO          366    i.MC_SixStep_Nucleo_Init  stm32f302_nucleo_ihm07m1.o
    0x08004254   0x08004254   0x00000158   Code   RO          617    i.MC_SixStep_RESET  6step_lib.o
    0x080043ac   0x080043ac   0x000000f4   Code   RO          618    i.MC_SixStep_Ramp_Motor_calc  6step_lib.o
    0x080044a0   0x080044a0   0x0000003c   Code   RO          368    i.MC_SixStep_Stop_PWM_driving  stm32f302_nucleo_ihm07m1.o
    0x080044dc   0x080044dc   0x00000154   Code   RO          619    i.MC_SixStep_TABLE  6step_lib.o
    0x08004630   0x08004630   0x00000090   Code   RO          620    i.MC_Speed_Filter   6step_lib.o
    0x080046c0   0x080046c0   0x00000044   Code   RO          621    i.MC_StartMotor     6step_lib.o
    0x08004704   0x08004704   0x00000060   Code   RO          622    i.MC_StopMotor      6step_lib.o
    0x08004764   0x08004764   0x000000a4   Code   RO          623    i.MC_SysTick_SixStep_MediumFrequencyTask  6step_lib.o
    0x08004808   0x08004808   0x00000020   Code   RO          624    i.MC_TIMx_SixStep_timebase  6step_lib.o
    0x08004828   0x08004828   0x00000084   Code   RO          625    i.MC_Task_Speed     6step_lib.o
    0x080048ac   0x080048ac   0x00000064   Code   RO            6    i.MX_ADC1_Init      main_f302.o
    0x08004910   0x08004910   0x000000c4   Code   RO            7    i.MX_GPIO_Init      main_f302.o
    0x080049d4   0x080049d4   0x00000104   Code   RO            8    i.MX_TIM1_Init      main_f302.o
    0x08004ad8   0x08004ad8   0x0000003c   Code   RO            9    i.MX_TIM6_Init      main_f302.o
    0x08004b14   0x08004b14   0x00000040   Code   RO           10    i.MX_USART3_UART_Init  main_f302.o
    0x08004b54   0x08004b54   0x00000020   Code   RO         1384    i.NVIC_SetPriority  stm32f3xx_hal_cortex.o
    0x08004b74   0x08004b74   0x0000005c   Code   RO          469    i.Read              onewire_hi4tech.o
    0x08004bd0   0x08004bd0   0x00000050   Code   RO          470    i.Read_Sequencer    onewire_hi4tech.o
    0x08004c20   0x08004c20   0x0000005c   Code   RO          471    i.Run_Sequencer     onewire_hi4tech.o
    0x08004c7c   0x08004c7c   0x00000024   Code   RO          472    i.Set_Pin_Input     onewire_hi4tech.o
    0x08004ca0   0x08004ca0   0x00000026   Code   RO          473    i.Set_Pin_Output    onewire_hi4tech.o
    0x08004cc6   0x08004cc6   0x00000002   PAD
    0x08004cc8   0x08004cc8   0x00000054   Code   RO          474    i.Start             onewire_hi4tech.o
    0x08004d1c   0x08004d1c   0x0000005c   Code   RO          475    i.Step_1            onewire_hi4tech.o
    0x08004d78   0x08004d78   0x00000064   Code   RO          476    i.Step_3            onewire_hi4tech.o
    0x08004ddc   0x08004ddc   0x0000000e   Code   RO          293    i.SysTick_Handler   stm32f3xx_it.o
    0x08004dea   0x08004dea   0x00000002   PAD
    0x08004dec   0x08004dec   0x00000084   Code   RO           11    i.SystemClock_Config  main_f302.o
    0x08004e70   0x08004e70   0x00000068   Code   RO          813    i.SystemInit        system_stm32f3xx.o
    0x08004ed8   0x08004ed8   0x00000002   Code   RO          294    i.TIM1_BRK_TIM15_IRQHandler  stm32f3xx_it.o
    0x08004eda   0x08004eda   0x00000002   PAD
    0x08004edc   0x08004edc   0x0000000c   Code   RO          295    i.TIM6_DAC_IRQHandler  stm32f3xx_it.o
    0x08004ee8   0x08004ee8   0x00000078   Code   RO         1785    i.TIM_Base_SetConfig  stm32f3xx_hal_tim.o
    0x08004f60   0x08004f60   0x00000016   Code   RO         1786    i.TIM_CCxChannelCmd  stm32f3xx_hal_tim.o
    0x08004f76   0x08004f76   0x00000016   Code   RO         2373    i.TIM_CCxNChannelCmd  stm32f3xx_hal_tim_ex.o
    0x08004f8c   0x08004f8c   0x00000014   Code   RO         1792    i.TIM_ETR_SetConfig  stm32f3xx_hal_tim.o
    0x08004fa0   0x08004fa0   0x00000010   Code   RO         1793    i.TIM_ITRx_SetConfig  stm32f3xx_hal_tim.o
    0x08004fb0   0x08004fb0   0x00000088   Code   RO         1794    i.TIM_OC1_SetConfig  stm32f3xx_hal_tim.o
    0x08005038   0x08005038   0x00000080   Code   RO         1795    i.TIM_OC2_SetConfig  stm32f3xx_hal_tim.o
    0x080050b8   0x080050b8   0x00000080   Code   RO         1796    i.TIM_OC3_SetConfig  stm32f3xx_hal_tim.o
    0x08005138   0x08005138   0x0000006c   Code   RO         1797    i.TIM_OC4_SetConfig  stm32f3xx_hal_tim.o
    0x080051a4   0x080051a4   0x00000064   Code   RO         2374    i.TIM_OC5_SetConfig  stm32f3xx_hal_tim_ex.o
    0x08005208   0x08005208   0x00000068   Code   RO         2375    i.TIM_OC6_SetConfig  stm32f3xx_hal_tim_ex.o
    0x08005270   0x08005270   0x00000022   Code   RO         1799    i.TIM_TI1_ConfigInputStage  stm32f3xx_hal_tim.o
    0x08005292   0x08005292   0x00000024   Code   RO         1801    i.TIM_TI2_ConfigInputStage  stm32f3xx_hal_tim.o
    0x080052b6   0x080052b6   0x000000c8   Code   RO         2645    i.UART_AdvFeatureConfig  stm32f3xx_hal_uart.o
    0x0800537e   0x0800537e   0x0000005c   Code   RO         2646    i.UART_CheckIdleState  stm32f3xx_hal_uart.o
    0x080053da   0x080053da   0x00000014   Code   RO         2647    i.UART_DMAAbortOnError  stm32f3xx_hal_uart.o
    0x080053ee   0x080053ee   0x0000001c   Code   RO         2657    i.UART_EndRxTransfer  stm32f3xx_hal_uart.o
    0x0800540a   0x0800540a   0x0000001a   Code   RO         2658    i.UART_EndTransmit_IT  stm32f3xx_hal_uart.o
    0x08005424   0x08005424   0x00000076   Code   RO         2660    i.UART_Receive_IT   stm32f3xx_hal_uart.o
    0x0800549a   0x0800549a   0x00000002   PAD
    0x0800549c   0x0800549c   0x0000014c   Code   RO         2661    i.UART_SetConfig    stm32f3xx_hal_uart.o
    0x080055e8   0x080055e8   0x00000064   Code   RO         2662    i.UART_Transmit_IT  stm32f3xx_hal_uart.o
    0x0800564c   0x0800564c   0x00000064   Code   RO         2663    i.UART_WaitOnFlagUntilTimeout  stm32f3xx_hal_uart.o
    0x080056b0   0x080056b0   0x0000000c   Code   RO          296    i.USART3_IRQHandler  stm32f3xx_it.o
    0x080056bc   0x080056bc   0x00000070   Code   RO          478    i.Write             onewire_hi4tech.o
    0x0800572c   0x0800572c   0x00000088   Code   RO          479    i.Write_Sequencer   onewire_hi4tech.o
    0x080057b4   0x080057b4   0x00000030   Code   RO         3407    i.__ARM_fpclassify  m_wm.l(fpclassify.o)
    0x080057e4   0x080057e4   0x00000026   Code   RO         3325    i.__ARM_fpclassifyf  m_wm.l(fpclassifyf.o)
    0x0800580a   0x0800580a   0x00000002   PAD
    0x0800580c   0x0800580c   0x00000150   Code   RO         3232    i.__hardfp_cosf     m_wm.l(cosf.o)
    0x0800595c   0x0800595c   0x00000104   Code   RO         3244    i.__hardfp_fmod     m_wm.l(fmod.o)
    0x08005a60   0x08005a60   0x00000664   Code   RO         3256    i.__hardfp_powf     m_wm.l(powf.o)
    0x080060c4   0x080060c4   0x00000190   Code   RO         3270    i.__hardfp_sinf     m_wm.l(sinf.o)
    0x08006254   0x08006254   0x00000004   PAD
    0x08006258   0x08006258   0x00000020   Code   RO         3314    i.__mathlib_dbl_invalid  m_wm.l(dunder.o)
    0x08006278   0x08006278   0x00000014   Code   RO         3327    i.__mathlib_flt_divzero  m_wm.l(funder.o)
    0x0800628c   0x0800628c   0x00000006   Code   RO         3328    i.__mathlib_flt_infnan  m_wm.l(funder.o)
    0x08006292   0x08006292   0x00000006   Code   RO         3329    i.__mathlib_flt_infnan2  m_wm.l(funder.o)
    0x08006298   0x08006298   0x00000010   Code   RO         3330    i.__mathlib_flt_invalid  m_wm.l(funder.o)
    0x080062a8   0x080062a8   0x00000010   Code   RO         3331    i.__mathlib_flt_overflow  m_wm.l(funder.o)
    0x080062b8   0x080062b8   0x00000010   Code   RO         3333    i.__mathlib_flt_underflow  m_wm.l(funder.o)
    0x080062c8   0x080062c8   0x00000154   Code   RO         3341    i.__mathlib_rredf2  m_wm.l(rredf.o)
    0x0800641c   0x0800641c   0x0000002e   Code   RO          440    i.getScoreSquare    freqanalysis.o
    0x0800644a   0x0800644a   0x00000002   PAD
    0x0800644c   0x0800644c   0x00000044   Code   RO          441    i.initAnaliser      freqanalysis.o
    0x08006490   0x08006490   0x00000038   Code   RO          480    i.init_OW           onewire_hi4tech.o
    0x080064c8   0x080064c8   0x000001bc   Code   RO           13    i.main              main_f302.o
    0x08006684   0x08006684   0x000000a8   Code   RO          442    i.processSet        freqanalysis.o
    0x0800672c   0x0800672c   0x0000002c   Code   RO          481    i.run_OW            onewire_hi4tech.o
    0x08006758   0x08006758   0x00000048   Code   RO          482    i.set2SPI           onewire_hi4tech.o
    0x080067a0   0x080067a0   0x00000044   Code   RO          483    i.us_delay          onewire_hi4tech.o
    0x080067e4   0x080067e4   0x0000002c   Code   RO         3403    locale$$code        c_w.l(lc_numeric_c.o)
    0x08006810   0x08006810   0x00000062   Code   RO         3216    x$fpl$d2f           fz_wm.l(d2f.o)
    0x08006872   0x08006872   0x00000002   PAD
    0x08006874   0x08006874   0x00000150   Code   RO         3218    x$fpl$dadd          fz_wm.l(daddsub_clz.o)
    0x080069c4   0x080069c4   0x000002b0   Code   RO         3225    x$fpl$ddiv          fz_wm.l(ddiv.o)
    0x08006c74   0x08006c74   0x0000009c   Code   RO         3298    x$fpl$dnaninf       fz_wm.l(dnaninf.o)
    0x08006d10   0x08006d10   0x00000150   Code   RO         3300    x$fpl$drem          fz_wm.l(drem_clz.o)
    0x08006e60   0x08006e60   0x0000000c   Code   RO         3302    x$fpl$dretinf       fz_wm.l(dretinf.o)
    0x08006e6c   0x08006e6c   0x00000016   Code   RO         3219    x$fpl$drsb          fz_wm.l(daddsub_clz.o)
    0x08006e82   0x08006e82   0x00000002   PAD
    0x08006e84   0x08006e84   0x000001d4   Code   RO         3220    x$fpl$dsub          fz_wm.l(daddsub_clz.o)
    0x08007058   0x08007058   0x00000056   Code   RO         3228    x$fpl$f2d           fz_wm.l(f2d.o)
    0x080070ae   0x080070ae   0x0000008c   Code   RO         3304    x$fpl$fnaninf       fz_wm.l(fnaninf.o)
    0x0800713a   0x0800713a   0x0000000a   Code   RO         3483    x$fpl$fpinit        fz_wm.l(fpinit.o)
    0x08007144   0x08007144   0x0000000a   Code   RO         3306    x$fpl$fretinf       fz_wm.l(fretinf.o)
    0x0800714e   0x0800714e   0x00000004   Code   RO         3230    x$fpl$printf1       fz_wm.l(printf1.o)
    0x08007152   0x08007152   0x00000000   Code   RO         3310    x$fpl$usenofp       fz_wm.l(usenofp.o)
    0x08007152   0x08007152   0x00000010   Data   RO          814    .constdata          system_stm32f3xx.o
    0x08007162   0x08007162   0x00000008   Data   RO          815    .constdata          system_stm32f3xx.o
    0x0800716a   0x0800716a   0x00000020   Data   RO         1566    .constdata          stm32f3xx_hal_rcc.o
    0x0800718a   0x0800718a   0x00000002   PAD
    0x0800718c   0x0800718c   0x00000140   Data   RO         3259    .constdata          m_wm.l(powf.o)
    0x080072cc   0x080072cc   0x00000020   Data   RO         3342    .constdata          m_wm.l(rredf.o)
    0x080072ec   0x080072ec   0x00000094   Data   RO         3378    .constdata          c_w.l(bigflt0.o)
    0x08007380   0x08007380   0x00000020   Data   RO         3552    Region$$Table       anon$$obj.o
    0x080073a0   0x080073a0   0x0000001c   Data   RO         3402    locale$$data        c_w.l(lc_numeric_c.o)


    Execution Region RW_IRAM1 (Exec base: 0x20000000, Load base: 0x080073bc, Size: 0x000009b8, Max: 0x00004000, ABSOLUTE)

    Exec Addr    Load Addr    Size         Type   Attr      Idx    E Section Name        Object

    0x20000000   0x080073bc   0x00000002   Data   RW           15    .data               main_f302.o
    0x20000002   0x080073be   0x00000002   Data   RW          485    .data               onewire_hi4tech.o
    0x20000004   0x080073c0   0x00000004   PAD
    0x20000008   0x080073c4   0x00000068   Data   RW          628    .data               6step_lib.o
    0x20000070   0x0800742c   0x00000004   Data   RW          816    .data               system_stm32f3xx.o
    0x20000074   0x08007430   0x00000004   Data   RW          869    .data               stm32f3xx_hal.o
    0x20000078        -       0x00000194   Zero   RW           14    .bss                main_f302.o
    0x2000020c        -       0x00000064   Zero   RW          484    .bss                onewire_hi4tech.o
    0x20000270        -       0x000000e4   Zero   RW          626    .bss                6step_lib.o
    0x20000354        -       0x00000060   Zero   RW         3410    .bss                c_w.l(libspace.o)
    0x200003b4   0x08007434   0x00000004   PAD
    0x200003b8        -       0x00000200   Zero   RW          589    HEAP                startup_stm32f302x8.o
    0x200005b8        -       0x00000400   Zero   RW          588    STACK               startup_stm32f302x8.o


==============================================================================

Image component sizes


      Code (inc. data)   RO Data    RW Data    ZI Data      Debug   Object Name

      3096        320          0        104        228      19631   6step_lib.o
       282         16          0          0          0       2349   freqanalysis.o
      1420        192          0          2        404     554075   main_f302.o
      1362         86          0          2        100      11217   onewire_hi4tech.o
        64         26        392          0       1536        824   startup_stm32f302x8.o
       816         52          0          0          0       6681   stm32f302_nucleo_ihm07m1.o
        98         10          0          4          0       2783   stm32f3xx_hal.o
         4          0          0          0          0       1531   stm32f3xx_hal_adc.o
      2390         54          0          0          0      11871   stm32f3xx_hal_adc_ex.o
       226         14          0          0          0      30058   stm32f3xx_hal_cortex.o
        74          0          0          0          0       1151   stm32f3xx_hal_dma.o
       436         32          0          0          0       4343   stm32f3xx_hal_gpio.o
       612         62          0          0          0       3952   stm32f3xx_hal_msp.o
      2052         80         32          0          0       6404   stm32f3xx_hal_rcc.o
       500         14          0          0          0       1592   stm32f3xx_hal_rcc_ex.o
      1730        138          0          0          0      17204   stm32f3xx_hal_tim.o
      1114         50          0          0          0       9022   stm32f3xx_hal_tim_ex.o
      1628         54          0          0          0      12363   stm32f3xx_hal_uart.o
         2          0          0          0          0        956   stm32f3xx_hal_uart_ex.o
        64         18          0          0          0       3416   stm32f3xx_it.o
       104         22         24          4          0       1439   system_stm32f3xx.o

    ----------------------------------------------------------------------
     18100       1240        482        120       2268     702862   Object Totals
         0          0         32          0          0          0   (incl. Generated)
        26          0          2          4          0          0   (incl. Padding)

    ----------------------------------------------------------------------

      Code (inc. data)   RO Data    RW Data    ZI Data      Debug   Library Member Name

        44          6          0          0          0         84   __2sprintf.o
         8          0          0          0          0         68   __main.o
       104          0          0          0          0         84   __printf.o
         0          0          0          0          0          0   __rtentry.o
        12          0          0          0          0          0   __rtentry2.o
         6          0          0          0          0          0   __rtentry4.o
        52          8          0          0          0          0   __scatter.o
        26          0          0          0          0          0   __scatter_copy.o
        28          0          0          0          0          0   __scatter_zi.o
        48          6          0          0          0         96   _printf_char_common.o
         6          0          0          0          0          0   _printf_d.o
       120         16          0          0          0         92   _printf_dec.o
         6          0          0          0          0          0   _printf_f.o
      1054          0          0          0          0        216   _printf_fp_dec.o
       128         16          0          0          0         84   _printf_fp_infnan.o
       178          0          0          0          0         88   _printf_intcommon.o
         0          0          0          0          0          0   _printf_percent.o
         4          0          0          0          0          0   _printf_percent_end.o
        22          0          0          0          0        100   _rserrno.o
        10          0          0          0          0         68   _sputc.o
       228          4        148          0          0         96   bigflt0.o
      1936        128          0          0          0        672   btod.o
        18          0          0          0          0         80   exit.o
         6          0          0          0          0        152   heapauxi.o
         0          0          0          0          0          0   indicate_semi.o
        44         10         28          0          0         76   lc_numeric_c.o
         2          0          0          0          0          0   libinit.o
        22          0          0          0          0          0   libinit2.o
         2          0          0          0          0          0   libshutdown.o
         2          0          0          0          0          0   libshutdown2.o
         8          4          0          0         96         68   libspace.o
        38          0          0          0          0         68   llshl.o
       138          0          0          0          0         80   lludiv10.o
       238          0          0          0          0        100   lludivv7m.o
         8          4          0          0          0         68   rt_errno_addr_intlibspace.o
         8          4          0          0          0         68   rt_locale_intlibspace.o
        78          0          0          0          0         80   rt_memclr_w.o
       100          0          0          0          0         80   rt_memcpy_w.o
         2          0          0          0          0          0   rtexit.o
        10          0          0          0          0          0   rtexit2.o
       128          0          0          0          0         68   strcmpv7m.o
        12          4          0          0          0         68   sys_exit.o
        74          0          0          0          0         80   sys_stackheap_outer.o
         2          0          0          0          0         68   use_no_semi.o
        98          4          0          0          0        140   d2f.o
       826         16          0          0          0        492   daddsub_clz.o
       688        140          0          0          0        256   ddiv.o
       156          4          0          0          0        140   dnaninf.o
       336         12          0          0          0        136   drem_clz.o
        12          0          0          0          0        116   dretinf.o
        86          4          0          0          0        132   f2d.o
       140          4          0          0          0        132   fnaninf.o
        10          0          0          0          0        116   fpinit.o
        10          0          0          0          0        116   fretinf.o
         4          0          0          0          0        116   printf1.o
         0          0          0          0          0          0   usenofp.o
       336         56          0          0          0        136   cosf.o
        32          8          0          0          0        124   dunder.o
       260          6          0          0          0        144   fmod.o
        48          0          0          0          0        124   fpclassify.o
        38          0          0          0          0        116   fpclassifyf.o
        80         24          0          0          0        696   funder.o
      1636        110        320          0          0        372   powf.o
       340         24         32          0          0        160   rredf.o
       400         56          0          0          0        212   sinf.o

    ----------------------------------------------------------------------
     10518        682        528          0        100       6928   Library Totals
        22          4          0          0          4          0   (incl. Padding)

    ----------------------------------------------------------------------

      Code (inc. data)   RO Data    RW Data    ZI Data      Debug   Library Name

      4960        210        176          0         96       2952   c_w.l
      2366        184          0          0          0       1892   fz_wm.l
      3170        284        352          0          0       2084   m_wm.l

    ----------------------------------------------------------------------
     10518        682        528          0        100       6928   Library Totals

    ----------------------------------------------------------------------

==============================================================================


      Code (inc. data)   RO Data    RW Data    ZI Data      Debug   

     28618       1922       1010        120       2368     689878   Grand Totals
     28618       1922       1010        120       2368     689878   ELF Image Totals
     28618       1922       1010        120          0          0   ROM Totals

==============================================================================

    Total RO  Size (Code + RO Data)                29628 (  28.93kB)
    Total RW  Size (RW Data + ZI Data)              2488 (   2.43kB)
    Total ROM Size (Code + RO Data + RW Data)      29748 (  29.05kB)

==============================================================================

